 untitled1_sfun

 Timestamp is 66261663 (Mon Apr 22 15:48:51 2024)

 Preferred load address is 0000000180000000

 Start         Length     Name                   Class
 0001:00000000 0001f0e0H .text$mn                CODE
 0001:0001f0e0 00000012H .text$mn$00             CODE
 0001:0001f0f2 00000081H .text$x                 CODE
 0002:00000000 00000550H .idata$5                DATA
 0002:00000550 00000010H .00cfg                  DATA
 0002:00000560 00000008H .CRT$XCA                DATA
 0002:00000568 00000008H .CRT$XCZ                DATA
 0002:00000570 00000008H .CRT$XIA                DATA
 0002:00000578 00000008H .CRT$XIZ                DATA
 0002:00000580 00000008H .CRT$XPA                DATA
 0002:00000588 00000008H .CRT$XPZ                DATA
 0002:00000590 00000008H .CRT$XTA                DATA
 0002:00000598 00000008H .CRT$XTZ                DATA
 0002:000005a0 00000000H .gfids$y                DATA
 0002:000005a0 00000340H .rdata                  DATA
 0002:000008e0 00000218H .rdata$zzzdbg           DATA
 0002:00000af8 00000008H .rtc$IAA                DATA
 0002:00000b00 00000008H .rtc$IZZ                DATA
 0002:00000b08 00000008H .rtc$TAA                DATA
 0002:00000b10 00000008H .rtc$TZZ                DATA
 0002:00000b18 00000a68H .xdata                  DATA
 0002:00001580 00000078H .edata                  DATA
 0002:000015f8 0000012cH .idata$2                DATA
 0002:00001724 00000014H .idata$3                DATA
 0002:00001738 00000550H .idata$4                DATA
 0002:00001c88 00000e84H .idata$6                DATA
 0003:00000000 00008d90H .data                   DATA
 0003:00008d90 00000b30H .bss                    DATA
 0004:00000000 00000c60H .pdata                  DATA

  Address         Publics by Value              Rva+Base               Lib:Object

 0000:00000000       ___safe_se_handler_count   0000000000000000     <absolute>
 0000:00000000       ___safe_se_handler_table   0000000000000000     <absolute>
 0000:00000000       __dynamic_value_reloc_table 0000000000000000     <absolute>
 0000:00000000       __guard_fids_table         0000000000000000     <absolute>
 0000:00000000       __hybrid_code_map          0000000000000000     <absolute>
 0000:00000000       __guard_iat_table          0000000000000000     <absolute>
 0000:00000000       __guard_iat_count          0000000000000000     <absolute>
 0000:00000000       __hybrid_code_map_count    0000000000000000     <absolute>
 0000:00000000       __guard_longjmp_count      0000000000000000     <absolute>
 0000:00000000       __guard_fids_count         0000000000000000     <absolute>
 0000:00000000       __volatile_metadata        0000000000000000     <absolute>
 0000:00000000       __hybrid_auxiliary_iat     0000000000000000     <absolute>
 0000:00000000       __guard_longjmp_table      0000000000000000     <absolute>
 0000:00000000       __enclave_config           0000000000000000     <absolute>
 0000:00000100       __guard_flags              0000000000000100     <absolute>
 0000:00000000       __ImageBase                0000000180000000     <linker-defined>
 0001:00000000       untitled1_initializer      0000000180001000 f   untitled1_sfun.obj
 0001:00000010       untitled1_terminator       0000000180001010 f   untitled1_sfun.obj
 0001:00000020       load_untitled1_optimization_info 0000000180001020 f   untitled1_sfun.obj
 0001:000000d0       unload_untitled1_optimization_info 00000001800010d0 f   untitled1_sfun.obj
 0001:00000100       sf_untitled1_method_dispatcher 0000000180001100 f   untitled1_sfun.obj
 0001:00000150       sf_untitled1_process_check_sum_call 0000000180001150 f   untitled1_sfun.obj
 0001:00000640       sf_untitled1_get_eml_resolved_functions_info 0000000180001640 f   untitled1_sfun.obj
 0001:00000820       sf_untitled1_third_party_uses_info 0000000180001820 f   untitled1_sfun.obj
 0001:000009f0       sf_untitled1_jit_fallback_info 00000001800019f0 f   untitled1_sfun.obj
 0001:00000bc0       sf_untitled1_get_post_codegen_info 0000000180001bc0 f   untitled1_sfun.obj
 0001:00000da0       sf_untitled1_updateBuildInfo_args_info 0000000180001da0 f   untitled1_sfun.obj
 0001:00000f70       untitled1_register_exported_symbols 0000000180001f70 f   untitled1_sfun.obj
 0001:00000f80       sf_c2_untitled1_get_eml_resolved_functions_info 0000000180001f80 f   c2_untitled1.obj
 0001:00001040       sf_c2_untitled1_get_check_sum 0000000180002040 f   c2_untitled1.obj
 0001:00001110       c2_untitled1_method_dispatcher 0000000180002110 f   c2_untitled1.obj
 0001:000130b0       sf_c2_untitled1_third_party_uses_info 00000001800140b0 f   c2_untitled1.obj
 0001:00013130       sf_c2_untitled1_jit_fallback_info 0000000180014130 f   c2_untitled1.obj
 0001:000132c0       sf_c2_untitled1_updateBuildInfo_args_info 00000001800142c0 f   c2_untitled1.obj
 0001:00013660       sf_c2_untitled1_get_post_codegen_info 0000000180014660 f   c2_untitled1.obj
 0001:00013b60       mexFunction                0000000180014b60 f   untitled1_sfun_registry.obj
 0001:00016340       _ssSetInputPortDirectFeedThroughFcn 0000000180017340 f   untitled1_sfun_registry.obj
 0001:000164b0       _ssSetRWorkValueFcn        00000001800174b0 f   untitled1_sfun_registry.obj
 0001:00016530       _ssGetRWorkValueFcn        0000000180017530 f   untitled1_sfun_registry.obj
 0001:000165a0       _ssSetIWorkValueFcn        00000001800175a0 f   untitled1_sfun_registry.obj
 0001:00016620       _ssGetIWorkValueFcn        0000000180017620 f   untitled1_sfun_registry.obj
 0001:00016690       _ssSetPWorkValueFcn        0000000180017690 f   untitled1_sfun_registry.obj
 0001:00016710       _ssGetPWorkValueFcn        0000000180017710 f   untitled1_sfun_registry.obj
 0001:00016780       _ssGetInputPortSignalFcn   0000000180017780 f   untitled1_sfun_registry.obj
 0001:00016b10       _ssGetInputPortBufferDstPortFcn 0000000180017b10 f   untitled1_sfun_registry.obj
 0001:00016b90       _ssGetInputPortSignalPtrsFcn 0000000180017b90 f   untitled1_sfun_registry.obj
 0001:00016f20       ssGetParameterTuningCompliance 0000000180017f20 f   untitled1_sfun_registry.obj
 0001:00016f90       ssGetDTypeIdFromMxArray    0000000180017f90 f   untitled1_sfun_registry.obj
 0001:000170b0       ssWriteRTWMx2dMatParam     00000001800180b0 f   untitled1_sfun_registry.obj
 0001:00017140       ssWriteRTWMxVectParam      0000000180018140 f   untitled1_sfun_registry.obj
 0001:000171c0       ssWriteRTWParameters       00000001800181c0 f   untitled1_sfun_registry.obj
 0001:00017780       ssWriteRTWParamSettings    0000000180018780 f   untitled1_sfun_registry.obj
 0001:00017e70       ssWriteRTWStr              0000000180018e70 f   untitled1_sfun_registry.obj
 0001:00017ed0       ssWriteRTWWorkVect         0000000180018ed0 f   untitled1_sfun_registry.obj
 0001:00018430       ssWarning                  0000000180019430 f   untitled1_sfun_registry.obj
 0001:00018520       ssWriteRTWNameValuePair    0000000180019520 f   untitled1_sfun_registry.obj
 0001:00018a20       _ssSetInputPortMatrixDimensions 0000000180019a20 f   untitled1_sfun_registry.obj
 0001:00018b40       _ssSetOutputPortMatrixDimensions 0000000180019b40 f   untitled1_sfun_registry.obj
 0001:00018c60       _ssSetInputPortVectorDimension 0000000180019c60 f   untitled1_sfun_registry.obj
 0001:00018d10       _ssSetOutputPortVectorDimension 0000000180019d10 f   untitled1_sfun_registry.obj
 0001:00018dc0       ssIsRunTimeParamTunable    0000000180019dc0 f   untitled1_sfun_registry.obj
 0001:00018e30       ssGetSFuncBlockHandle      0000000180019e30 f   untitled1_sfun_registry.obj
 0001:00018ea0       _ssGetCurrentInputPortWidth 0000000180019ea0 f   untitled1_sfun_registry.obj
 0001:00018fe0       _ssGetCurrentOutputPortWidth 0000000180019fe0 f   untitled1_sfun_registry.obj
 0001:00019120       _ssGetCallSystemNumFcnCallDestinations 000000018001a120 f   untitled1_sfun_registry.obj
 0001:00019190       ssGetIsZeroCrossControlDisabled 000000018001a190 f   untitled1_sfun_registry.obj
 0001:00019200       ssSetIsInputPortUsedForContZcSignal 000000018001a200 f   untitled1_sfun_registry.obj
 0001:00019270       ssSetZcSignalIsZcElementDisc 000000018001a270 f   untitled1_sfun_registry.obj
 0001:00019320       ssSetZcSignalName          000000018001a320 f   untitled1_sfun_registry.obj
 0001:00019390       ssSetZcSignalWidth         000000018001a390 f   untitled1_sfun_registry.obj
 0001:00019400       ssSetZcSignalZcEventType   000000018001a400 f   untitled1_sfun_registry.obj
 0001:00019470       ssSetZcSignalType          000000018001a470 f   untitled1_sfun_registry.obj
 0001:000194e0       ssSetZcSignalZcTol         000000018001a4e0 f   untitled1_sfun_registry.obj
 0001:00019550       ssSetZcSignalNeedsEventNotification 000000018001a550 f   untitled1_sfun_registry.obj
 0001:000195c0       ssCreateAndAddZcSignalInfo 000000018001a5c0 f   untitled1_sfun_registry.obj
 0001:00019630       ssCloneAndAddZcSignalInfo  000000018001a630 f   untitled1_sfun_registry.obj
 0001:000196a0       ssGetNumZcSignals          000000018001a6a0 f   untitled1_sfun_registry.obj
 0001:00019710       ssGetZcSignalVector        000000018001a710 f   untitled1_sfun_registry.obj
 0001:00019780       ssGetZcSignalName          000000018001a780 f   untitled1_sfun_registry.obj
 0001:000197f0       ssGetZcSignalWidth         000000018001a7f0 f   untitled1_sfun_registry.obj
 0001:00019860       ssGetZcSignalZcEventType   000000018001a860 f   untitled1_sfun_registry.obj
 0001:000198d0       ssGetZcSignalZcEvents      000000018001a8d0 f   untitled1_sfun_registry.obj
 0001:00019940       ssGetZcSignalType          000000018001a940 f   untitled1_sfun_registry.obj
 0001:000199b0       ssGetZcSignalZcTol         000000018001a9b0 f   untitled1_sfun_registry.obj
 0001:00019a30       ssGetZcSignalNeedsEventNotification 000000018001aa30 f   untitled1_sfun_registry.obj
 0001:00019aa0       ssGetZcSignalIsZcElementDisc 000000018001aaa0 f   untitled1_sfun_registry.obj
 0001:00019b40       ssGetIsInputPortElementContinuous 000000018001ab40 f   untitled1_sfun_registry.obj
 0001:00019be0       _ssGetAbsTol               000000018001abe0 f   untitled1_sfun_registry.obj
 0001:00019c50       _ssSetStateAbsTol          000000018001ac50 f   untitled1_sfun_registry.obj
 0001:00019d30       _ssSetInputPortReusableFcn 000000018001ad30 f   untitled1_sfun_registry.obj
 0001:00019e30       _ssSetOutputPortReusableFcn 000000018001ae30 f   untitled1_sfun_registry.obj
 0001:00019f30       _ssSetSymbolicDimsSupport  000000018001af30 f   untitled1_sfun_registry.obj
 0001:00019fa0       _ssRegisterSymbolicDimsExpr 000000018001afa0 f   untitled1_sfun_registry.obj
 0001:0001a020       _ssRegisterSymbolicDims    000000018001b020 f   untitled1_sfun_registry.obj
 0001:0001a0c0       _ssRegisterSymbolicDimsString 000000018001b0c0 f   untitled1_sfun_registry.obj
 0001:0001a140       _ssRegisterSymbolicDimsIntValue 000000018001b140 f   untitled1_sfun_registry.obj
 0001:0001a1b0       _ssRegisterSymbolicDimsPlus 000000018001b1b0 f   untitled1_sfun_registry.obj
 0001:0001a230       _ssRegisterSymbolicDimsMinus 000000018001b230 f   untitled1_sfun_registry.obj
 0001:0001a2b0       _ssRegisterSymbolicDimsMultiply 000000018001b2b0 f   untitled1_sfun_registry.obj
 0001:0001a330       _ssRegisterSymbolicDimsDivide 000000018001b330 f   untitled1_sfun_registry.obj
 0001:0001a3b0       _ssGetNumSymbolicDims      000000018001b3b0 f   untitled1_sfun_registry.obj
 0001:0001a420       _ssGetSymbolicDim          000000018001b420 f   untitled1_sfun_registry.obj
 0001:0001a4a0       _ssSetInputPortSymbolicDimsId 000000018001b4a0 f   untitled1_sfun_registry.obj
 0001:0001a510       _ssGetCompInputPortSymbolicDimsId 000000018001b510 f   untitled1_sfun_registry.obj
 0001:0001a580       _ssSetCompInputPortSymbolicDimsId 000000018001b580 f   untitled1_sfun_registry.obj
 0001:0001a5f0       _ssSetOutputPortSymbolicDimsId 000000018001b5f0 f   untitled1_sfun_registry.obj
 0001:0001a660       _ssGetCompOutputPortSymbolicDimsId 000000018001b660 f   untitled1_sfun_registry.obj
 0001:0001a6d0       _ssSetCompOutputPortSymbolicDimsId 000000018001b6d0 f   untitled1_sfun_registry.obj
 0001:0001a740       _ssSetCompDWorkSymbolicDimsId 000000018001b740 f   untitled1_sfun_registry.obj
 0001:0001a7b0       sf_process_check_sum_call  000000018001b7b0 f   untitled1_sfun_registry.obj
 0001:0001a800       sf_process_get_third_party_uses_info_call 000000018001b800 f   untitled1_sfun_registry.obj
 0001:0001aa30       sf_process_get_jit_fallback_info_call 000000018001ba30 f   untitled1_sfun_registry.obj
 0001:0001ac60       sf_process_get_post_codegen_info_call 000000018001bc60 f   untitled1_sfun_registry.obj
 0001:0001ae90       sf_process_get_updateBuildInfo_args_info_call 000000018001be90 f   untitled1_sfun_registry.obj
 0001:0001b0c0       sf_process_get_eml_resolved_functions_info_call 000000018001c0c0 f   untitled1_sfun_registry.obj
 0001:0001b2f0       sf_mex_unlock_call         000000018001c2f0 f   untitled1_sfun_registry.obj
 0001:0001b510       sf_machine_global_initializer_called 000000018001c510 f   untitled1_sfun_registry.obj
 0001:0001b540       sf_machine_global_method_dispatcher 000000018001c540 f   untitled1_sfun_registry.obj
 0001:0001b5a0       sf_machine_global_terminator 000000018001c5a0 f   untitled1_sfun_registry.obj
 0001:0001b5d0       sf_register_machine_exported_symbols 000000018001c5d0 f   untitled1_sfun_registry.obj
 0001:0001b5f0       callCustomFcn              000000018001c5f0 f   untitled1_sfun_registry.obj
 0001:0001b600       sf_machine_global_initializer 000000018001c600 f   untitled1_sfun_registry.obj
 0001:0001b670       mdlGetSimState             000000018001c670 f   untitled1_sfun_registry.obj
 0001:0001b6b0       mdlSetSimState             000000018001c6b0 f   untitled1_sfun_registry.obj
 0001:0001c000       ProcessMexSfunctionEveryCall 000000018001d000 f   untitled1_sfun_registry.obj
 0001:0001d180       __local_stdio_printf_options 000000018001e180 f i untitled1_sfun_registry.obj
 0001:0001d190       _vsnprintf_l               000000018001e190 f i untitled1_sfun_registry.obj
 0001:0001d210       _vsprintf_l                000000018001e210 f i untitled1_sfun_registry.obj
 0001:0001d260       sprintf                    000000018001e260 f i untitled1_sfun_registry.obj
 0001:0001d2b0       mexfilerequiredapiversion  000000018001e2b0 f   c_mexapi_version.obj
 0001:0001d2e0       getBitfieldFromFloat       000000018001e2e0 f   half_type.obj
 0001:0001d310       getFloatFromBitfield       000000018001e310 f   half_type.obj
 0001:0001d340       getBitfieldFromHalf        000000018001e340 f   half_type.obj
 0001:0001d360       getHalfFromBitfield        000000018001e360 f   half_type.obj
 0001:0001d390       halfToFloat                000000018001e390 f   half_type.obj
 0001:0001d440       halfToDouble               000000018001e440 f   half_type.obj
 0001:0001d470       floatToHalf                000000018001e470 f   half_type.obj
 0001:0001d6d0       doubleToHalf               000000018001e6d0 f   half_type.obj
 0001:0001d9bd       ippfilter_real64           000000018001e9bd f   libmwippfilter:libmwippfilter.dll
 0001:0001d9c3       imfilter_real64            000000018001e9c3 f   libmwimfilter:libmwimfilter.dll
 0001:0001d9c9       sf_load_rtw_optimization_info 000000018001e9c9 f   sf_runtime:sf_runtime.dll
 0001:0001d9cf       sf_mex_decode              000000018001e9cf f   sf_runtime:sf_runtime.dll
 0001:0001d9d5       sf_init_ChartRunTimeInfo   000000018001e9d5 f   sf_runtime:sf_runtime.dll
 0001:0001d9db       sf_free_ChartRunTimeInfo   000000018001e9db f   sf_runtime:sf_runtime.dll
 0001:0001d9e1       sfrtGetEmlrtCtx            000000018001e9e1 f   sf_runtime:sf_runtime.dll
 0001:0001d9e7       sfrtGetCovrtInstance       000000018001e9e7 f   sf_runtime:sf_runtime.dll
 0001:0001d9ed       sf_get_chart_instance_ptr  000000018001e9ed f   sf_runtime:sf_runtime.dll
 0001:0001d9f3       sim_mode_is_rtw_gen        000000018001e9f3 f   sf_runtime:sf_runtime.dll
 0001:0001d9f9       sim_mode_is_external       000000018001e9f9 f   sf_runtime:sf_runtime.dll
 0001:0001d9ff       sf_mex_listen_for_ctrl_c   000000018001e9ff f   sf_runtime:sf_runtime.dll
 0001:0001da05       sf_clear_rtw_identifier    000000018001ea05 f   sf_runtime:sf_runtime.dll
 0001:0001da0b       sf_get_time                000000018001ea0b f   sf_runtime:sf_runtime.dll
 0001:0001da11       sfDoAnimationWrapper       000000018001ea11 f   sf_runtime:sf_runtime.dll
 0001:0001da17       setDataBrowseFcn           000000018001ea17 f   sf_runtime:sf_runtime.dll
 0001:0001da1d       setLegacyDebuggerFlag      000000018001ea1d f   sf_runtime:sf_runtime.dll
 0001:0001da23       setDebuggerFlag            000000018001ea23 f   sf_runtime:sf_runtime.dll
 0001:0001da29       sf_warn_if_symbolic_dimension_param_changed 000000018001ea29 f   sf_runtime:sf_runtime.dll
 0001:0001da2f       sf_set_work_widths         000000018001ea2f f   sf_runtime:sf_runtime.dll
 0001:0001da35       sfListenerCacheSimStruct   000000018001ea35 f   sf_runtime:sf_runtime.dll
 0001:0001da3b       sfListenerLightTerminate   000000018001ea3b f   sf_runtime:sf_runtime.dll
 0001:0001da41       sfListenerInitializeRuntimeVars 000000018001ea41 f   sf_runtime:sf_runtime.dll
 0001:0001da47       sf_mex_call                000000018001ea47 f   sf_runtime:sf_runtime.dll
 0001:0001da4d       sf_mex_error_message       000000018001ea4d f   sf_runtime:sf_runtime.dll
 0001:0001da53       sf_mex_create              000000018001ea53 f   sf_runtime:sf_runtime.dll
 0001:0001da59       sf_mex_createcellmatrix    000000018001ea59 f   sf_runtime:sf_runtime.dll
 0001:0001da5f       sf_mex_setcell             000000018001ea5f f   sf_runtime:sf_runtime.dll
 0001:0001da65       sf_mex_getcell             000000018001ea65 f   sf_runtime:sf_runtime.dll
 0001:0001da6b       sf_mex_assign              000000018001ea6b f   sf_runtime:sf_runtime.dll
 0001:0001da71       sf_mex_dup                 000000018001ea71 f   sf_runtime:sf_runtime.dll
 0001:0001da77       sf_mex_destroy             000000018001ea77 f   sf_runtime:sf_runtime.dll
 0001:0001da7d       sf_mex_import              000000018001ea7d f   sf_runtime:sf_runtime.dll
 0001:0001da83       ssGetInputPortSignal_wrapper 000000018001ea83 f   sf_runtime:sf_runtime.dll
 0001:0001da89       ssGetOutputPortSignal_wrapper 000000018001ea89 f   sf_runtime:sf_runtime.dll
 0001:0001da8f       sf_data_saturate_error     000000018001ea8f f   sf_runtime:sf_runtime.dll
 0001:0001da95       sf_get_ChartInfoStruct_CodeGen 000000018001ea95 f   sf_runtime:sf_runtime.dll
 0001:0001da9b       sf_get_hasSeparateUpdateOutputs 000000018001ea9b f   sf_runtime:sf_runtime.dll
 0001:0001daa1       callMdlMethodAndReportError 000000018001eaa1 f   sf_runtime:sf_runtime.dll
 0001:0001daa7       call_sf_machine_global_method_dispatcher 000000018001eaa7 f   sf_runtime:sf_runtime.dll
 0001:0001daad       getRuntimeInstanceInfoAsVoid 000000018001eaad f   sf_runtime:sf_runtime.dll
 0001:0001dab3       sf_mex_error_direct_call   000000018001eab3 f   sf_runtime:sf_runtime.dll
 0001:0001dab9       sf_clear_error_manager_info 000000018001eab9 f   sf_runtime:sf_runtime.dll
 0001:0001dabf       mxIsChar_800               000000018001eabf f   libmx:libmx.dll
 0001:0001dac5       mxGetScalar_800            000000018001eac5 f   libmx:libmx.dll
 0001:0001dacb       mxGetPr_800                000000018001eacb f   libmx:libmx.dll
 0001:0001dad1       mxDestroyArray_800         000000018001ead1 f   libmx:libmx.dll
 0001:0001dad7       mxCreateDoubleMatrix_800   000000018001ead7 f   libmx:libmx.dll
 0001:0001dadd       mxGetString_800            000000018001eadd f   libmx:libmx.dll
 0001:0001dae3       mxDuplicateArray_800       000000018001eae3 f   libmx:libmx.dll
 0001:0001dae9       mxSetCell_800              000000018001eae9 f   libmx:libmx.dll
 0001:0001daef       mxSetField_800             000000018001eaef f   libmx:libmx.dll
 0001:0001daf5       mxCreateString_800         000000018001eaf5 f   libmx:libmx.dll
 0001:0001dafb       mxCreateCellMatrix_800     000000018001eafb f   libmx:libmx.dll
 0001:0001db01       mxCreateStructMatrix_800   000000018001eb01 f   libmx:libmx.dll
 0001:0001db07       mxGetNaN_800               000000018001eb07 f   libmx:libmx.dll
 0001:0001db0d       mxCalloc_800               000000018001eb0d f   libmx:libmx.dll
 0001:0001db13       mxGetM_800                 000000018001eb13 f   libmx:libmx.dll
 0001:0001db19       mxGetClassID_800           000000018001eb19 f   libmx:libmx.dll
 0001:0001db1f       mxIsNumeric_800            000000018001eb1f f   libmx:libmx.dll
 0001:0001db25       mxIsComplex_800            000000018001eb25 f   libmx:libmx.dll
 0001:0001db2b       mxGetN_800                 000000018001eb2b f   libmx:libmx.dll
 0001:0001db31       mxCreateDoubleScalar_800   000000018001eb31 f   libmx:libmx.dll
 0001:0001db37       mexMakeArrayPersistent_800 000000018001eb37 f   libmex:libmex.dll
 0001:0001db3d       mexErrMsgTxt_800           000000018001eb3d f   libmex:libmex.dll
 0001:0001db43       mexWarnMsgTxt_800          000000018001eb43 f   libmex:libmex.dll
 0001:0001db49       mexCallMATLAB_800          000000018001eb49 f   libmex:libmex.dll
 0001:0001db4f       mexLock_800                000000018001eb4f f   libmex:libmex.dll
 0001:0001db55       mexUnlock_800              000000018001eb55 f   libmex:libmex.dll
 0001:0001db5b       mexIsLocked_800            000000018001eb5b f   libmex:libmex.dll
 0001:0001db61       utMalloc                   000000018001eb61 f   libut:libut.dll
 0001:0001db67       utFree                     000000018001eb67 f   libut:libut.dll
 0001:0001db6d       muDoubleScalarAbs          000000018001eb6d f   libmwmathutil:libmwmathutil.dll
 0001:0001db73       muDoubleScalarFloor        000000018001eb73 f   libmwmathutil:libmwmathutil.dll
 0001:0001db79       muDoubleScalarRound        000000018001eb79 f   libmwmathutil:libmwmathutil.dll
 0001:0001db7f       muDoubleScalarCos          000000018001eb7f f   libmwmathutil:libmwmathutil.dll
 0001:0001db85       muDoubleScalarExp          000000018001eb85 f   libmwmathutil:libmwmathutil.dll
 0001:0001db8b       muDoubleScalarLog          000000018001eb8b f   libmwmathutil:libmwmathutil.dll
 0001:0001db91       muDoubleScalarPower        000000018001eb91 f   libmwmathutil:libmwmathutil.dll
 0001:0001db97       muDoubleScalarSin          000000018001eb97 f   libmwmathutil:libmwmathutil.dll
 0001:0001db9d       muDoubleScalarSqrt         000000018001eb9d f   libmwmathutil:libmwmathutil.dll
 0001:0001dba3       muDoubleScalarRem          000000018001eba3 f   libmwmathutil:libmwmathutil.dll
 0001:0001dba9       muDoubleScalarIsNaN        000000018001eba9 f   libmwmathutil:libmwmathutil.dll
 0001:0001dbaf       muDoubleScalarIsInf        000000018001ebaf f   libmwmathutil:libmwmathutil.dll
 0001:0001dbb5       emlrtLicenseCheckR2012b    000000018001ebb5 f   libemlrt:libemlrt.dll
 0001:0001dbbb       emlrtDynamicBoundsCheckR2012b 000000018001ebbb f   libemlrt:libemlrt.dll
 0001:0001dbc1       emlrtSizeMulR2012b         000000018001ebc1 f   libemlrt:libemlrt.dll
 0001:0001dbc7       emlrtIntegerCheckR2012b    000000018001ebc7 f   libemlrt:libemlrt.dll
 0001:0001dbcd       emlrtMallocMex             000000018001ebcd f   libemlrt:libemlrt.dll
 0001:0001dbd3       emlrtCallocMex             000000018001ebd3 f   libemlrt:libemlrt.dll
 0001:0001dbd9       emlrtFreeMex               000000018001ebd9 f   libemlrt:libemlrt.dll
 0001:0001dbdf       emlrtNameCaptureMxArrayR2016a 000000018001ebdf f   libemlrt:libemlrt.dll
 0001:0001dbe5       emlrtHeapAllocationErrorR2012b 000000018001ebe5 f   libemlrt:libemlrt.dll
 0001:0001dbeb       emlrtFFTW_1D_C2C           000000018001ebeb f   libemlrt:libemlrt.dll
 0001:0001dbf1       emlrtFFTW_1D_R2C           000000018001ebf1 f   libemlrt:libemlrt.dll
 0001:0001dbf7       emlrtFFTWSetNumThreads     000000018001ebf7 f   libemlrt:libemlrt.dll
 0001:0001dbfd       covrtCreateStateflowInstanceData 000000018001ebfd f   libcovrt:libcovrt.dll
 0001:0001dc03       covrtDeleteStateflowInstanceData 000000018001ec03 f   libcovrt:libcovrt.dll
 0001:0001dc09       covrtTransInitFcn          000000018001ec09 f   libcovrt:libcovrt.dll
 0001:0001dc0f       covrtStateInitFcn          000000018001ec0f f   libcovrt:libcovrt.dll
 0001:0001dc15       covrtChartInitFcn          000000018001ec15 f   libcovrt:libcovrt.dll
 0001:0001dc1b       covrtRelationalopUpdateFcn 000000018001ec1b f   libcovrt:libcovrt.dll
 0001:0001dc21       covrtSaturationUpdateFcn   000000018001ec21 f   libcovrt:libcovrt.dll
 0001:0001dc27       covrtSigUpdateFcn          000000018001ec27 f   libcovrt:libcovrt.dll
 0001:0001dc2d       covrtEmlInitFcn            000000018001ec2d f   libcovrt:libcovrt.dll
 0001:0001dc33       covrtEmlFcnInitFcn         000000018001ec33 f   libcovrt:libcovrt.dll
 0001:0001dc39       covrtEmlSaturationInitFcn  000000018001ec39 f   libcovrt:libcovrt.dll
 0001:0001dc3f       covrtEmlIfInitFcn          000000018001ec3f f   libcovrt:libcovrt.dll
 0001:0001dc45       covrtEmlForInitFcn         000000018001ec45 f   libcovrt:libcovrt.dll
 0001:0001dc4b       covrtEmlMCDCInitFcn        000000018001ec4b f   libcovrt:libcovrt.dll
 0001:0001dc51       covrtEmlRelationalInitFcn  000000018001ec51 f   libcovrt:libcovrt.dll
 0001:0001dc57       covrtEmlFcnEval            000000018001ec57 f   libcovrt:libcovrt.dll
 0001:0001dc5d       covrtEmlIfEval             000000018001ec5d f   libcovrt:libcovrt.dll
 0001:0001dc63       covrtEmlForEval            000000018001ec63 f   libcovrt:libcovrt.dll
 0001:0001dc69       covrtEmlCondEval           000000018001ec69 f   libcovrt:libcovrt.dll
 0001:0001dc6f       covrtEmlMcdcEval           000000018001ec6f f   libcovrt:libcovrt.dll
 0001:0001dc78       __raise_securityfailure    000000018001ec78 f   MSVCRT:gs_report.obj
 0001:0001dcac       __report_gsfailure         000000018001ecac f   MSVCRT:gs_report.obj
 0001:0001dd80       __report_rangecheckfailure 000000018001ed80 f   MSVCRT:gs_report.obj
 0001:0001dd94       __report_securityfailure   000000018001ed94 f   MSVCRT:gs_report.obj
 0001:0001de30       __report_securityfailureEx 000000018001ee30 f   MSVCRT:gs_report.obj
 0001:0001e024       __GSHandlerCheck           000000018001f024 f   MSVCRT:gshandler.obj
 0001:0001e044       __GSHandlerCheckCommon     000000018001f044 f   MSVCRT:gshandler.obj
 0001:0001e0b0       __security_check_cookie    000000018001f0b0 f   MSVCRT:amdsecgs.obj
 0001:0001e0f0       __chkstk                   000000018001f0f0 f   MSVCRT:chkstk.obj
 0001:0001e0f0       _alloca_probe              000000018001f0f0 f   MSVCRT:chkstk.obj
 0001:0001e490       _CRT_INIT                  000000018001f490 f   MSVCRT:dll_dllmain.obj
 0001:0001e498       _DllMainCRTStartup         000000018001f498 f   MSVCRT:dll_dllmain.obj
 0001:0001e544       __security_init_cookie     000000018001f544 f   MSVCRT:gs_support.obj
 0001:0001e5f0       DllMain                    000000018001f5f0 f   MSVCRT:dll_dllmain_stub.obj
 0001:0001e614       ?__scrt_initialize_type_info@@YAXXZ 000000018001f614 f   MSVCRT:tncleanup.obj
 0001:0001e624       ?__scrt_uninitialize_type_info@@YAXXZ 000000018001f624 f   MSVCRT:tncleanup.obj
 0001:0001e630       __local_stdio_scanf_options 000000018001f630 f i MSVCRT:default_local_stdio_options.obj
 0001:0001e638       __scrt_initialize_default_local_stdio_options 000000018001f638 f   MSVCRT:default_local_stdio_options.obj
 0001:0001e654       ??$__crt_fast_decode_pointer@PEAP6AXXZ@@YAPEAP6AXXZQEAP6AXXZ@Z 000000018001f654 f i MSVCRT:utility.obj
 0001:0001e66c       ??$__crt_fast_encode_pointer@PEAP6AXXZ@@YAPEAP6AXXZQEAP6AXXZ@Z 000000018001f66c f i MSVCRT:utility.obj
 0001:0001e68c       ?__crt_rotate_pointer_value@@YA_K_KH@Z 000000018001f68c f i MSVCRT:utility.obj
 0001:0001e698       ?configure_argv@__scrt_narrow_argv_policy@@SAHXZ 000000018001f698 f i MSVCRT:utility.obj
 0001:0001e6f8       ?initialize_environment@__scrt_narrow_environment_policy@@SAHXZ 000000018001f6f8 f i MSVCRT:utility.obj
 0001:0001e730       NtCurrentTeb               000000018001f730 f i MSVCRT:utility.obj
 0001:0001e73c       __scrt_acquire_startup_lock 000000018001f73c f   MSVCRT:utility.obj
 0001:0001e778       __scrt_dllmain_after_initialize_c 000000018001f778 f   MSVCRT:utility.obj
 0001:0001e7ac       __scrt_dllmain_before_initialize_c 000000018001f7ac f   MSVCRT:utility.obj
 0001:0001e7c4       __scrt_dllmain_crt_thread_attach 000000018001f7c4 f   MSVCRT:utility.obj
 0001:0001e7ec       __scrt_dllmain_crt_thread_detach 000000018001f7ec f   MSVCRT:utility.obj
 0001:0001e804       __scrt_dllmain_exception_filter 000000018001f804 f   MSVCRT:utility.obj
 0001:0001e864       __scrt_dllmain_uninitialize_c 000000018001f864 f   MSVCRT:utility.obj
 0001:0001e894       __scrt_dllmain_uninitialize_critical 000000018001f894 f   MSVCRT:utility.obj
 0001:0001e8a8       __scrt_initialize_crt      000000018001f8a8 f   MSVCRT:utility.obj
 0001:0001e8f4       __scrt_initialize_onexit_tables 000000018001f8f4 f   MSVCRT:utility.obj
 0001:0001e9cc       __scrt_is_nonwritable_in_current_image 000000018001f9cc f   MSVCRT:utility.obj
 0001:0001ea68       __scrt_release_startup_lock 000000018001fa68 f   MSVCRT:utility.obj
 0001:0001ea8c       __scrt_uninitialize_crt    000000018001fa8c f   MSVCRT:utility.obj
 0001:0001eab8       _onexit                    000000018001fab8 f   MSVCRT:utility.obj
 0001:0001eb08       at_quick_exit              000000018001fb08 f   MSVCRT:utility.obj
 0001:0001eb40       atexit                     000000018001fb40 f   MSVCRT:utility.obj
 0001:0001eb58       __scrt_get_dyn_tls_init_callback 000000018001fb58 f   MSVCRT:dyn_tls_init.obj
 0001:0001eb60       __crt_debugger_hook        000000018001fb60 f   MSVCRT:utility_desktop.obj
 0001:0001eb68       __scrt_fastfail            000000018001fb68 f   MSVCRT:utility_desktop.obj
 0001:0001ecb4       __scrt_get_show_window_mode 000000018001fcb4 f   MSVCRT:utility_desktop.obj
 0001:0001ecf0       __scrt_initialize_mta      000000018001fcf0 f   MSVCRT:utility_desktop.obj
 0001:0001ecf8       __scrt_initialize_winrt    000000018001fcf8 f   MSVCRT:utility_desktop.obj
 0001:0001ecfc       __scrt_is_managed_app      000000018001fcfc f   MSVCRT:utility_desktop.obj
 0001:0001ed50       __scrt_set_unhandled_exception_filter 000000018001fd50 f   MSVCRT:utility_desktop.obj
 0001:0001ed60       __scrt_exe_initialize_mta  000000018001fd60 f   MSVCRT:utility_desktop.obj
 0001:0001ed60       __scrt_stub_for_initialize_mta 000000018001fd60 f   MSVCRT:utility_desktop.obj
 0001:0001ed64       __scrt_unhandled_exception_filter 000000018001fd64 f   MSVCRT:utility_desktop.obj
 0001:0001ed9c       _RTC_Initialize            000000018001fd9c f   MSVCRT:initsect.obj
 0001:0001edd8       _RTC_Terminate             000000018001fdd8 f   MSVCRT:initsect.obj
 0001:0001ee14       _guard_check_icall_nop     000000018001fe14 f i MSVCRT:guard_support.obj
 0001:0001ee18       ReadNoFence64              000000018001fe18 f i MSVCRT:guard_support.obj
 0001:0001ee1c       ReadPointerNoFence         000000018001fe1c f i MSVCRT:guard_support.obj
 0001:0001ee20       _guard_icall_checks_enforced 000000018001fe20 f i MSVCRT:guard_support.obj
 0001:0001ee38       _guard_rf_checks_enforced  000000018001fe38 f i MSVCRT:guard_support.obj
 0001:0001ee3c       __isa_available_init       000000018001fe3c f   MSVCRT:cpu_disp.obj
 0001:0001efb8       _get_startup_argv_mode     000000018001ffb8 f   MSVCRT:argv_mode.obj
 0001:0001efc0       __scrt_is_ucrt_dll_in_use  000000018001ffc0 f   MSVCRT:ucrt_detection.obj
 0001:0001efd0       RtlCaptureContext          000000018001ffd0 f   kernel32:KERNEL32.dll
 0001:0001efd6       RtlLookupFunctionEntry     000000018001ffd6 f   kernel32:KERNEL32.dll
 0001:0001efdc       RtlVirtualUnwind           000000018001ffdc f   kernel32:KERNEL32.dll
 0001:0001efe2       UnhandledExceptionFilter   000000018001ffe2 f   kernel32:KERNEL32.dll
 0001:0001efe8       SetUnhandledExceptionFilter 000000018001ffe8 f   kernel32:KERNEL32.dll
 0001:0001efee       GetCurrentProcess          000000018001ffee f   kernel32:KERNEL32.dll
 0001:0001eff4       TerminateProcess           000000018001fff4 f   kernel32:KERNEL32.dll
 0001:0001effa       IsProcessorFeaturePresent  000000018001fffa f   kernel32:KERNEL32.dll
 0001:0001f000       QueryPerformanceCounter    0000000180020000 f   kernel32:KERNEL32.dll
 0001:0001f006       GetCurrentProcessId        0000000180020006 f   kernel32:KERNEL32.dll
 0001:0001f00c       GetCurrentThreadId         000000018002000c f   kernel32:KERNEL32.dll
 0001:0001f012       GetSystemTimeAsFileTime    0000000180020012 f   kernel32:KERNEL32.dll
 0001:0001f018       DisableThreadLibraryCalls  0000000180020018 f   kernel32:KERNEL32.dll
 0001:0001f01e       InitializeSListHead        000000018002001e f   kernel32:KERNEL32.dll
 0001:0001f024       IsDebuggerPresent          0000000180020024 f   kernel32:KERNEL32.dll
 0001:0001f02a       GetStartupInfoW            000000018002002a f   kernel32:KERNEL32.dll
 0001:0001f030       GetModuleHandleW           0000000180020030 f   kernel32:KERNEL32.dll
 0001:0001f036       memcpy                     0000000180020036 f   vcruntime:VCRUNTIME140.dll
 0001:0001f03c       memset                     000000018002003c f   vcruntime:VCRUNTIME140.dll
 0001:0001f042       __C_specific_handler       0000000180020042 f   vcruntime:VCRUNTIME140.dll
 0001:0001f048       __std_type_info_destroy_list 0000000180020048 f   vcruntime:VCRUNTIME140.dll
 0001:0001f04e       strcmp                     000000018002004e f   ucrt:api-ms-win-crt-string-l1-1-0.dll
 0001:0001f054       strcat                     0000000180020054 f   ucrt:api-ms-win-crt-string-l1-1-0.dll
 0001:0001f05a       __stdio_common_vsprintf    000000018002005a f   ucrt:api-ms-win-crt-stdio-l1-1-0.dll
 0001:0001f060       free                       0000000180020060 f   ucrt:api-ms-win-crt-heap-l1-1-0.dll
 0001:0001f066       malloc                     0000000180020066 f   ucrt:api-ms-win-crt-heap-l1-1-0.dll
 0001:0001f06c       strlen                     000000018002006c f   ucrt:api-ms-win-crt-string-l1-1-0.dll
 0001:0001f072       _initterm                  0000000180020072 f   ucrt:api-ms-win-crt-runtime-l1-1-0.dll
 0001:0001f078       _initterm_e                0000000180020078 f   ucrt:api-ms-win-crt-runtime-l1-1-0.dll
 0001:0001f07e       _seh_filter_dll            000000018002007e f   ucrt:api-ms-win-crt-runtime-l1-1-0.dll
 0001:0001f084       _configure_narrow_argv     0000000180020084 f   ucrt:api-ms-win-crt-runtime-l1-1-0.dll
 0001:0001f08a       _initialize_narrow_environment 000000018002008a f   ucrt:api-ms-win-crt-runtime-l1-1-0.dll
 0001:0001f090       _initialize_onexit_table   0000000180020090 f   ucrt:api-ms-win-crt-runtime-l1-1-0.dll
 0001:0001f096       _register_onexit_function  0000000180020096 f   ucrt:api-ms-win-crt-runtime-l1-1-0.dll
 0001:0001f09c       _execute_onexit_table      000000018002009c f   ucrt:api-ms-win-crt-runtime-l1-1-0.dll
 0001:0001f0a2       _crt_atexit                00000001800200a2 f   ucrt:api-ms-win-crt-runtime-l1-1-0.dll
 0001:0001f0a8       _crt_at_quick_exit         00000001800200a8 f   ucrt:api-ms-win-crt-runtime-l1-1-0.dll
 0001:0001f0ae       _cexit                     00000001800200ae f   ucrt:api-ms-win-crt-runtime-l1-1-0.dll
 0001:0001f0b4       terminate                  00000001800200b4 f   ucrt:api-ms-win-crt-runtime-l1-1-0.dll
 0001:0001f0bc       __acrt_initialize          00000001800200bc f   MSVCRT:ucrt_stubs.obj
 0001:0001f0bc       __scrt_stub_for_acrt_initialize 00000001800200bc f   MSVCRT:ucrt_stubs.obj
 0001:0001f0bc       __vcrt_initialize          00000001800200bc f   MSVCRT:ucrt_stubs.obj
 0001:0001f0c0       __acrt_thread_attach       00000001800200c0 f   MSVCRT:ucrt_stubs.obj
 0001:0001f0c0       __vcrt_thread_attach       00000001800200c0 f   MSVCRT:ucrt_stubs.obj
 0001:0001f0c0       __scrt_stub_for_acrt_thread_attach 00000001800200c0 f   MSVCRT:ucrt_stubs.obj
 0001:0001f0c4       __acrt_thread_detach       00000001800200c4 f   MSVCRT:ucrt_stubs.obj
 0001:0001f0c4       __vcrt_thread_detach       00000001800200c4 f   MSVCRT:ucrt_stubs.obj
 0001:0001f0c4       __scrt_stub_for_acrt_thread_detach 00000001800200c4 f   MSVCRT:ucrt_stubs.obj
 0001:0001f0c8       __scrt_stub_for_acrt_uninitialize 00000001800200c8 f   MSVCRT:ucrt_stubs.obj
 0001:0001f0c8       __vcrt_uninitialize        00000001800200c8 f   MSVCRT:ucrt_stubs.obj
 0001:0001f0c8       __acrt_uninitialize        00000001800200c8 f   MSVCRT:ucrt_stubs.obj
 0001:0001f0cc       __acrt_uninitialize_critical 00000001800200cc f   MSVCRT:ucrt_stubs.obj
 0001:0001f0cc       __scrt_stub_for_acrt_uninitialize_critical 00000001800200cc f   MSVCRT:ucrt_stubs.obj
 0001:0001f0cc       __vcrt_uninitialize_critical 00000001800200cc f   MSVCRT:ucrt_stubs.obj
 0001:0001f0d0       _is_c_termination_complete 00000001800200d0 f   MSVCRT:ucrt_stubs.obj
 0001:0001f0d0       __scrt_stub_for_is_c_termination_complete 00000001800200d0 f   MSVCRT:ucrt_stubs.obj
 0001:0001f0f0       _guard_dispatch_icall_nop  00000001800200f0 f   MSVCRT:guard_dispatch.obj
 0002:00000000       __imp_RtlLookupFunctionEntry 0000000180021000     kernel32:KERNEL32.dll
 0002:00000008       __imp_GetCurrentProcessId  0000000180021008     kernel32:KERNEL32.dll
 0002:00000010       __imp_RtlCaptureContext    0000000180021010     kernel32:KERNEL32.dll
 0002:00000018       __imp_GetCurrentThreadId   0000000180021018     kernel32:KERNEL32.dll
 0002:00000020       __imp_RtlVirtualUnwind     0000000180021020     kernel32:KERNEL32.dll
 0002:00000028       __imp_UnhandledExceptionFilter 0000000180021028     kernel32:KERNEL32.dll
 0002:00000030       __imp_GetSystemTimeAsFileTime 0000000180021030     kernel32:KERNEL32.dll
 0002:00000038       __imp_DisableThreadLibraryCalls 0000000180021038     kernel32:KERNEL32.dll
 0002:00000040       __imp_InitializeSListHead  0000000180021040     kernel32:KERNEL32.dll
 0002:00000048       __imp_IsDebuggerPresent    0000000180021048     kernel32:KERNEL32.dll
 0002:00000050       __imp_GetStartupInfoW      0000000180021050     kernel32:KERNEL32.dll
 0002:00000058       __imp_GetModuleHandleW     0000000180021058     kernel32:KERNEL32.dll
 0002:00000060       __imp_IsProcessorFeaturePresent 0000000180021060     kernel32:KERNEL32.dll
 0002:00000068       __imp_TerminateProcess     0000000180021068     kernel32:KERNEL32.dll
 0002:00000070       __imp_GetCurrentProcess    0000000180021070     kernel32:KERNEL32.dll
 0002:00000078       __imp_QueryPerformanceCounter 0000000180021078     kernel32:KERNEL32.dll
 0002:00000080       __imp_SetUnhandledExceptionFilter 0000000180021080     kernel32:KERNEL32.dll
 0002:00000088       \177KERNEL32_NULL_THUNK_DATA 0000000180021088     kernel32:KERNEL32.dll
 0002:00000090       __imp___C_specific_handler 0000000180021090     vcruntime:VCRUNTIME140.dll
 0002:00000098       __imp___std_type_info_destroy_list 0000000180021098     vcruntime:VCRUNTIME140.dll
 0002:000000a0       __imp_memset               00000001800210a0     vcruntime:VCRUNTIME140.dll
 0002:000000a8       __imp_memcpy               00000001800210a8     vcruntime:VCRUNTIME140.dll
 0002:000000b0       \177VCRUNTIME140_NULL_THUNK_DATA 00000001800210b0     vcruntime:VCRUNTIME140.dll
 0002:000000b8       __imp_free                 00000001800210b8     ucrt:api-ms-win-crt-heap-l1-1-0.dll
 0002:000000c0       __imp_malloc               00000001800210c0     ucrt:api-ms-win-crt-heap-l1-1-0.dll
 0002:000000c8       \177api-ms-win-crt-heap-l1-1-0_NULL_THUNK_DATA 00000001800210c8     ucrt:api-ms-win-crt-heap-l1-1-0.dll
 0002:000000d0       __imp__initialize_narrow_environment 00000001800210d0     ucrt:api-ms-win-crt-runtime-l1-1-0.dll
 0002:000000d8       __imp__configure_narrow_argv 00000001800210d8     ucrt:api-ms-win-crt-runtime-l1-1-0.dll
 0002:000000e0       __imp__seh_filter_dll      00000001800210e0     ucrt:api-ms-win-crt-runtime-l1-1-0.dll
 0002:000000e8       __imp__initterm_e          00000001800210e8     ucrt:api-ms-win-crt-runtime-l1-1-0.dll
 0002:000000f0       __imp__register_onexit_function 00000001800210f0     ucrt:api-ms-win-crt-runtime-l1-1-0.dll
 0002:000000f8       __imp__execute_onexit_table 00000001800210f8     ucrt:api-ms-win-crt-runtime-l1-1-0.dll
 0002:00000100       __imp__crt_atexit          0000000180021100     ucrt:api-ms-win-crt-runtime-l1-1-0.dll
 0002:00000108       __imp__crt_at_quick_exit   0000000180021108     ucrt:api-ms-win-crt-runtime-l1-1-0.dll
 0002:00000110       __imp__cexit               0000000180021110     ucrt:api-ms-win-crt-runtime-l1-1-0.dll
 0002:00000118       __imp_terminate            0000000180021118     ucrt:api-ms-win-crt-runtime-l1-1-0.dll
 0002:00000120       __imp__initialize_onexit_table 0000000180021120     ucrt:api-ms-win-crt-runtime-l1-1-0.dll
 0002:00000128       __imp__initterm            0000000180021128     ucrt:api-ms-win-crt-runtime-l1-1-0.dll
 0002:00000130       \177api-ms-win-crt-runtime-l1-1-0_NULL_THUNK_DATA 0000000180021130     ucrt:api-ms-win-crt-runtime-l1-1-0.dll
 0002:00000138       __imp___stdio_common_vsprintf 0000000180021138     ucrt:api-ms-win-crt-stdio-l1-1-0.dll
 0002:00000140       \177api-ms-win-crt-stdio-l1-1-0_NULL_THUNK_DATA 0000000180021140     ucrt:api-ms-win-crt-stdio-l1-1-0.dll
 0002:00000148       __imp_strlen               0000000180021148     ucrt:api-ms-win-crt-string-l1-1-0.dll
 0002:00000150       __imp_strcat               0000000180021150     ucrt:api-ms-win-crt-string-l1-1-0.dll
 0002:00000158       __imp_strcmp               0000000180021158     ucrt:api-ms-win-crt-string-l1-1-0.dll
 0002:00000160       \177api-ms-win-crt-string-l1-1-0_NULL_THUNK_DATA 0000000180021160     ucrt:api-ms-win-crt-string-l1-1-0.dll
 0002:00000168       __imp_covrtCreateStateflowInstanceData 0000000180021168     libcovrt:libcovrt.dll
 0002:00000170       __imp_covrtDeleteStateflowInstanceData 0000000180021170     libcovrt:libcovrt.dll
 0002:00000178       __imp_covrtTransInitFcn    0000000180021178     libcovrt:libcovrt.dll
 0002:00000180       __imp_covrtEmlMcdcEval     0000000180021180     libcovrt:libcovrt.dll
 0002:00000188       __imp_covrtEmlCondEval     0000000180021188     libcovrt:libcovrt.dll
 0002:00000190       __imp_covrtEmlForEval      0000000180021190     libcovrt:libcovrt.dll
 0002:00000198       __imp_covrtEmlIfEval       0000000180021198     libcovrt:libcovrt.dll
 0002:000001a0       __imp_covrtEmlFcnEval      00000001800211a0     libcovrt:libcovrt.dll
 0002:000001a8       __imp_covrtEmlRelationalInitFcn 00000001800211a8     libcovrt:libcovrt.dll
 0002:000001b0       __imp_covrtEmlMCDCInitFcn  00000001800211b0     libcovrt:libcovrt.dll
 0002:000001b8       __imp_covrtEmlForInitFcn   00000001800211b8     libcovrt:libcovrt.dll
 0002:000001c0       __imp_covrtEmlIfInitFcn    00000001800211c0     libcovrt:libcovrt.dll
 0002:000001c8       __imp_covrtEmlSaturationInitFcn 00000001800211c8     libcovrt:libcovrt.dll
 0002:000001d0       __imp_covrtEmlFcnInitFcn   00000001800211d0     libcovrt:libcovrt.dll
 0002:000001d8       __imp_covrtEmlInitFcn      00000001800211d8     libcovrt:libcovrt.dll
 0002:000001e0       __imp_covrtSigUpdateFcn    00000001800211e0     libcovrt:libcovrt.dll
 0002:000001e8       __imp_covrtSaturationUpdateFcn 00000001800211e8     libcovrt:libcovrt.dll
 0002:000001f0       __imp_covrtRelationalopUpdateFcn 00000001800211f0     libcovrt:libcovrt.dll
 0002:000001f8       __imp_covrtChartInitFcn    00000001800211f8     libcovrt:libcovrt.dll
 0002:00000200       __imp_covrtStateInitFcn    0000000180021200     libcovrt:libcovrt.dll
 0002:00000208       \177libcovrt_NULL_THUNK_DATA 0000000180021208     libcovrt:libcovrt.dll
 0002:00000210       __imp_emlrtDynamicBoundsCheckR2012b 0000000180021210     libemlrt:libemlrt.dll
 0002:00000218       __imp_emlrtSizeMulR2012b   0000000180021218     libemlrt:libemlrt.dll
 0002:00000220       __imp_emlrtIntegerCheckR2012b 0000000180021220     libemlrt:libemlrt.dll
 0002:00000228       __imp_emlrtMallocMex       0000000180021228     libemlrt:libemlrt.dll
 0002:00000230       __imp_emlrtCallocMex       0000000180021230     libemlrt:libemlrt.dll
 0002:00000238       __imp_emlrtFreeMex         0000000180021238     libemlrt:libemlrt.dll
 0002:00000240       __imp_emlrtNameCaptureMxArrayR2016a 0000000180021240     libemlrt:libemlrt.dll
 0002:00000248       __imp_emlrtHeapAllocationErrorR2012b 0000000180021248     libemlrt:libemlrt.dll
 0002:00000250       __imp_emlrtFFTW_1D_C2C     0000000180021250     libemlrt:libemlrt.dll
 0002:00000258       __imp_emlrtFFTW_1D_R2C     0000000180021258     libemlrt:libemlrt.dll
 0002:00000260       __imp_emlrtFFTWSetNumThreads 0000000180021260     libemlrt:libemlrt.dll
 0002:00000268       __imp_emlrtLicenseCheckR2012b 0000000180021268     libemlrt:libemlrt.dll
 0002:00000270       \177libemlrt_NULL_THUNK_DATA 0000000180021270     libemlrt:libemlrt.dll
 0002:00000278       __imp_mexWarnMsgTxt_800    0000000180021278     libmex:libmex.dll
 0002:00000280       __imp_mexIsLocked_800      0000000180021280     libmex:libmex.dll
 0002:00000288       __imp_mexUnlock_800        0000000180021288     libmex:libmex.dll
 0002:00000290       __imp_mexLock_800          0000000180021290     libmex:libmex.dll
 0002:00000298       __imp_mexMakeArrayPersistent_800 0000000180021298     libmex:libmex.dll
 0002:000002a0       __imp_mexCallMATLAB_800    00000001800212a0     libmex:libmex.dll
 0002:000002a8       __imp_mexErrMsgTxt_800     00000001800212a8     libmex:libmex.dll
 0002:000002b0       \177libmex_NULL_THUNK_DATA 00000001800212b0     libmex:libmex.dll
 0002:000002b8       __imp_imfilter_real64      00000001800212b8     libmwimfilter:libmwimfilter.dll
 0002:000002c0       \177libmwimfilter_NULL_THUNK_DATA 00000001800212c0     libmwimfilter:libmwimfilter.dll
 0002:000002c8       __imp_ippfilter_real64     00000001800212c8     libmwippfilter:libmwippfilter.dll
 0002:000002d0       \177libmwippfilter_NULL_THUNK_DATA 00000001800212d0     libmwippfilter:libmwippfilter.dll
 0002:000002d8       __imp_muDoubleScalarIsInf  00000001800212d8     libmwmathutil:libmwmathutil.dll
 0002:000002e0       __imp_muDoubleScalarIsNaN  00000001800212e0     libmwmathutil:libmwmathutil.dll
 0002:000002e8       __imp_muDoubleScalarRem    00000001800212e8     libmwmathutil:libmwmathutil.dll
 0002:000002f0       __imp_muDoubleScalarSqrt   00000001800212f0     libmwmathutil:libmwmathutil.dll
 0002:000002f8       __imp_muDoubleScalarPower  00000001800212f8     libmwmathutil:libmwmathutil.dll
 0002:00000300       __imp_muDoubleScalarLog    0000000180021300     libmwmathutil:libmwmathutil.dll
 0002:00000308       __imp_muDoubleScalarExp    0000000180021308     libmwmathutil:libmwmathutil.dll
 0002:00000310       __imp_muDoubleScalarCos    0000000180021310     libmwmathutil:libmwmathutil.dll
 0002:00000318       __imp_muDoubleScalarRound  0000000180021318     libmwmathutil:libmwmathutil.dll
 0002:00000320       __imp_muDoubleScalarFloor  0000000180021320     libmwmathutil:libmwmathutil.dll
 0002:00000328       __imp_muDoubleScalarAbs    0000000180021328     libmwmathutil:libmwmathutil.dll
 0002:00000330       __imp_muDoubleScalarSin    0000000180021330     libmwmathutil:libmwmathutil.dll
 0002:00000338       \177libmwmathutil_NULL_THUNK_DATA 0000000180021338     libmwmathutil:libmwmathutil.dll
 0002:00000340       __imp_mxSetField_800       0000000180021340     libmx:libmx.dll
 0002:00000348       __imp_mxGetScalar_800      0000000180021348     libmx:libmx.dll
 0002:00000350       __imp_mxCreateDoubleScalar_800 0000000180021350     libmx:libmx.dll
 0002:00000358       __imp_mxGetN_800           0000000180021358     libmx:libmx.dll
 0002:00000360       __imp_mxIsComplex_800      0000000180021360     libmx:libmx.dll
 0002:00000368       __imp_mxIsNumeric_800      0000000180021368     libmx:libmx.dll
 0002:00000370       __imp_mxGetClassID_800     0000000180021370     libmx:libmx.dll
 0002:00000378       __imp_mxGetM_800           0000000180021378     libmx:libmx.dll
 0002:00000380       __imp_mxCalloc_800         0000000180021380     libmx:libmx.dll
 0002:00000388       __imp_mxGetNaN_800         0000000180021388     libmx:libmx.dll
 0002:00000390       __imp_mxCreateStructMatrix_800 0000000180021390     libmx:libmx.dll
 0002:00000398       __imp_mxCreateCellMatrix_800 0000000180021398     libmx:libmx.dll
 0002:000003a0       __imp_mxCreateString_800   00000001800213a0     libmx:libmx.dll
 0002:000003a8       __imp_mxGetPr_800          00000001800213a8     libmx:libmx.dll
 0002:000003b0       __imp_mxSetCell_800        00000001800213b0     libmx:libmx.dll
 0002:000003b8       __imp_mxDuplicateArray_800 00000001800213b8     libmx:libmx.dll
 0002:000003c0       __imp_mxGetString_800      00000001800213c0     libmx:libmx.dll
 0002:000003c8       __imp_mxCreateDoubleMatrix_800 00000001800213c8     libmx:libmx.dll
 0002:000003d0       __imp_mxDestroyArray_800   00000001800213d0     libmx:libmx.dll
 0002:000003d8       __imp_mxIsChar_800         00000001800213d8     libmx:libmx.dll
 0002:000003e0       \177libmx_NULL_THUNK_DATA  00000001800213e0     libmx:libmx.dll
 0002:000003e8       __imp_utMalloc             00000001800213e8     libut:libut.dll
 0002:000003f0       __imp_utFree               00000001800213f0     libut:libut.dll
 0002:000003f8       \177libut_NULL_THUNK_DATA  00000001800213f8     libut:libut.dll
 0002:00000400       __imp_getRuntimeInstanceInfoAsVoid 0000000180021400     sf_runtime:sf_runtime.dll
 0002:00000408       __imp_sf_mex_error_direct_call 0000000180021408     sf_runtime:sf_runtime.dll
 0002:00000410       __imp_sf_clear_error_manager_info 0000000180021410     sf_runtime:sf_runtime.dll
 0002:00000418       __imp_callMdlMethodAndReportError 0000000180021418     sf_runtime:sf_runtime.dll
 0002:00000420       __imp_sf_get_hasSeparateUpdateOutputs 0000000180021420     sf_runtime:sf_runtime.dll
 0002:00000428       __imp_sf_get_ChartInfoStruct_CodeGen 0000000180021428     sf_runtime:sf_runtime.dll
 0002:00000430       __imp_sf_data_saturate_error 0000000180021430     sf_runtime:sf_runtime.dll
 0002:00000438       __imp_ssGetOutputPortSignal_wrapper 0000000180021438     sf_runtime:sf_runtime.dll
 0002:00000440       __imp_ssGetInputPortSignal_wrapper 0000000180021440     sf_runtime:sf_runtime.dll
 0002:00000448       __imp_sf_mex_import        0000000180021448     sf_runtime:sf_runtime.dll
 0002:00000450       __imp_sf_mex_destroy       0000000180021450     sf_runtime:sf_runtime.dll
 0002:00000458       __imp_sf_mex_dup           0000000180021458     sf_runtime:sf_runtime.dll
 0002:00000460       __imp_sf_mex_assign        0000000180021460     sf_runtime:sf_runtime.dll
 0002:00000468       __imp_sf_mex_getcell       0000000180021468     sf_runtime:sf_runtime.dll
 0002:00000470       __imp_sf_mex_setcell       0000000180021470     sf_runtime:sf_runtime.dll
 0002:00000478       __imp_sf_mex_createcellmatrix 0000000180021478     sf_runtime:sf_runtime.dll
 0002:00000480       __imp_sf_mex_create        0000000180021480     sf_runtime:sf_runtime.dll
 0002:00000488       __imp_sf_mex_error_message 0000000180021488     sf_runtime:sf_runtime.dll
 0002:00000490       __imp_sf_mex_call          0000000180021490     sf_runtime:sf_runtime.dll
 0002:00000498       __imp_sfListenerInitializeRuntimeVars 0000000180021498     sf_runtime:sf_runtime.dll
 0002:000004a0       __imp_sfListenerLightTerminate 00000001800214a0     sf_runtime:sf_runtime.dll
 0002:000004a8       __imp_sfListenerCacheSimStruct 00000001800214a8     sf_runtime:sf_runtime.dll
 0002:000004b0       __imp_sf_set_work_widths   00000001800214b0     sf_runtime:sf_runtime.dll
 0002:000004b8       __imp_sf_warn_if_symbolic_dimension_param_changed 00000001800214b8     sf_runtime:sf_runtime.dll
 0002:000004c0       __imp_setDebuggerFlag      00000001800214c0     sf_runtime:sf_runtime.dll
 0002:000004c8       __imp_setLegacyDebuggerFlag 00000001800214c8     sf_runtime:sf_runtime.dll
 0002:000004d0       __imp_setDataBrowseFcn     00000001800214d0     sf_runtime:sf_runtime.dll
 0002:000004d8       __imp_sfDoAnimationWrapper 00000001800214d8     sf_runtime:sf_runtime.dll
 0002:000004e0       __imp_sf_get_time          00000001800214e0     sf_runtime:sf_runtime.dll
 0002:000004e8       __imp_sf_clear_rtw_identifier 00000001800214e8     sf_runtime:sf_runtime.dll
 0002:000004f0       __imp_sf_mex_listen_for_ctrl_c 00000001800214f0     sf_runtime:sf_runtime.dll
 0002:000004f8       __imp_sim_mode_is_external 00000001800214f8     sf_runtime:sf_runtime.dll
 0002:00000500       __imp_sim_mode_is_rtw_gen  0000000180021500     sf_runtime:sf_runtime.dll
 0002:00000508       __imp_sf_get_chart_instance_ptr 0000000180021508     sf_runtime:sf_runtime.dll
 0002:00000510       __imp_sfrtGetCovrtInstance 0000000180021510     sf_runtime:sf_runtime.dll
 0002:00000518       __imp_sfrtGetEmlrtCtx      0000000180021518     sf_runtime:sf_runtime.dll
 0002:00000520       __imp_sf_free_ChartRunTimeInfo 0000000180021520     sf_runtime:sf_runtime.dll
 0002:00000528       __imp_sf_init_ChartRunTimeInfo 0000000180021528     sf_runtime:sf_runtime.dll
 0002:00000530       __imp_sf_mex_decode        0000000180021530     sf_runtime:sf_runtime.dll
 0002:00000538       __imp_sf_load_rtw_optimization_info 0000000180021538     sf_runtime:sf_runtime.dll
 0002:00000540       __imp_call_sf_machine_global_method_dispatcher 0000000180021540     sf_runtime:sf_runtime.dll
 0002:00000548       \177sf_runtime_NULL_THUNK_DATA 0000000180021548     sf_runtime:sf_runtime.dll
 0002:00000550       __guard_check_icall_fptr   0000000180021550     MSVCRT:guard_support.obj
 0002:00000558       __guard_dispatch_icall_fptr 0000000180021558     MSVCRT:guard_support.obj
 0002:00000560       __xc_a                     0000000180021560     MSVCRT:initializers.obj
 0002:00000568       __xc_z                     0000000180021568     MSVCRT:initializers.obj
 0002:00000570       __xi_a                     0000000180021570     MSVCRT:initializers.obj
 0002:00000578       __xi_z                     0000000180021578     MSVCRT:initializers.obj
 0002:00000580       __xp_a                     0000000180021580     MSVCRT:initializers.obj
 0002:00000588       __xp_z                     0000000180021588     MSVCRT:initializers.obj
 0002:00000590       __xt_a                     0000000180021590     MSVCRT:initializers.obj
 0002:00000598       __xt_z                     0000000180021598     MSVCRT:initializers.obj
 0002:000005a0       __real@418784f190000000    00000001800215a0     untitled1_sfun.obj
 0002:000005a8       __real@41b493ef54000000    00000001800215a8     untitled1_sfun.obj
 0002:000005b0       __real@41d07f2c15000000    00000001800215b0     untitled1_sfun.obj
 0002:000005b8       __real@41d1d08709000000    00000001800215b8     untitled1_sfun.obj
 0002:000005c0       __real@41d60395ddc00000    00000001800215c0     untitled1_sfun.obj
 0002:000005c8       __real@41d9def4f0c00000    00000001800215c8     untitled1_sfun.obj
 0002:000005d0       __real@41e2bd7030e00000    00000001800215d0     untitled1_sfun.obj
 0002:000005d8       __real@41e5268a63c00000    00000001800215d8     untitled1_sfun.obj
 0002:000005e0       __real@41e76f1b0e000000    00000001800215e0     untitled1_sfun.obj
 0002:000005e8       __real@41e7a7c295400000    00000001800215e8     untitled1_sfun.obj
 0002:000005f0       __real@41ecc05ef2400000    00000001800215f0     untitled1_sfun.obj
 0002:000005f8       __real@41ef2fadada00000    00000001800215f8     untitled1_sfun.obj
 0002:000006a0       __real@0000000000000000    00000001800216a0     c2_untitled1.obj
 0002:000006a8       __real@3fe0000000000000    00000001800216a8     c2_untitled1.obj
 0002:000006b0       __real@3ff0000000000000    00000001800216b0     c2_untitled1.obj
 0002:000006b8       __real@3ff8000000000000    00000001800216b8     c2_untitled1.obj
 0002:000006c0       __real@4000000000000000    00000001800216c0     c2_untitled1.obj
 0002:000006c8       __real@4004000000000000    00000001800216c8     c2_untitled1.obj
 0002:000006d0       __real@4008000000000000    00000001800216d0     c2_untitled1.obj
 0002:000006d8       __real@4010000000000000    00000001800216d8     c2_untitled1.obj
 0002:000006e0       __real@4018000000000000    00000001800216e0     c2_untitled1.obj
 0002:000006e8       __real@4052800000000000    00000001800216e8     c2_untitled1.obj
 0002:000006f0       __real@4055400000000000    00000001800216f0     c2_untitled1.obj
 0002:000006f8       __real@405fc00000000000    00000001800216f8     c2_untitled1.obj
 0002:00000700       __real@4064800000000000    0000000180021700     c2_untitled1.obj
 0002:00000708       __real@406fc00000000000    0000000180021708     c2_untitled1.obj
 0002:00000710       __real@406fe00000000000    0000000180021710     c2_untitled1.obj
 0002:00000718       __real@4070000000000000    0000000180021718     c2_untitled1.obj
 0002:00000720       __real@4074800000000000    0000000180021720     c2_untitled1.obj
 0002:00000728       __real@407fc00000000000    0000000180021728     c2_untitled1.obj
 0002:00000730       __real@4084800000000000    0000000180021730     c2_untitled1.obj
 0002:00000738       __real@40d4570000000000    0000000180021738     c2_untitled1.obj
 0002:00000740       __real@40f4570000000000    0000000180021740     c2_untitled1.obj
 0002:00000748       __real@41b75d9cb5000000    0000000180021748     c2_untitled1.obj
 0002:00000750       __real@41bc815c5d000000    0000000180021750     c2_untitled1.obj
 0002:00000758       __real@41cd4dd395800000    0000000180021758     c2_untitled1.obj
 0002:00000760       __real@41e82256a5a00000    0000000180021760     c2_untitled1.obj
 0002:00000768       __real@5dd4805738b51a75    0000000180021768     c2_untitled1.obj
 0002:00000770       __real@bfe0000000000000    0000000180021770     c2_untitled1.obj
 0002:00000778       __real@bff0000000000000    0000000180021778     c2_untitled1.obj
 0002:00000780       DYNAMIC_DIMENSION_DEF      0000000180021780     untitled1_sfun_registry.obj
 0002:00000798       __real@41602cbca0000000    0000000180021798     untitled1_sfun_registry.obj
 0002:000007a0       __real@77800000            00000001800217a0     half_type.obj
 0002:000007b8       _pRawDllMain               00000001800217b8     MSVCRT:dll_dllmain.obj
 0002:000007b8       _pDefaultRawDllMain        00000001800217b8     MSVCRT:dll_dllmain.obj
 0002:000007e0       _load_config_used          00000001800217e0     MSVCRT:loadcfg.obj
 0002:00000af8       __rtc_iaa                  0000000180021af8     MSVCRT:initsect.obj
 0002:00000b00       __rtc_izz                  0000000180021b00     MSVCRT:initsect.obj
 0002:00000b08       __rtc_taa                  0000000180021b08     MSVCRT:initsect.obj
 0002:00000b10       __rtc_tzz                  0000000180021b10     MSVCRT:initsect.obj
 0002:000015f8       __IMPORT_DESCRIPTOR_libmwippfilter 00000001800225f8     libmwippfilter:libmwippfilter.dll
 0002:0000160c       __IMPORT_DESCRIPTOR_libmwimfilter 000000018002260c     libmwimfilter:libmwimfilter.dll
 0002:00001620       __IMPORT_DESCRIPTOR_sf_runtime 0000000180022620     sf_runtime:sf_runtime.dll
 0002:00001634       __IMPORT_DESCRIPTOR_libmx  0000000180022634     libmx:libmx.dll
 0002:00001648       __IMPORT_DESCRIPTOR_libmex 0000000180022648     libmex:libmex.dll
 0002:0000165c       __IMPORT_DESCRIPTOR_libut  000000018002265c     libut:libut.dll
 0002:00001670       __IMPORT_DESCRIPTOR_libmwmathutil 0000000180022670     libmwmathutil:libmwmathutil.dll
 0002:00001684       __IMPORT_DESCRIPTOR_libemlrt 0000000180022684     libemlrt:libemlrt.dll
 0002:00001698       __IMPORT_DESCRIPTOR_libcovrt 0000000180022698     libcovrt:libcovrt.dll
 0002:000016ac       __IMPORT_DESCRIPTOR_KERNEL32 00000001800226ac     kernel32:KERNEL32.dll
 0002:000016c0       __IMPORT_DESCRIPTOR_VCRUNTIME140 00000001800226c0     vcruntime:VCRUNTIME140.dll
 0002:000016d4       __IMPORT_DESCRIPTOR_api-ms-win-crt-string-l1-1-0 00000001800226d4     ucrt:api-ms-win-crt-string-l1-1-0.dll
 0002:000016e8       __IMPORT_DESCRIPTOR_api-ms-win-crt-stdio-l1-1-0 00000001800226e8     ucrt:api-ms-win-crt-stdio-l1-1-0.dll
 0002:000016fc       __IMPORT_DESCRIPTOR_api-ms-win-crt-heap-l1-1-0 00000001800226fc     ucrt:api-ms-win-crt-heap-l1-1-0.dll
 0002:00001710       __IMPORT_DESCRIPTOR_api-ms-win-crt-runtime-l1-1-0 0000000180022710     ucrt:api-ms-win-crt-runtime-l1-1-0.dll
 0002:00001724       __NULL_IMPORT_DESCRIPTOR   0000000180022724     libmwippfilter:libmwippfilter.dll
 0003:00006840       DYNAMIC_DIMENSION          000000018002a840     untitled1_sfun_registry.obj
 0003:00008d40       __security_cookie_complement 000000018002cd40     MSVCRT:gs_cookie.obj
 0003:00008d48       __security_cookie          000000018002cd48     MSVCRT:gs_cookie.obj
 0003:00008d50       _fltused                   000000018002cd50     MSVCRT:fltused.obj
 0003:00008d60       __scrt_native_dllmain_reason 000000018002cd60     MSVCRT:utility.obj
 0003:00008d68       __isa_available            000000018002cd68     MSVCRT:cpu_disp.obj
 0003:00008d6c       __isa_enabled              000000018002cd6c     MSVCRT:cpu_disp.obj
 0003:00008d70       __memcpy_nt_iters          000000018002cd70     MSVCRT:cpu_disp.obj
 0003:00008d80       __scrt_ucrt_dll_is_in_use  000000018002cd80     MSVCRT:ucrt_stubs.obj
 0003:00009840       ?__type_info_root_node@@3U__type_info_node@@A 000000018002d840     MSVCRT:tncleanup.obj
 0003:00009850       ?_OptionsStorage@?1??__local_stdio_printf_options@@9@4_KA 000000018002d850     MSVCRT:default_local_stdio_options.obj
 0003:00009858       ?_OptionsStorage@?1??__local_stdio_scanf_options@@9@4_KA 000000018002d858     MSVCRT:default_local_stdio_options.obj
 0003:00009860       __scrt_current_native_startup_state 000000018002d860     MSVCRT:utility.obj
 0003:00009868       __scrt_native_startup_lock 000000018002d868     MSVCRT:utility.obj
 0003:000098a8       __scrt_debugger_hook_flag  000000018002d8a8     MSVCRT:utility_desktop.obj
 0003:000098ac       __favor                    000000018002d8ac     MSVCRT:cpu_disp.obj
 0003:000098b0       ?_OptionsStorage@?1??__local_stdio_printf_options@@9@9 000000018002d8b0     <common>
 0003:000098b8       __dyn_tls_init_callback    000000018002d8b8     <common>

 entry point at        0001:0001e498

 Static symbols

 0000:00000000       .debug$S                   0000000180000000     sf_runtime:sf_runtime.dll
 0000:00000000       .debug$S                   0000000180000000     libemlrt:libemlrt.dll
 0000:00000000       .debug$S                   0000000180000000     libemlrt:libemlrt.dll
 0000:00000000       .debug$S                   0000000180000000     libemlrt:libemlrt.dll
 0000:00000000       .debug$S                   0000000180000000     libmwippfilter:libmwippfilter.dll
 0000:00000000       .debug$S                   0000000180000000     libemlrt:libemlrt.dll
 0000:00000000       .debug$S                   0000000180000000     untitled1_sfun.exp
 0000:00000000       .debug$S                   0000000180000000     libmwimfilter:libmwimfilter.dll
 0000:00000000       .debug$S                   0000000180000000     libemlrt:libemlrt.dll
 0000:00000000       .debug$S                   0000000180000000     sf_runtime:sf_runtime.dll
 0000:00000000       .debug$S                   0000000180000000     sf_runtime:sf_runtime.dll
 0000:00000000       .debug$S                   0000000180000000     sf_runtime:sf_runtime.dll
 0000:00000000       .debug$S                   0000000180000000     ucrt:api-ms-win-crt-runtime-l1-1-0.dll
 0000:00000000       .debug$S                   0000000180000000     ucrt:api-ms-win-crt-runtime-l1-1-0.dll
 0000:00000000       .debug$S                   0000000180000000     ucrt:api-ms-win-crt-runtime-l1-1-0.dll
 0000:00000000       .debug$S                   0000000180000000     ucrt:api-ms-win-crt-runtime-l1-1-0.dll
 0000:00000000       .debug$S                   0000000180000000     ucrt:api-ms-win-crt-runtime-l1-1-0.dll
 0000:00000000       .debug$S                   0000000180000000     ucrt:api-ms-win-crt-runtime-l1-1-0.dll
 0000:00000000       .debug$S                   0000000180000000     ucrt:api-ms-win-crt-runtime-l1-1-0.dll
 0000:00000000       .debug$S                   0000000180000000     ucrt:api-ms-win-crt-runtime-l1-1-0.dll
 0000:00000000       .debug$S                   0000000180000000     ucrt:api-ms-win-crt-runtime-l1-1-0.dll
 0000:00000000       .debug$S                   0000000180000000     ucrt:api-ms-win-crt-runtime-l1-1-0.dll
 0000:00000000       .debug$S                   0000000180000000     ucrt:api-ms-win-crt-runtime-l1-1-0.dll
 0000:00000000       .debug$S                   0000000180000000     ucrt:api-ms-win-crt-runtime-l1-1-0.dll
 0000:00000000       .debug$S                   0000000180000000     ucrt:api-ms-win-crt-string-l1-1-0.dll
 0000:00000000       .debug$S                   0000000180000000     ucrt:api-ms-win-crt-heap-l1-1-0.dll
 0000:00000000       .debug$S                   0000000180000000     ucrt:api-ms-win-crt-heap-l1-1-0.dll
 0000:00000000       .debug$S                   0000000180000000     ucrt:api-ms-win-crt-stdio-l1-1-0.dll
 0000:00000000       .debug$S                   0000000180000000     ucrt:api-ms-win-crt-string-l1-1-0.dll
 0000:00000000       .debug$S                   0000000180000000     ucrt:api-ms-win-crt-string-l1-1-0.dll
 0000:00000000       .debug$S                   0000000180000000     sf_runtime:sf_runtime.dll
 0000:00000000       .debug$S                   0000000180000000     vcruntime:VCRUNTIME140.dll
 0000:00000000       .debug$S                   0000000180000000     vcruntime:VCRUNTIME140.dll
 0000:00000000       .debug$S                   0000000180000000     vcruntime:VCRUNTIME140.dll
 0000:00000000       .debug$S                   0000000180000000     vcruntime:VCRUNTIME140.dll
 0000:00000000       .debug$S                   0000000180000000     sf_runtime:sf_runtime.dll
 0000:00000000       .debug$S                   0000000180000000     kernel32:KERNEL32.dll
 0000:00000000       .debug$S                   0000000180000000     kernel32:KERNEL32.dll
 0000:00000000       .debug$S                   0000000180000000     kernel32:KERNEL32.dll
 0000:00000000       .debug$S                   0000000180000000     kernel32:KERNEL32.dll
 0000:00000000       .debug$S                   0000000180000000     kernel32:KERNEL32.dll
 0000:00000000       .debug$S                   0000000180000000     kernel32:KERNEL32.dll
 0000:00000000       .debug$S                   0000000180000000     kernel32:KERNEL32.dll
 0000:00000000       .debug$S                   0000000180000000     kernel32:KERNEL32.dll
 0000:00000000       .debug$S                   0000000180000000     kernel32:KERNEL32.dll
 0000:00000000       .debug$S                   0000000180000000     kernel32:KERNEL32.dll
 0000:00000000       .debug$S                   0000000180000000     kernel32:KERNEL32.dll
 0000:00000000       .debug$S                   0000000180000000     kernel32:KERNEL32.dll
 0000:00000000       .debug$S                   0000000180000000     kernel32:KERNEL32.dll
 0000:00000000       .debug$S                   0000000180000000     kernel32:KERNEL32.dll
 0000:00000000       .debug$S                   0000000180000000     kernel32:KERNEL32.dll
 0000:00000000       .debug$S                   0000000180000000     kernel32:KERNEL32.dll
 0000:00000000       .debug$S                   0000000180000000     kernel32:KERNEL32.dll
 0000:00000000       .debug$S                   0000000180000000     sf_runtime:sf_runtime.dll
 0000:00000000       .debug$S                   0000000180000000     sf_runtime:sf_runtime.dll
 0000:00000000       .debug$S                   0000000180000000     sf_runtime:sf_runtime.dll
 0000:00000000       .debug$S                   0000000180000000     sf_runtime:sf_runtime.dll
 0002:fffdf000       __guard_fids__guard_icall_checks_enforced 0000000180000000     MSVCRT:guard_support.obj
 0002:fffdf000       __guard_fids__             0000000180000000     MSVCRT:guard_support.obj
 0000:00000000       .debug$S                   0000000180000000     sf_runtime:sf_runtime.dll
 0000:00000000       .debug$S                   0000000180000000     sf_runtime:sf_runtime.dll
 0000:00000000       .debug$S                   0000000180000000     sf_runtime:sf_runtime.dll
 0000:00000000       .debug$S                   0000000180000000     sf_runtime:sf_runtime.dll
 0000:00000000       .debug$S                   0000000180000000     sf_runtime:sf_runtime.dll
 0000:00000000       .debug$S                   0000000180000000     sf_runtime:sf_runtime.dll
 0000:00000000       .debug$S                   0000000180000000     sf_runtime:sf_runtime.dll
 0000:00000000       .debug$S                   0000000180000000     sf_runtime:sf_runtime.dll
 0002:fffdf000       __guard_fids___scrt_set_unhandled_exception_filter 0000000180000000     MSVCRT:utility_desktop.obj
 0000:00000000       .debug$S                   0000000180000000     sf_runtime:sf_runtime.dll
 0000:00000000       .debug$S                   0000000180000000     sf_runtime:sf_runtime.dll
 0000:00000000       .debug$S                   0000000180000000     sf_runtime:sf_runtime.dll
 0000:00000000       .debug$S                   0000000180000000     sf_runtime:sf_runtime.dll
 0000:00000000       .debug$S                   0000000180000000     sf_runtime:sf_runtime.dll
 0000:00000000       .debug$S                   0000000180000000     sf_runtime:sf_runtime.dll
 0000:00000000       .debug$S                   0000000180000000     sf_runtime:sf_runtime.dll
 0000:00000000       .debug$S                   0000000180000000     sf_runtime:sf_runtime.dll
 0000:00000000       .debug$S                   0000000180000000     sf_runtime:sf_runtime.dll
 0000:00000000       .debug$S                   0000000180000000     sf_runtime:sf_runtime.dll
 0000:00000000       .debug$S                   0000000180000000     sf_runtime:sf_runtime.dll
 0000:00000000       .debug$S                   0000000180000000     sf_runtime:sf_runtime.dll
 0000:00000000       .debug$S                   0000000180000000     sf_runtime:sf_runtime.dll
 0000:00000000       .debug$S                   0000000180000000     sf_runtime:sf_runtime.dll
 0000:00000000       .debug$S                   0000000180000000     sf_runtime:sf_runtime.dll
 0000:00000000       .debug$S                   0000000180000000     sf_runtime:sf_runtime.dll
 0000:00000000       .debug$S                   0000000180000000     libemlrt:libemlrt.dll
 0000:00000000       .debug$S                   0000000180000000     sf_runtime:sf_runtime.dll
 0000:00000000       .debug$S                   0000000180000000     libemlrt:libemlrt.dll
 0000:00000000       .debug$S                   0000000180000000     sf_runtime:sf_runtime.dll
 0000:00000000       .debug$S                   0000000180000000     libemlrt:libemlrt.dll
 0000:00000000       .debug$S                   0000000180000000     sf_runtime:sf_runtime.dll
 0000:00000000       .debug$S                   0000000180000000     libemlrt:libemlrt.dll
 0000:00000000       .debug$S                   0000000180000000     sf_runtime:sf_runtime.dll
 0000:00000000       .debug$S                   0000000180000000     libemlrt:libemlrt.dll
 0000:00000000       .debug$S                   0000000180000000     sf_runtime:sf_runtime.dll
 0000:00000000       .debug$S                   0000000180000000     libemlrt:libemlrt.dll
 0000:00000000       .debug$S                   0000000180000000     sf_runtime:sf_runtime.dll
 0000:00000000       .debug$S                   0000000180000000     libemlrt:libemlrt.dll
 0000:00000000       .debug$S                   0000000180000000     sf_runtime:sf_runtime.dll
 0000:00000000       .debug$S                   0000000180000000     libcovrt:libcovrt.dll
 0000:00000000       .debug$S                   0000000180000000     libcovrt:libcovrt.dll
 0000:00000000       .debug$S                   0000000180000000     libcovrt:libcovrt.dll
 0000:00000000       .debug$S                   0000000180000000     libmx:libmx.dll
 0000:00000000       .debug$S                   0000000180000000     libcovrt:libcovrt.dll
 0000:00000000       .debug$S                   0000000180000000     libmx:libmx.dll
 0000:00000000       .debug$S                   0000000180000000     libcovrt:libcovrt.dll
 0000:00000000       .debug$S                   0000000180000000     libmx:libmx.dll
 0000:00000000       .debug$S                   0000000180000000     libcovrt:libcovrt.dll
 0000:00000000       .debug$S                   0000000180000000     libmx:libmx.dll
 0000:00000000       .debug$S                   0000000180000000     libcovrt:libcovrt.dll
 0000:00000000       .debug$S                   0000000180000000     libmx:libmx.dll
 0000:00000000       .debug$S                   0000000180000000     libmx:libmx.dll
 0000:00000000       .debug$S                   0000000180000000     libmx:libmx.dll
 0000:00000000       .debug$S                   0000000180000000     libmx:libmx.dll
 0000:00000000       .debug$S                   0000000180000000     libcovrt:libcovrt.dll
 0000:00000000       .debug$S                   0000000180000000     libmx:libmx.dll
 0000:00000000       .debug$S                   0000000180000000     libcovrt:libcovrt.dll
 0000:00000000       .debug$S                   0000000180000000     libmx:libmx.dll
 0000:00000000       .debug$S                   0000000180000000     libcovrt:libcovrt.dll
 0000:00000000       .debug$S                   0000000180000000     libmx:libmx.dll
 0000:00000000       .debug$S                   0000000180000000     libcovrt:libcovrt.dll
 0000:00000000       .debug$S                   0000000180000000     libmx:libmx.dll
 0000:00000000       .debug$S                   0000000180000000     libmx:libmx.dll
 0000:00000000       .debug$S                   0000000180000000     libcovrt:libcovrt.dll
 0000:00000000       .debug$S                   0000000180000000     libcovrt:libcovrt.dll
 0000:00000000       .debug$S                   0000000180000000     libmx:libmx.dll
 0000:00000000       .debug$S                   0000000180000000     libcovrt:libcovrt.dll
 0000:00000000       .debug$S                   0000000180000000     libmx:libmx.dll
 0000:00000000       .debug$S                   0000000180000000     libcovrt:libcovrt.dll
 0000:00000000       .debug$S                   0000000180000000     libmx:libmx.dll
 0002:fffdf000       __guard_fids_?dllmain_dispatch@@YAHQEAUHINSTANCE__@@KQEAX@Z 0000000180000000     MSVCRT:dll_dllmain.obj
 0000:00000000       .debug$S                   0000000180000000     libcovrt:libcovrt.dll
 0000:00000000       .debug$S                   0000000180000000     libmx:libmx.dll
 0000:00000000       .debug$S                   0000000180000000     libcovrt:libcovrt.dll
 0000:00000000       .debug$S                   0000000180000000     libmx:libmx.dll
 0000:00000000       .debug$S                   0000000180000000     libcovrt:libcovrt.dll
 0000:00000000       .debug$S                   0000000180000000     libmx:libmx.dll
 0000:00000000       .debug$S                   0000000180000000     libcovrt:libcovrt.dll
 0000:00000000       .debug$S                   0000000180000000     libmx:libmx.dll
 0000:00000000       .debug$S                   0000000180000000     libcovrt:libcovrt.dll
 0000:00000000       .debug$S                   0000000180000000     libmwmathutil:libmwmathutil.dll
 0000:00000000       .debug$S                   0000000180000000     libmex:libmex.dll
 0000:00000000       .debug$S                   0000000180000000     libmex:libmex.dll
 0000:00000000       .debug$S                   0000000180000000     libmex:libmex.dll
 0000:00000000       .debug$S                   0000000180000000     libmex:libmex.dll
 0000:00000000       .debug$S                   0000000180000000     libmex:libmex.dll
 0000:00000000       .debug$S                   0000000180000000     libmex:libmex.dll
 0000:00000000       .debug$S                   0000000180000000     libmex:libmex.dll
 0000:00000000       .debug$S                   0000000180000000     libmwmathutil:libmwmathutil.dll
 0000:00000000       .debug$S                   0000000180000000     libut:libut.dll
 0000:00000000       .debug$S                   0000000180000000     libut:libut.dll
 0000:00000000       .debug$S                   0000000180000000     libmwmathutil:libmwmathutil.dll
 0000:00000000       .debug$S                   0000000180000000     libmwmathutil:libmwmathutil.dll
 0000:00000000       .debug$S                   0000000180000000     libmwmathutil:libmwmathutil.dll
 0000:00000000       .debug$S                   0000000180000000     libmwmathutil:libmwmathutil.dll
 0000:00000000       .debug$S                   0000000180000000     libmwmathutil:libmwmathutil.dll
 0000:00000000       .debug$S                   0000000180000000     libmwmathutil:libmwmathutil.dll
 0000:00000000       .debug$S                   0000000180000000     libmwmathutil:libmwmathutil.dll
 0000:00000000       .debug$S                   0000000180000000     libmwmathutil:libmwmathutil.dll
 0000:00000000       .debug$S                   0000000180000000     libmwmathutil:libmwmathutil.dll
 0000:00000000       .debug$S                   0000000180000000     libmwmathutil:libmwmathutil.dll
 0001:00001190       initialize_c2_untitled1    0000000180002190 f   c2_untitled1.obj
 0001:00001230       initialize_params_c2_untitled1 0000000180002230 f   c2_untitled1.obj
 0001:00001240       enable_c2_untitled1        0000000180002240 f   c2_untitled1.obj
 0001:00001270       disable_c2_untitled1       0000000180002270 f   c2_untitled1.obj
 0001:000012a0       c2_do_animation_call_c2_untitled1 00000001800022a0 f   c2_untitled1.obj
 0001:000012e0       get_sim_state_c2_untitled1 00000001800022e0 f   c2_untitled1.obj
 0001:00001450       set_sim_state_c2_untitled1 0000000180002450 f   c2_untitled1.obj
 0001:00001580       sf_gateway_c2_untitled1    0000000180002580 f   c2_untitled1.obj
 0001:000051f0       mdl_start_c2_untitled1     00000001800061f0 f   c2_untitled1.obj
 0001:00005200       mdl_terminate_c2_untitled1 0000000180006200 f   c2_untitled1.obj
 0001:00005210       mdl_setup_runtime_resources_c2_untitled1 0000000180006210 f   c2_untitled1.obj
 0001:000069d0       mdl_cleanup_runtime_resources_c2_untitled1 00000001800079d0 f   c2_untitled1.obj
 0001:00006a10       initSimStructsc2_untitled1 0000000180007a10 f   c2_untitled1.obj
 0001:00006a20       c2_Fenk                    0000000180007a20 f   c2_untitled1.obj
 0001:00008a90       c2_Fea                     0000000180009a90 f   c2_untitled1.obj
 0001:0000abb0       c2_metricsEdge_intensity   000000018000bbb0 f   c2_untitled1.obj
 0001:0000b9c0       c2_Inverse_Fenk            000000018000c9c0 f   c2_untitled1.obj
 0001:0000c400       c2_mod                     000000018000d400 f   c2_untitled1.obj
 0001:0000c510       c2_imresize                000000018000d510 f   c2_untitled1.obj
 0001:0000c710       c2_contributions           000000018000d710 f   c2_untitled1.obj
 0001:0000db50       c2_check_forloop_overflow_error 000000018000eb50 f   c2_untitled1.obj
 0001:0000dd60       c2_resizeAlongDim          000000018000ed60 f   c2_untitled1.obj
 0001:0000e140       c2_eml_sub2ind             000000018000f140 f   c2_untitled1.obj
 0001:0000e570       c2_b_contributions         000000018000f570 f   c2_untitled1.obj
 0001:0000f9b0       c2_b_resizeAlongDim        00000001800109b0 f   c2_untitled1.obj
 0001:00010000       c2_sumColumnB4             0000000180011000 f   c2_untitled1.obj
[...]
 0004:00000318       $pdata$sf_c2_untitled1_updateBuildInfo_args_info 000000018002e318     c2_untitled1.obj
 0004:00000324       $pdata$sf_get_sim_state_info_c2_untitled1 000000018002e324     c2_untitled1.obj
 0004:00000330       $pdata$sf_opaque_initialize_c2_untitled1 000000018002e330     c2_untitled1.obj
 0004:0000033c       $pdata$sf_opaque_enable_c2_untitled1 000000018002e33c     c2_untitled1.obj
 0004:00000348       $pdata$sf_opaque_disable_c2_untitled1 000000018002e348     c2_untitled1.obj
 0004:00000354       $pdata$sf_opaque_gateway_c2_untitled1 000000018002e354     c2_untitled1.obj
 0004:00000360       $pdata$sf_opaque_get_sim_state_c2_untitled1 000000018002e360     c2_untitled1.obj
 0004:0000036c       $pdata$sf_opaque_set_sim_state_c2_untitled1 000000018002e36c     c2_untitled1.obj
 0004:00000378       $pdata$sf_opaque_cleanup_runtime_resources_c2_untitled1 000000018002e378     c2_untitled1.obj
 0004:00000384       $pdata$sf_opaque_mdl_start_c2_untitled1 000000018002e384     c2_untitled1.obj
 0004:00000390       $pdata$sf_opaque_mdl_terminate_c2_untitled1 000000018002e390     c2_untitled1.obj
 0004:0000039c       $pdata$mdlProcessParameters_c2_untitled1 000000018002e39c     c2_untitled1.obj
 0004:000003a8       $pdata$sf_c2_untitled1_get_post_codegen_info 000000018002e3a8     c2_untitled1.obj
 0004:000003b4       $pdata$mdlSetWorkWidths_c2_untitled1 000000018002e3b4     c2_untitled1.obj
 0004:000003c0       $pdata$mdlRTW_c2_untitled1 000000018002e3c0     c2_untitled1.obj
 0004:000003cc       $pdata$mdlSetupRuntimeResources_c2_untitled1 000000018002e3cc     c2_untitled1.obj
 0004:000003d8       $pdata$mexFunction         000000018002e3d8     untitled1_sfun_registry.obj
 0004:000003e4       $pdata$_ssSetInputPortDirectFeedThroughFcn 000000018002e3e4     untitled1_sfun_registry.obj
 0004:000003f0       $pdata$_ssSetRWorkValueFcn 000000018002e3f0     untitled1_sfun_registry.obj
 0004:000003fc       $pdata$_ssGetRWorkValueFcn 000000018002e3fc     untitled1_sfun_registry.obj
 0004:00000408       $pdata$_ssSetIWorkValueFcn 000000018002e408     untitled1_sfun_registry.obj
 0004:00000414       $pdata$_ssGetIWorkValueFcn 000000018002e414     untitled1_sfun_registry.obj
 0004:00000420       $pdata$_ssSetPWorkValueFcn 000000018002e420     untitled1_sfun_registry.obj
 0004:0000042c       $pdata$_ssGetPWorkValueFcn 000000018002e42c     untitled1_sfun_registry.obj
 0004:00000438       $pdata$_ssGetInputPortSignalFcn 000000018002e438     untitled1_sfun_registry.obj
 0004:00000444       $pdata$_ssGetInputPortBufferDstPortFcn 000000018002e444     untitled1_sfun_registry.obj
 0004:00000450       $pdata$_ssGetInputPortSignalPtrsFcn 000000018002e450     untitled1_sfun_registry.obj
 0004:0000045c       $pdata$ssGetParameterTuningCompliance 000000018002e45c     untitled1_sfun_registry.obj
 0004:00000468       $pdata$ssGetDTypeIdFromMxArray 000000018002e468     untitled1_sfun_registry.obj
 0004:00000474       $pdata$ssWriteRTWMx2dMatParam 000000018002e474     untitled1_sfun_registry.obj
 0004:00000480       $pdata$ssWriteRTWMxVectParam 000000018002e480     untitled1_sfun_registry.obj
 0004:0000048c       $pdata$ssWriteRTWParameters 000000018002e48c     untitled1_sfun_registry.obj
 0004:00000498       $pdata$ssWriteRTWParamSettings 000000018002e498     untitled1_sfun_registry.obj
 0004:000004a4       $pdata$ssWriteRTWStr       000000018002e4a4     untitled1_sfun_registry.obj
 0004:000004b0       $pdata$ssWriteRTWWorkVect  000000018002e4b0     untitled1_sfun_registry.obj
 0004:000004bc       $pdata$ssWarning           000000018002e4bc     untitled1_sfun_registry.obj
 0004:000004c8       $pdata$ssWriteRTWNameValuePair 000000018002e4c8     untitled1_sfun_registry.obj
 0004:000004d4       $pdata$_ssSetInputPortMatrixDimensions 000000018002e4d4     untitled1_sfun_registry.obj
 0004:000004e0       $pdata$_ssSetOutputPortMatrixDimensions 000000018002e4e0     untitled1_sfun_registry.obj
 0004:000004ec       $pdata$_ssSetInputPortVectorDimension 000000018002e4ec     untitled1_sfun_registry.obj
 0004:000004f8       $pdata$_ssSetOutputPortVectorDimension 000000018002e4f8     untitled1_sfun_registry.obj
 0004:00000504       $pdata$ssIsRunTimeParamTunable 000000018002e504     untitled1_sfun_registry.obj
 0004:00000510       $pdata$ssGetSFuncBlockHandle 000000018002e510     untitled1_sfun_registry.obj
 0004:0000051c       $pdata$_ssGetCurrentInputPortWidth 000000018002e51c     untitled1_sfun_registry.obj
 0004:00000528       $pdata$_ssGetCurrentOutputPortWidth 000000018002e528     untitled1_sfun_registry.obj
 0004:00000534       $pdata$_ssGetCallSystemNumFcnCallDestinations 000000018002e534     untitled1_sfun_registry.obj
 0004:00000540       $pdata$ssGetIsZeroCrossControlDisabled 000000018002e540     untitled1_sfun_registry.obj
 0004:0000054c       $pdata$ssSetIsInputPortUsedForContZcSignal 000000018002e54c     untitled1_sfun_registry.obj
 0004:00000558       $pdata$ssSetZcSignalIsZcElementDisc 000000018002e558     untitled1_sfun_registry.obj
 0004:00000564       $pdata$ssSetZcSignalName   000000018002e564     untitled1_sfun_registry.obj
 0004:00000570       $pdata$ssSetZcSignalWidth  000000018002e570     untitled1_sfun_registry.obj
 0004:0000057c       $pdata$ssSetZcSignalZcEventType 000000018002e57c     untitled1_sfun_registry.obj
 0004:00000588       $pdata$ssSetZcSignalType   000000018002e588     untitled1_sfun_registry.obj
 0004:00000594       $pdata$ssSetZcSignalZcTol  000000018002e594     untitled1_sfun_registry.obj
 0004:000005a0       $pdata$ssSetZcSignalNeedsEventNotification 000000018002e5a0     untitled1_sfun_registry.obj
 0004:000005ac       $pdata$ssCreateAndAddZcSignalInfo 000000018002e5ac     untitled1_sfun_registry.obj
 0004:000005b8       $pdata$ssCloneAndAddZcSignalInfo 000000018002e5b8     untitled1_sfun_registry.obj
 0004:000005c4       $pdata$ssGetNumZcSignals   000000018002e5c4     untitled1_sfun_registry.obj
 0004:000005d0       $pdata$ssGetZcSignalVector 000000018002e5d0     untitled1_sfun_registry.obj
 0004:000005dc       $pdata$ssGetZcSignalName   000000018002e5dc     untitled1_sfun_registry.obj
 0004:000005e8       $pdata$ssGetZcSignalWidth  000000018002e5e8     untitled1_sfun_registry.obj
 0004:000005f4       $pdata$ssGetZcSignalZcEventType 000000018002e5f4     untitled1_sfun_registry.obj
 0004:00000600       $pdata$ssGetZcSignalZcEvents 000000018002e600     untitled1_sfun_registry.obj
 0004:0000060c       $pdata$ssGetZcSignalType   000000018002e60c     untitled1_sfun_registry.obj
 0004:00000618       $pdata$ssGetZcSignalZcTol  000000018002e618     untitled1_sfun_registry.obj
 0004:00000624       $pdata$ssGetZcSignalNeedsEventNotification 000000018002e624     untitled1_sfun_registry.obj
 0004:00000630       $pdata$ssGetZcSignalIsZcElementDisc 000000018002e630     untitled1_sfun_registry.obj
 0004:0000063c       $pdata$ssGetIsInputPortElementContinuous 000000018002e63c     untitled1_sfun_registry.obj
 0004:00000648       $pdata$_ssGetAbsTol        000000018002e648     untitled1_sfun_registry.obj
 0004:00000654       $pdata$_ssSetInputPortReusableFcn 000000018002e654     untitled1_sfun_registry.obj
 0004:00000660       $pdata$_ssSetOutputPortReusableFcn 000000018002e660     untitled1_sfun_registry.obj
 0004:0000066c       $pdata$_ssSetSymbolicDimsSupport 000000018002e66c     untitled1_sfun_registry.obj
 0004:00000678       $pdata$_ssRegisterSymbolicDimsExpr 000000018002e678     untitled1_sfun_registry.obj
 0004:00000684       $pdata$_ssRegisterSymbolicDims 000000018002e684     untitled1_sfun_registry.obj
 0004:00000690       $pdata$_ssRegisterSymbolicDimsString 000000018002e690     untitled1_sfun_registry.obj
 0004:0000069c       $pdata$_ssRegisterSymbolicDimsIntValue 000000018002e69c     untitled1_sfun_registry.obj
 0004:000006a8       $pdata$_ssRegisterSymbolicDimsPlus 000000018002e6a8     untitled1_sfun_registry.obj
 0004:000006b4       $pdata$_ssRegisterSymbolicDimsMinus 000000018002e6b4     untitled1_sfun_registry.obj
 0004:000006c0       $pdata$_ssRegisterSymbolicDimsMultiply 000000018002e6c0     untitled1_sfun_registry.obj
 0004:000006cc       $pdata$_ssRegisterSymbolicDimsDivide 000000018002e6cc     untitled1_sfun_registry.obj
 0004:000006d8       $pdata$_ssGetNumSymbolicDims 000000018002e6d8     untitled1_sfun_registry.obj
 0004:000006e4       $pdata$_ssGetSymbolicDim   000000018002e6e4     untitled1_sfun_registry.obj
 0004:000006f0       $pdata$_ssSetInputPortSymbolicDimsId 000000018002e6f0     untitled1_sfun_registry.obj
 0004:000006fc       $pdata$_ssGetCompInputPortSymbolicDimsId 000000018002e6fc     untitled1_sfun_registry.obj
 0004:00000708       $pdata$_ssSetCompInputPortSymbolicDimsId 000000018002e708     untitled1_sfun_registry.obj
 0004:00000714       $pdata$_ssSetOutputPortSymbolicDimsId 000000018002e714     untitled1_sfun_registry.obj
 0004:00000720       $pdata$_ssGetCompOutputPortSymbolicDimsId 000000018002e720     untitled1_sfun_registry.obj
 0004:0000072c       $pdata$_ssSetCompOutputPortSymbolicDimsId 000000018002e72c     untitled1_sfun_registry.obj
 0004:00000738       $pdata$_ssSetCompDWorkSymbolicDimsId 000000018002e738     untitled1_sfun_registry.obj
 0004:00000744       $pdata$sf_process_check_sum_call 000000018002e744     untitled1_sfun_registry.obj
 0004:00000750       $pdata$sf_process_get_third_party_uses_info_call 000000018002e750     untitled1_sfun_registry.obj
 0004:0000075c       $pdata$sf_process_get_jit_fallback_info_call 000000018002e75c     untitled1_sfun_registry.obj
 0004:00000768       $pdata$sf_process_get_post_codegen_info_call 000000018002e768     untitled1_sfun_registry.obj
 0004:00000774       $pdata$sf_process_get_updateBuildInfo_args_info_call 000000018002e774     untitled1_sfun_registry.obj
 0004:00000780       $pdata$sf_process_get_eml_resolved_functions_info_call 000000018002e780     untitled1_sfun_registry.obj
 0004:0000078c       $pdata$sf_mex_unlock_call  000000018002e78c     untitled1_sfun_registry.obj
 0004:00000798       $pdata$ProcessMexSfunctionCmdLineCall 000000018002e798     untitled1_sfun_registry.obj
 0004:000007a4       $pdata$sf_machine_global_initializer_called 000000018002e7a4     untitled1_sfun_registry.obj
 0004:000007b0       $pdata$sf_machine_global_method_dispatcher 000000018002e7b0     untitled1_sfun_registry.obj
 0004:000007bc       $pdata$sf_machine_global_terminator 000000018002e7bc     untitled1_sfun_registry.obj
 0004:000007c8       $pdata$sf_register_machine_exported_symbols 000000018002e7c8     untitled1_sfun_registry.obj
 0004:000007d4       $pdata$sf_machine_global_initializer 000000018002e7d4     untitled1_sfun_registry.obj
 0004:000007e0       $pdata$mdlGetSimState      000000018002e7e0     untitled1_sfun_registry.obj
 0004:000007ec       $pdata$mdlSetSimState      000000018002e7ec     untitled1_sfun_registry.obj
 0004:000007f8       $pdata$mdlSetWorkWidths    000000018002e7f8     untitled1_sfun_registry.obj
 0004:00000804       $pdata$mdlProcessParameters 000000018002e804     untitled1_sfun_registry.obj
 0004:00000810       $pdata$mdl_setup_runtime_resources_processing 000000018002e810     untitled1_sfun_registry.obj
 0004:0000081c       $pdata$mdlSetupRuntimeResources 000000018002e81c     untitled1_sfun_registry.obj
 0004:00000828       $pdata$mdl_cleanup_runtime_resources_processing 000000018002e828     untitled1_sfun_registry.obj
 0004:00000834       $pdata$mdlCleanupRuntimeResources 000000018002e834     untitled1_sfun_registry.obj
 0004:00000840       $pdata$mdl_start_processing 000000018002e840     untitled1_sfun_registry.obj
 0004:0000084c       $pdata$mdlStart            000000018002e84c     untitled1_sfun_registry.obj
 0004:00000858       $pdata$mdl_terminate_processing 000000018002e858     untitled1_sfun_registry.obj
 0004:00000864       $pdata$mdlTerminate        000000018002e864     untitled1_sfun_registry.obj
 0004:00000870       $pdata$mdlInitializeSizes  000000018002e870     untitled1_sfun_registry.obj
 0004:0000087c       $pdata$mdlInitializeSampleTimes 000000018002e87c     untitled1_sfun_registry.obj
 0004:00000888       $pdata$mdl_outputs_continuous_legacy 000000018002e888     untitled1_sfun_registry.obj
 0004:00000894       $pdata$mdl_outputs_processing 000000018002e894     untitled1_sfun_registry.obj
 0004:000008a0       $pdata$mdl_zeroCrossings_processing 000000018002e8a0     untitled1_sfun_registry.obj
 0004:000008ac       $pdata$mdlZeroCrossings    000000018002e8ac     untitled1_sfun_registry.obj
 0004:000008b8       $pdata$mdl_derivatives_processing 000000018002e8b8     untitled1_sfun_registry.obj
 0004:000008c4       $pdata$mdlDerivatives      000000018002e8c4     untitled1_sfun_registry.obj
 0004:000008d0       $pdata$mdl_initialize_conditions_processing 000000018002e8d0     untitled1_sfun_registry.obj
 0004:000008dc       $pdata$mdlInitializeConditions 000000018002e8dc     untitled1_sfun_registry.obj
 0004:000008e8       $pdata$mdl_ext_mode_exec_processing 000000018002e8e8     untitled1_sfun_registry.obj
 0004:000008f4       $pdata$mdlExtModeExec      000000018002e8f4     untitled1_sfun_registry.obj
 0004:00000900       $pdata$mdlRTW              000000018002e900     untitled1_sfun_registry.obj
 0004:0000090c       $pdata$mdl_enable_processing 000000018002e90c     untitled1_sfun_registry.obj
 0004:00000918       $pdata$mdlEnable           000000018002e918     untitled1_sfun_registry.obj
 0004:00000924       $pdata$mdl_disable_processing 000000018002e924     untitled1_sfun_registry.obj
 0004:00000930       $pdata$mdlDisable          000000018002e930     untitled1_sfun_registry.obj
 0004:0000093c       $pdata$mdlOutputs          000000018002e93c     untitled1_sfun_registry.obj
 0004:00000948       $pdata$mdl_update_processing 000000018002e948     untitled1_sfun_registry.obj
 0004:00000954       $pdata$mdlUpdate           000000018002e954     untitled1_sfun_registry.obj
 0004:00000960       $pdata$ProcessMexSfunctionEveryCall 000000018002e960     untitled1_sfun_registry.obj
 0004:0000096c       $pdata$_RegNumInputPortsCB 000000018002e96c     untitled1_sfun_registry.obj
 0004:00000978       $pdata$_RegNumOutputPortsCB 000000018002e978     untitled1_sfun_registry.obj
 0004:00000984       $pdata$_CreateSimStruct    000000018002e984     untitled1_sfun_registry.obj
 0004:00000990       $pdata$_ProcessMexSfunctionCmdLineCall 000000018002e990     untitled1_sfun_registry.obj
 0004:0000099c       $pdata$ReportIndexOutOfBoundsError 000000018002e99c     untitled1_sfun_registry.obj
 0004:000009a8       $pdata$_vsnprintf_l        000000018002e9a8     untitled1_sfun_registry.obj
 0004:000009b4       $pdata$_vsprintf_l         000000018002e9b4     untitled1_sfun_registry.obj
 0004:000009c0       $pdata$sprintf             000000018002e9c0     untitled1_sfun_registry.obj
 0004:000009cc       $pdata$getBitfieldFromFloat 000000018002e9cc     half_type.obj
 0004:000009d8       $pdata$getFloatFromBitfield 000000018002e9d8     half_type.obj
 0004:000009e4       $pdata$getHalfFromBitfield 000000018002e9e4     half_type.obj
 0004:000009f0       $pdata$halfToFloat         000000018002e9f0     half_type.obj
 0004:000009fc       $pdata$halfToDouble        000000018002e9fc     half_type.obj
 0004:00000a08       $pdata$floatToHalf         000000018002ea08     half_type.obj
 0004:00000a14       $pdata$doubleToHalf        000000018002ea14     half_type.obj
 0004:00000a20       $pdata$__raise_securityfailure 000000018002ea20     MSVCRT:gs_report.obj
 0004:00000a2c       $pdata$__report_gsfailure  000000018002ea2c     MSVCRT:gs_report.obj
 0004:00000a38       $pdata$__report_rangecheckfailure 000000018002ea38     MSVCRT:gs_report.obj
 0004:00000a44       $pdata$__report_securityfailure 000000018002ea44     MSVCRT:gs_report.obj
 0004:00000a50       $pdata$__report_securityfailureEx 000000018002ea50     MSVCRT:gs_report.obj
 0004:00000a5c       $pdata$capture_current_context 000000018002ea5c     MSVCRT:gs_report.obj
 0004:00000a68       $pdata$capture_previous_context 000000018002ea68     MSVCRT:gs_report.obj
 0004:00000a74       $pdata$__GSHandlerCheck    000000018002ea74     MSVCRT:gshandler.obj
 0004:00000a80       $pdata$__GSHandlerCheckCommon 000000018002ea80     MSVCRT:gshandler.obj
 0004:00000aa4       $pdata$?dllmain_crt_dispatch@@YAHQEAUHINSTANCE__@@KQEAX@Z 000000018002eaa4     MSVCRT:dll_dllmain.obj
 0004:00000ab0       $pdata$?dllmain_crt_process_attach@@YAHQEAUHINSTANCE__@@QEAX@Z 000000018002eab0     MSVCRT:dll_dllmain.obj
 0004:00000abc       $pdata$?dllmain_crt_process_detach@@YAH_N@Z 000000018002eabc     MSVCRT:dll_dllmain.obj
 0004:00000ac8       $pdata$?dllmain_dispatch@@YAHQEAUHINSTANCE__@@KQEAX@Z 000000018002eac8     MSVCRT:dll_dllmain.obj
 0004:00000ad4       $pdata$_DllMainCRTStartup  000000018002ead4     MSVCRT:dll_dllmain.obj
 0004:00000ae0       $pdata$__get_entropy       000000018002eae0     MSVCRT:gs_support.obj
 0004:00000aec       $pdata$__security_init_cookie 000000018002eaec     MSVCRT:gs_support.obj
 0004:00000af8       $pdata$DllMain             000000018002eaf8     MSVCRT:dll_dllmain_stub.obj
 0004:00000b04       $pdata$__scrt_initialize_default_local_stdio_options 000000018002eb04     MSVCRT:default_local_stdio_options.obj
 0004:00000b10       $pdata$?configure_argv@__scrt_narrow_argv_policy@@SAHXZ 000000018002eb10     MSVCRT:utility.obj
 0004:00000b1c       $pdata$__scrt_acquire_startup_lock 000000018002eb1c     MSVCRT:utility.obj
 0004:00000b28       $pdata$__scrt_dllmain_after_initialize_c 000000018002eb28     MSVCRT:utility.obj
 0004:00000b34       $pdata$__scrt_dllmain_before_initialize_c 000000018002eb34     MSVCRT:utility.obj
 0004:00000b40       $pdata$__scrt_dllmain_crt_thread_attach 000000018002eb40     MSVCRT:utility.obj
 0004:00000b4c       $pdata$__scrt_dllmain_crt_thread_detach 000000018002eb4c     MSVCRT:utility.obj
 0004:00000b58       $pdata$__scrt_dllmain_exception_filter 000000018002eb58     MSVCRT:utility.obj
 0004:00000b64       $pdata$__scrt_dllmain_uninitialize_c 000000018002eb64     MSVCRT:utility.obj
 0004:00000b70       $pdata$__scrt_dllmain_uninitialize_critical 000000018002eb70     MSVCRT:utility.obj
 0004:00000b7c       $pdata$__scrt_initialize_crt 000000018002eb7c     MSVCRT:utility.obj
 0004:00000b88       $pdata$__scrt_initialize_onexit_tables 000000018002eb88     MSVCRT:utility.obj
 0004:00000b94       $pdata$__scrt_is_nonwritable_in_current_image 000000018002eb94     MSVCRT:utility.obj
 0004:00000ba0       $pdata$__scrt_release_startup_lock 000000018002eba0     MSVCRT:utility.obj
 0004:00000bac       $pdata$__scrt_uninitialize_crt 000000018002ebac     MSVCRT:utility.obj
 0004:00000bb8       $pdata$_onexit             000000018002ebb8     MSVCRT:utility.obj
 0004:00000bc4       $pdata$atexit              000000018002ebc4     MSVCRT:utility.obj
 0004:00000bd0       $pdata$__scrt_fastfail     000000018002ebd0     MSVCRT:utility_desktop.obj
 0004:00000bdc       $pdata$__scrt_get_show_window_mode 000000018002ebdc     MSVCRT:utility_desktop.obj
 0004:00000be8       $pdata$__scrt_is_managed_app 000000018002ebe8     MSVCRT:utility_desktop.obj
 0004:00000bf4       $pdata$__scrt_unhandled_exception_filter 000000018002ebf4     MSVCRT:utility_desktop.obj
 0004:00000c00       $pdata$_RTC_Initialize     000000018002ec00     MSVCRT:initsect.obj
 0004:00000c0c       $pdata$_RTC_Terminate      000000018002ec0c     MSVCRT:initsect.obj
 0004:00000c18       $pdata$__isa_available_init 000000018002ec18     MSVCRT:cpu_disp.obj
 0004:00000c30       $pdata$?fin$0@?0??dllmain_crt_process_attach@@YAHQEAUHINSTANCE__@@QEAX@Z@4HA 000000018002ec30     MSVCRT:dll_dllmain.obj
 0004:00000c3c       $pdata$?fin$0@?0??dllmain_crt_process_detach@@YAH_N@Z@4HA 000000018002ec3c     MSVCRT:dll_dllmain.obj
 0004:00000c48       $pdata$?filt$0@?0??dllmain_dispatch@@YAHQEAUHINSTANCE__@@KQEAX@Z@4HA 000000018002ec48     MSVCRT:dll_dllmain.obj
 0004:00000c54       $pdata$__scrt_is_nonwritable_in_current_image$filt$0 000000018002ec54     MSVCRT:utility.obj
