 main_sfun

 Timestamp is 66261b9c (Mon Apr 22 16:11:08 2024)

 Preferred load address is 0000000180000000

 Start         Length     Name                   Class
 0001:00000000 0001f0f0H .text$mn                CODE
 0001:0001f0f0 00000012H .text$mn$00             CODE
 0001:0001f102 00000081H .text$x                 CODE
 0002:00000000 00000550H .idata$5                DATA
 0002:00000550 00000010H .00cfg                  DATA
 0002:00000560 00000008H .CRT$XCA                DATA
 0002:00000568 00000008H .CRT$XCZ                DATA
 0002:00000570 00000008H .CRT$XIA                DATA
 0002:00000578 00000008H .CRT$XIZ                DATA
 0002:00000580 00000008H .CRT$XPA                DATA
 0002:00000588 00000008H .CRT$XPZ                DATA
 0002:00000590 00000008H .CRT$XTA                DATA
 0002:00000598 00000008H .CRT$XTZ                DATA
 0002:000005a0 00000000H .gfids$y                DATA
 0002:000005a0 00000350H .rdata                  DATA
 0002:000008f0 00000218H .rdata$zzzdbg           DATA
 0002:00000b08 00000008H .rtc$IAA                DATA
 0002:00000b10 00000008H .rtc$IZZ                DATA
 0002:00000b18 00000008H .rtc$TAA                DATA
 0002:00000b20 00000008H .rtc$TZZ                DATA
 0002:00000b28 00000a68H .xdata                  DATA
 0002:00001590 00000074H .edata                  DATA
 0002:00001604 0000012cH .idata$2                DATA
 0002:00001730 00000018H .idata$3                DATA
 0002:00001748 00000550H .idata$4                DATA
 0002:00001c98 00000e84H .idata$6                DATA
 0003:00000000 00008b50H .data                   DATA
 0003:00008b50 00000b30H .bss                    DATA
 0004:00000000 00000c60H .pdata                  DATA

  Address         Publics by Value              Rva+Base               Lib:Object

 0000:00000000       ___safe_se_handler_table   0000000000000000     <absolute>
 0000:00000000       __guard_iat_table          0000000000000000     <absolute>
 0000:00000000       __dynamic_value_reloc_table 0000000000000000     <absolute>
 0000:00000000       __hybrid_code_map_count    0000000000000000     <absolute>
 0000:00000000       __hybrid_code_map          0000000000000000     <absolute>
 0000:00000000       __guard_longjmp_table      0000000000000000     <absolute>
 0000:00000000       __guard_longjmp_count      0000000000000000     <absolute>
 0000:00000000       __guard_fids_count         0000000000000000     <absolute>
 0000:00000000       __volatile_metadata        0000000000000000     <absolute>
 0000:00000000       __enclave_config           0000000000000000     <absolute>
 0000:00000000       __hybrid_auxiliary_iat     0000000000000000     <absolute>
 0000:00000000       ___safe_se_handler_count   0000000000000000     <absolute>
 0000:00000000       __guard_iat_count          0000000000000000     <absolute>
 0000:00000000       __guard_fids_table         0000000000000000     <absolute>
 0000:00000100       __guard_flags              0000000000000100     <absolute>
 0000:00000000       __ImageBase                0000000180000000     <linker-defined>
 0001:00000000       main_initializer           0000000180001000 f   main_sfun.obj
 0001:00000010       main_terminator            0000000180001010 f   main_sfun.obj
 0001:00000020       load_main_optimization_info 0000000180001020 f   main_sfun.obj
 0001:000000d0       unload_main_optimization_info 00000001800010d0 f   main_sfun.obj
 0001:00000100       sf_main_method_dispatcher  0000000180001100 f   main_sfun.obj
 0001:00000150       sf_main_process_check_sum_call 0000000180001150 f   main_sfun.obj
 0001:00000640       sf_main_get_eml_resolved_functions_info 0000000180001640 f   main_sfun.obj
 0001:00000820       sf_main_third_party_uses_info 0000000180001820 f   main_sfun.obj
 0001:000009f0       sf_main_jit_fallback_info  00000001800019f0 f   main_sfun.obj
 0001:00000bc0       sf_main_get_post_codegen_info 0000000180001bc0 f   main_sfun.obj
 0001:00000da0       sf_main_updateBuildInfo_args_info 0000000180001da0 f   main_sfun.obj
 0001:00000f70       main_register_exported_symbols 0000000180001f70 f   main_sfun.obj
 0001:00000f80       sf_c2_main_get_eml_resolved_functions_info 0000000180001f80 f   c2_main.obj
 0001:00001040       sf_c2_main_get_check_sum   0000000180002040 f   c2_main.obj
 0001:00001110       c2_main_method_dispatcher  0000000180002110 f   c2_main.obj
 0001:000130c0       sf_c2_main_third_party_uses_info 00000001800140c0 f   c2_main.obj
 0001:00013140       sf_c2_main_jit_fallback_info 0000000180014140 f   c2_main.obj
 0001:000132d0       sf_c2_main_updateBuildInfo_args_info 00000001800142d0 f   c2_main.obj
 0001:00013670       sf_c2_main_get_post_codegen_info 0000000180014670 f   c2_main.obj
 0001:00013b70       mexFunction                0000000180014b70 f   main_sfun_registry.obj
 0001:00016350       _ssSetInputPortDirectFeedThroughFcn 0000000180017350 f   main_sfun_registry.obj
 0001:000164c0       _ssSetRWorkValueFcn        00000001800174c0 f   main_sfun_registry.obj
 0001:00016540       _ssGetRWorkValueFcn        0000000180017540 f   main_sfun_registry.obj
 0001:000165b0       _ssSetIWorkValueFcn        00000001800175b0 f   main_sfun_registry.obj
 0001:00016630       _ssGetIWorkValueFcn        0000000180017630 f   main_sfun_registry.obj
 0001:000166a0       _ssSetPWorkValueFcn        00000001800176a0 f   main_sfun_registry.obj
 0001:00016720       _ssGetPWorkValueFcn        0000000180017720 f   main_sfun_registry.obj
 0001:00016790       _ssGetInputPortSignalFcn   0000000180017790 f   main_sfun_registry.obj
 0001:00016b20       _ssGetInputPortBufferDstPortFcn 0000000180017b20 f   main_sfun_registry.obj
 0001:00016ba0       _ssGetInputPortSignalPtrsFcn 0000000180017ba0 f   main_sfun_registry.obj
 0001:00016f30       ssGetParameterTuningCompliance 0000000180017f30 f   main_sfun_registry.obj
 0001:00016fa0       ssGetDTypeIdFromMxArray    0000000180017fa0 f   main_sfun_registry.obj
 0001:000170c0       ssWriteRTWMx2dMatParam     00000001800180c0 f   main_sfun_registry.obj
 0001:00017150       ssWriteRTWMxVectParam      0000000180018150 f   main_sfun_registry.obj
 0001:000171d0       ssWriteRTWParameters       00000001800181d0 f   main_sfun_registry.obj
 0001:00017790       ssWriteRTWParamSettings    0000000180018790 f   main_sfun_registry.obj
 0001:00017e80       ssWriteRTWStr              0000000180018e80 f   main_sfun_registry.obj
 0001:00017ee0       ssWriteRTWWorkVect         0000000180018ee0 f   main_sfun_registry.obj
 0001:00018440       ssWarning                  0000000180019440 f   main_sfun_registry.obj
 0001:00018530       ssWriteRTWNameValuePair    0000000180019530 f   main_sfun_registry.obj
 0001:00018a30       _ssSetInputPortMatrixDimensions 0000000180019a30 f   main_sfun_registry.obj
 0001:00018b50       _ssSetOutputPortMatrixDimensions 0000000180019b50 f   main_sfun_registry.obj
 0001:00018c70       _ssSetInputPortVectorDimension 0000000180019c70 f   main_sfun_registry.obj
 0001:00018d20       _ssSetOutputPortVectorDimension 0000000180019d20 f   main_sfun_registry.obj
 0001:00018dd0       ssIsRunTimeParamTunable    0000000180019dd0 f   main_sfun_registry.obj
 0001:00018e40       ssGetSFuncBlockHandle      0000000180019e40 f   main_sfun_registry.obj
 0001:00018eb0       _ssGetCurrentInputPortWidth 0000000180019eb0 f   main_sfun_registry.obj
 0001:00018ff0       _ssGetCurrentOutputPortWidth 0000000180019ff0 f   main_sfun_registry.obj
 0001:00019130       _ssGetCallSystemNumFcnCallDestinations 000000018001a130 f   main_sfun_registry.obj
 0001:000191a0       ssGetIsZeroCrossControlDisabled 000000018001a1a0 f   main_sfun_registry.obj
 0001:00019210       ssSetIsInputPortUsedForContZcSignal 000000018001a210 f   main_sfun_registry.obj
 0001:00019280       ssSetZcSignalIsZcElementDisc 000000018001a280 f   main_sfun_registry.obj
 0001:00019330       ssSetZcSignalName          000000018001a330 f   main_sfun_registry.obj
 0001:000193a0       ssSetZcSignalWidth         000000018001a3a0 f   main_sfun_registry.obj
 0001:00019410       ssSetZcSignalZcEventType   000000018001a410 f   main_sfun_registry.obj
 0001:00019480       ssSetZcSignalType          000000018001a480 f   main_sfun_registry.obj
 0001:000194f0       ssSetZcSignalZcTol         000000018001a4f0 f   main_sfun_registry.obj
 0001:00019560       ssSetZcSignalNeedsEventNotification 000000018001a560 f   main_sfun_registry.obj
 0001:000195d0       ssCreateAndAddZcSignalInfo 000000018001a5d0 f   main_sfun_registry.obj
 0001:00019640       ssCloneAndAddZcSignalInfo  000000018001a640 f   main_sfun_registry.obj
 0001:000196b0       ssGetNumZcSignals          000000018001a6b0 f   main_sfun_registry.obj
 0001:00019720       ssGetZcSignalVector        000000018001a720 f   main_sfun_registry.obj
 0001:00019790       ssGetZcSignalName          000000018001a790 f   main_sfun_registry.obj
 0001:00019800       ssGetZcSignalWidth         000000018001a800 f   main_sfun_registry.obj
 0001:00019870       ssGetZcSignalZcEventType   000000018001a870 f   main_sfun_registry.obj
 0001:000198e0       ssGetZcSignalZcEvents      000000018001a8e0 f   main_sfun_registry.obj
 0001:00019950       ssGetZcSignalType          000000018001a950 f   main_sfun_registry.obj
 0001:000199c0       ssGetZcSignalZcTol         000000018001a9c0 f   main_sfun_registry.obj
 0001:00019a40       ssGetZcSignalNeedsEventNotification 000000018001aa40 f   main_sfun_registry.obj
 0001:00019ab0       ssGetZcSignalIsZcElementDisc 000000018001aab0 f   main_sfun_registry.obj
 0001:00019b50       ssGetIsInputPortElementContinuous 000000018001ab50 f   main_sfun_registry.obj
 0001:00019bf0       _ssGetAbsTol               000000018001abf0 f   main_sfun_registry.obj
 0001:00019c60       _ssSetStateAbsTol          000000018001ac60 f   main_sfun_registry.obj
 0001:00019d40       _ssSetInputPortReusableFcn 000000018001ad40 f   main_sfun_registry.obj
 0001:00019e40       _ssSetOutputPortReusableFcn 000000018001ae40 f   main_sfun_registry.obj
 0001:00019f40       _ssSetSymbolicDimsSupport  000000018001af40 f   main_sfun_registry.obj
 0001:00019fb0       _ssRegisterSymbolicDimsExpr 000000018001afb0 f   main_sfun_registry.obj
 0001:0001a030       _ssRegisterSymbolicDims    000000018001b030 f   main_sfun_registry.obj
 0001:0001a0d0       _ssRegisterSymbolicDimsString 000000018001b0d0 f   main_sfun_registry.obj
 0001:0001a150       _ssRegisterSymbolicDimsIntValue 000000018001b150 f   main_sfun_registry.obj
 0001:0001a1c0       _ssRegisterSymbolicDimsPlus 000000018001b1c0 f   main_sfun_registry.obj
 0001:0001a240       _ssRegisterSymbolicDimsMinus 000000018001b240 f   main_sfun_registry.obj
 0001:0001a2c0       _ssRegisterSymbolicDimsMultiply 000000018001b2c0 f   main_sfun_registry.obj
 0001:0001a340       _ssRegisterSymbolicDimsDivide 000000018001b340 f   main_sfun_registry.obj
 0001:0001a3c0       _ssGetNumSymbolicDims      000000018001b3c0 f   main_sfun_registry.obj
 0001:0001a430       _ssGetSymbolicDim          000000018001b430 f   main_sfun_registry.obj
 0001:0001a4b0       _ssSetInputPortSymbolicDimsId 000000018001b4b0 f   main_sfun_registry.obj
 0001:0001a520       _ssGetCompInputPortSymbolicDimsId 000000018001b520 f   main_sfun_registry.obj
 0001:0001a590       _ssSetCompInputPortSymbolicDimsId 000000018001b590 f   main_sfun_registry.obj
 0001:0001a600       _ssSetOutputPortSymbolicDimsId 000000018001b600 f   main_sfun_registry.obj
 0001:0001a670       _ssGetCompOutputPortSymbolicDimsId 000000018001b670 f   main_sfun_registry.obj
 0001:0001a6e0       _ssSetCompOutputPortSymbolicDimsId 000000018001b6e0 f   main_sfun_registry.obj
 0001:0001a750       _ssSetCompDWorkSymbolicDimsId 000000018001b750 f   main_sfun_registry.obj
 0001:0001a7c0       sf_process_check_sum_call  000000018001b7c0 f   main_sfun_registry.obj
 0001:0001a810       sf_process_get_third_party_uses_info_call 000000018001b810 f   main_sfun_registry.obj
 0001:0001aa40       sf_process_get_jit_fallback_info_call 000000018001ba40 f   main_sfun_registry.obj
 0001:0001ac70       sf_process_get_post_codegen_info_call 000000018001bc70 f   main_sfun_registry.obj
 0001:0001aea0       sf_process_get_updateBuildInfo_args_info_call 000000018001bea0 f   main_sfun_registry.obj
 0001:0001b0d0       sf_process_get_eml_resolved_functions_info_call 000000018001c0d0 f   main_sfun_registry.obj
 0001:0001b300       sf_mex_unlock_call         000000018001c300 f   main_sfun_registry.obj
 0001:0001b520       sf_machine_global_initializer_called 000000018001c520 f   main_sfun_registry.obj
 0001:0001b550       sf_machine_global_method_dispatcher 000000018001c550 f   main_sfun_registry.obj
 0001:0001b5b0       sf_machine_global_terminator 000000018001c5b0 f   main_sfun_registry.obj
 0001:0001b5e0       sf_register_machine_exported_symbols 000000018001c5e0 f   main_sfun_registry.obj
 0001:0001b600       callCustomFcn              000000018001c600 f   main_sfun_registry.obj
 0001:0001b610       sf_machine_global_initializer 000000018001c610 f   main_sfun_registry.obj
 0001:0001b680       mdlGetSimState             000000018001c680 f   main_sfun_registry.obj
 0001:0001b6c0       mdlSetSimState             000000018001c6c0 f   main_sfun_registry.obj
 0001:0001c010       ProcessMexSfunctionEveryCall 000000018001d010 f   main_sfun_registry.obj
 0001:0001d190       __local_stdio_printf_options 000000018001e190 f i main_sfun_registry.obj
 0001:0001d1a0       _vsnprintf_l               000000018001e1a0 f i main_sfun_registry.obj
 0001:0001d220       _vsprintf_l                000000018001e220 f i main_sfun_registry.obj
 0001:0001d270       sprintf                    000000018001e270 f i main_sfun_registry.obj
 0001:0001d2c0       mexfilerequiredapiversion  000000018001e2c0 f   c_mexapi_version.obj
 0001:0001d2f0       getBitfieldFromFloat       000000018001e2f0 f   half_type.obj
 0001:0001d320       getFloatFromBitfield       000000018001e320 f   half_type.obj
 0001:0001d350       getBitfieldFromHalf        000000018001e350 f   half_type.obj
 0001:0001d370       getHalfFromBitfield        000000018001e370 f   half_type.obj
 0001:0001d3a0       halfToFloat                000000018001e3a0 f   half_type.obj
 0001:0001d450       halfToDouble               000000018001e450 f   half_type.obj
 0001:0001d480       floatToHalf                000000018001e480 f   half_type.obj
 0001:0001d6e0       doubleToHalf               000000018001e6e0 f   half_type.obj
 0001:0001d9cd       ippfilter_real64           000000018001e9cd f   libmwippfilter:libmwippfilter.dll
 0001:0001d9d3       imfilter_real64            000000018001e9d3 f   libmwimfilter:libmwimfilter.dll
 0001:0001d9d9       sf_load_rtw_optimization_info 000000018001e9d9 f   sf_runtime:sf_runtime.dll
 0001:0001d9df       sf_mex_decode              000000018001e9df f   sf_runtime:sf_runtime.dll
 0001:0001d9e5       sf_init_ChartRunTimeInfo   000000018001e9e5 f   sf_runtime:sf_runtime.dll
 0001:0001d9eb       sf_free_ChartRunTimeInfo   000000018001e9eb f   sf_runtime:sf_runtime.dll
 0001:0001d9f1       sfrtGetEmlrtCtx            000000018001e9f1 f   sf_runtime:sf_runtime.dll
 0001:0001d9f7       sfrtGetCovrtInstance       000000018001e9f7 f   sf_runtime:sf_runtime.dll
 0001:0001d9fd       sf_get_chart_instance_ptr  000000018001e9fd f   sf_runtime:sf_runtime.dll
 0001:0001da03       sim_mode_is_rtw_gen        000000018001ea03 f   sf_runtime:sf_runtime.dll
 0001:0001da09       sim_mode_is_external       000000018001ea09 f   sf_runtime:sf_runtime.dll
 0001:0001da0f       sf_mex_listen_for_ctrl_c   000000018001ea0f f   sf_runtime:sf_runtime.dll
 0001:0001da15       sf_clear_rtw_identifier    000000018001ea15 f   sf_runtime:sf_runtime.dll
 0001:0001da1b       sf_get_time                000000018001ea1b f   sf_runtime:sf_runtime.dll
 0001:0001da21       sfDoAnimationWrapper       000000018001ea21 f   sf_runtime:sf_runtime.dll
 0001:0001da27       setDataBrowseFcn           000000018001ea27 f   sf_runtime:sf_runtime.dll
 0001:0001da2d       setLegacyDebuggerFlag      000000018001ea2d f   sf_runtime:sf_runtime.dll
 0001:0001da33       setDebuggerFlag            000000018001ea33 f   sf_runtime:sf_runtime.dll
 0001:0001da39       sf_warn_if_symbolic_dimension_param_changed 000000018001ea39 f   sf_runtime:sf_runtime.dll
 0001:0001da3f       sf_set_work_widths         000000018001ea3f f   sf_runtime:sf_runtime.dll
 0001:0001da45       sfListenerCacheSimStruct   000000018001ea45 f   sf_runtime:sf_runtime.dll
 0001:0001da4b       sfListenerLightTerminate   000000018001ea4b f   sf_runtime:sf_runtime.dll
 0001:0001da51       sfListenerInitializeRuntimeVars 000000018001ea51 f   sf_runtime:sf_runtime.dll
 0001:0001da57       sf_mex_call                000000018001ea57 f   sf_runtime:sf_runtime.dll
 0001:0001da5d       sf_mex_error_message       000000018001ea5d f   sf_runtime:sf_runtime.dll
 0001:0001da63       sf_mex_create              000000018001ea63 f   sf_runtime:sf_runtime.dll
 0001:0001da69       sf_mex_createcellmatrix    000000018001ea69 f   sf_runtime:sf_runtime.dll
 0001:0001da6f       sf_mex_setcell             000000018001ea6f f   sf_runtime:sf_runtime.dll
 0001:0001da75       sf_mex_getcell             000000018001ea75 f   sf_runtime:sf_runtime.dll
 0001:0001da7b       sf_mex_assign              000000018001ea7b f   sf_runtime:sf_runtime.dll
 0001:0001da81       sf_mex_dup                 000000018001ea81 f   sf_runtime:sf_runtime.dll
 0001:0001da87       sf_mex_destroy             000000018001ea87 f   sf_runtime:sf_runtime.dll
 0001:0001da8d       sf_mex_import              000000018001ea8d f   sf_runtime:sf_runtime.dll
 0001:0001da93       ssGetInputPortSignal_wrapper 000000018001ea93 f   sf_runtime:sf_runtime.dll
 0001:0001da99       ssGetOutputPortSignal_wrapper 000000018001ea99 f   sf_runtime:sf_runtime.dll
 0001:0001da9f       sf_data_saturate_error     000000018001ea9f f   sf_runtime:sf_runtime.dll
 0001:0001daa5       sf_get_ChartInfoStruct_CodeGen 000000018001eaa5 f   sf_runtime:sf_runtime.dll
 0001:0001daab       sf_get_hasSeparateUpdateOutputs 000000018001eaab f   sf_runtime:sf_runtime.dll
 0001:0001dab1       callMdlMethodAndReportError 000000018001eab1 f   sf_runtime:sf_runtime.dll
 0001:0001dab7       call_sf_machine_global_method_dispatcher 000000018001eab7 f   sf_runtime:sf_runtime.dll
 0001:0001dabd       getRuntimeInstanceInfoAsVoid 000000018001eabd f   sf_runtime:sf_runtime.dll
 0001:0001dac3       sf_mex_error_direct_call   000000018001eac3 f   sf_runtime:sf_runtime.dll
 0001:0001dac9       sf_clear_error_manager_info 000000018001eac9 f   sf_runtime:sf_runtime.dll
 0001:0001dacf       mxIsChar_800               000000018001eacf f   libmx:libmx.dll
 0001:0001dad5       mxGetScalar_800            000000018001ead5 f   libmx:libmx.dll
 0001:0001dadb       mxGetPr_800                000000018001eadb f   libmx:libmx.dll
 0001:0001dae1       mxDestroyArray_800         000000018001eae1 f   libmx:libmx.dll
 0001:0001dae7       mxCreateDoubleMatrix_800   000000018001eae7 f   libmx:libmx.dll
 0001:0001daed       mxGetString_800            000000018001eaed f   libmx:libmx.dll
 0001:0001daf3       mxDuplicateArray_800       000000018001eaf3 f   libmx:libmx.dll
 0001:0001daf9       mxSetCell_800              000000018001eaf9 f   libmx:libmx.dll
 0001:0001daff       mxSetField_800             000000018001eaff f   libmx:libmx.dll
 0001:0001db05       mxCreateString_800         000000018001eb05 f   libmx:libmx.dll
 0001:0001db0b       mxCreateCellMatrix_800     000000018001eb0b f   libmx:libmx.dll
 0001:0001db11       mxCreateStructMatrix_800   000000018001eb11 f   libmx:libmx.dll
 0001:0001db17       mxGetNaN_800               000000018001eb17 f   libmx:libmx.dll
 0001:0001db1d       mxCalloc_800               000000018001eb1d f   libmx:libmx.dll
 0001:0001db23       mxGetM_800                 000000018001eb23 f   libmx:libmx.dll
 0001:0001db29       mxGetClassID_800           000000018001eb29 f   libmx:libmx.dll
 0001:0001db2f       mxIsNumeric_800            000000018001eb2f f   libmx:libmx.dll
 0001:0001db35       mxIsComplex_800            000000018001eb35 f   libmx:libmx.dll
 0001:0001db3b       mxGetN_800                 000000018001eb3b f   libmx:libmx.dll
 0001:0001db41       mxCreateDoubleScalar_800   000000018001eb41 f   libmx:libmx.dll
 0001:0001db47       mexMakeArrayPersistent_800 000000018001eb47 f   libmex:libmex.dll
 0001:0001db4d       mexErrMsgTxt_800           000000018001eb4d f   libmex:libmex.dll
 0001:0001db53       mexWarnMsgTxt_800          000000018001eb53 f   libmex:libmex.dll
 0001:0001db59       mexCallMATLAB_800          000000018001eb59 f   libmex:libmex.dll
 0001:0001db5f       mexLock_800                000000018001eb5f f   libmex:libmex.dll
 0001:0001db65       mexUnlock_800              000000018001eb65 f   libmex:libmex.dll
 0001:0001db6b       mexIsLocked_800            000000018001eb6b f   libmex:libmex.dll
 0001:0001db71       utMalloc                   000000018001eb71 f   libut:libut.dll
 0001:0001db77       utFree                     000000018001eb77 f   libut:libut.dll
 0001:0001db7d       muDoubleScalarAbs          000000018001eb7d f   libmwmathutil:libmwmathutil.dll
 0001:0001db83       muDoubleScalarFloor        000000018001eb83 f   libmwmathutil:libmwmathutil.dll
 0001:0001db89       muDoubleScalarRound        000000018001eb89 f   libmwmathutil:libmwmathutil.dll
 0001:0001db8f       muDoubleScalarCos          000000018001eb8f f   libmwmathutil:libmwmathutil.dll
 0001:0001db95       muDoubleScalarExp          000000018001eb95 f   libmwmathutil:libmwmathutil.dll
 0001:0001db9b       muDoubleScalarLog          000000018001eb9b f   libmwmathutil:libmwmathutil.dll
 0001:0001dba1       muDoubleScalarPower        000000018001eba1 f   libmwmathutil:libmwmathutil.dll
 0001:0001dba7       muDoubleScalarSin          000000018001eba7 f   libmwmathutil:libmwmathutil.dll
 0001:0001dbad       muDoubleScalarSqrt         000000018001ebad f   libmwmathutil:libmwmathutil.dll
 0001:0001dbb3       muDoubleScalarRem          000000018001ebb3 f   libmwmathutil:libmwmathutil.dll
 0001:0001dbb9       muDoubleScalarIsNaN        000000018001ebb9 f   libmwmathutil:libmwmathutil.dll
 0001:0001dbbf       muDoubleScalarIsInf        000000018001ebbf f   libmwmathutil:libmwmathutil.dll
 0001:0001dbc5       emlrtLicenseCheckR2012b    000000018001ebc5 f   libemlrt:libemlrt.dll
 0001:0001dbcb       emlrtDynamicBoundsCheckR2012b 000000018001ebcb f   libemlrt:libemlrt.dll
 0001:0001dbd1       emlrtSizeMulR2012b         000000018001ebd1 f   libemlrt:libemlrt.dll
 0001:0001dbd7       emlrtIntegerCheckR2012b    000000018001ebd7 f   libemlrt:libemlrt.dll
 0001:0001dbdd       emlrtMallocMex             000000018001ebdd f   libemlrt:libemlrt.dll
 0001:0001dbe3       emlrtCallocMex             000000018001ebe3 f   libemlrt:libemlrt.dll
 0001:0001dbe9       emlrtFreeMex               000000018001ebe9 f   libemlrt:libemlrt.dll
 0001:0001dbef       emlrtNameCaptureMxArrayR2016a 000000018001ebef f   libemlrt:libemlrt.dll
 0001:0001dbf5       emlrtHeapAllocationErrorR2012b 000000018001ebf5 f   libemlrt:libemlrt.dll
 0001:0001dbfb       emlrtFFTW_1D_C2C           000000018001ebfb f   libemlrt:libemlrt.dll
 0001:0001dc01       emlrtFFTW_1D_R2C           000000018001ec01 f   libemlrt:libemlrt.dll
 0001:0001dc07       emlrtFFTWSetNumThreads     000000018001ec07 f   libemlrt:libemlrt.dll
 0001:0001dc0d       covrtCreateStateflowInstanceData 000000018001ec0d f   libcovrt:libcovrt.dll
 0001:0001dc13       covrtDeleteStateflowInstanceData 000000018001ec13 f   libcovrt:libcovrt.dll
 0001:0001dc19       covrtTransInitFcn          000000018001ec19 f   libcovrt:libcovrt.dll
 0001:0001dc1f       covrtStateInitFcn          000000018001ec1f f   libcovrt:libcovrt.dll
 0001:0001dc25       covrtChartInitFcn          000000018001ec25 f   libcovrt:libcovrt.dll
 0001:0001dc2b       covrtRelationalopUpdateFcn 000000018001ec2b f   libcovrt:libcovrt.dll
 0001:0001dc31       covrtSaturationUpdateFcn   000000018001ec31 f   libcovrt:libcovrt.dll
 0001:0001dc37       covrtSigUpdateFcn          000000018001ec37 f   libcovrt:libcovrt.dll
 0001:0001dc3d       covrtEmlInitFcn            000000018001ec3d f   libcovrt:libcovrt.dll
 0001:0001dc43       covrtEmlFcnInitFcn         000000018001ec43 f   libcovrt:libcovrt.dll
 0001:0001dc49       covrtEmlSaturationInitFcn  000000018001ec49 f   libcovrt:libcovrt.dll
 0001:0001dc4f       covrtEmlIfInitFcn          000000018001ec4f f   libcovrt:libcovrt.dll
 0001:0001dc55       covrtEmlForInitFcn         000000018001ec55 f   libcovrt:libcovrt.dll
 0001:0001dc5b       covrtEmlMCDCInitFcn        000000018001ec5b f   libcovrt:libcovrt.dll
 0001:0001dc61       covrtEmlRelationalInitFcn  000000018001ec61 f   libcovrt:libcovrt.dll
 0001:0001dc67       covrtEmlFcnEval            000000018001ec67 f   libcovrt:libcovrt.dll
 0001:0001dc6d       covrtEmlIfEval             000000018001ec6d f   libcovrt:libcovrt.dll
 0001:0001dc73       covrtEmlForEval            000000018001ec73 f   libcovrt:libcovrt.dll
 0001:0001dc79       covrtEmlCondEval           000000018001ec79 f   libcovrt:libcovrt.dll
 0001:0001dc7f       covrtEmlMcdcEval           000000018001ec7f f   libcovrt:libcovrt.dll
 0001:0001dc88       __raise_securityfailure    000000018001ec88 f   MSVCRT:gs_report.obj
 0001:0001dcbc       __report_gsfailure         000000018001ecbc f   MSVCRT:gs_report.obj
 0001:0001dd90       __report_rangecheckfailure 000000018001ed90 f   MSVCRT:gs_report.obj
 0001:0001dda4       __report_securityfailure   000000018001eda4 f   MSVCRT:gs_report.obj
 0001:0001de40       __report_securityfailureEx 000000018001ee40 f   MSVCRT:gs_report.obj
 0001:0001e034       __GSHandlerCheck           000000018001f034 f   MSVCRT:gshandler.obj
 0001:0001e054       __GSHandlerCheckCommon     000000018001f054 f   MSVCRT:gshandler.obj
 0001:0001e0c0       __security_check_cookie    000000018001f0c0 f   MSVCRT:amdsecgs.obj
 0001:0001e100       __chkstk                   000000018001f100 f   MSVCRT:chkstk.obj
 0001:0001e100       _alloca_probe              000000018001f100 f   MSVCRT:chkstk.obj
 0001:0001e4a0       _CRT_INIT                  000000018001f4a0 f   MSVCRT:dll_dllmain.obj
 0001:0001e4a8       _DllMainCRTStartup         000000018001f4a8 f   MSVCRT:dll_dllmain.obj
 0001:0001e554       __security_init_cookie     000000018001f554 f   MSVCRT:gs_support.obj
 0001:0001e600       DllMain                    000000018001f600 f   MSVCRT:dll_dllmain_stub.obj
 0001:0001e624       ?__scrt_initialize_type_info@@YAXXZ 000000018001f624 f   MSVCRT:tncleanup.obj
 0001:0001e634       ?__scrt_uninitialize_type_info@@YAXXZ 000000018001f634 f   MSVCRT:tncleanup.obj
 0001:0001e640       __local_stdio_scanf_options 000000018001f640 f i MSVCRT:default_local_stdio_options.obj
 0001:0001e648       __scrt_initialize_default_local_stdio_options 000000018001f648 f   MSVCRT:default_local_stdio_options.obj
 0001:0001e664       ??$__crt_fast_decode_pointer@PEAP6AXXZ@@YAPEAP6AXXZQEAP6AXXZ@Z 000000018001f664 f i MSVCRT:utility.obj
 0001:0001e67c       ??$__crt_fast_encode_pointer@PEAP6AXXZ@@YAPEAP6AXXZQEAP6AXXZ@Z 000000018001f67c f i MSVCRT:utility.obj
 0001:0001e69c       ?__crt_rotate_pointer_value@@YA_K_KH@Z 000000018001f69c f i MSVCRT:utility.obj
 0001:0001e6a8       ?configure_argv@__scrt_narrow_argv_policy@@SAHXZ 000000018001f6a8 f i MSVCRT:utility.obj
 0001:0001e708       ?initialize_environment@__scrt_narrow_environment_policy@@SAHXZ 000000018001f708 f i MSVCRT:utility.obj
 0001:0001e740       NtCurrentTeb               000000018001f740 f i MSVCRT:utility.obj
 0001:0001e74c       __scrt_acquire_startup_lock 000000018001f74c f   MSVCRT:utility.obj
 0001:0001e788       __scrt_dllmain_after_initialize_c 000000018001f788 f   MSVCRT:utility.obj
 0001:0001e7bc       __scrt_dllmain_before_initialize_c 000000018001f7bc f   MSVCRT:utility.obj
 0001:0001e7d4       __scrt_dllmain_crt_thread_attach 000000018001f7d4 f   MSVCRT:utility.obj
 0001:0001e7fc       __scrt_dllmain_crt_thread_detach 000000018001f7fc f   MSVCRT:utility.obj
 0001:0001e814       __scrt_dllmain_exception_filter 000000018001f814 f   MSVCRT:utility.obj
 0001:0001e874       __scrt_dllmain_uninitialize_c 000000018001f874 f   MSVCRT:utility.obj
 0001:0001e8a4       __scrt_dllmain_uninitialize_critical 000000018001f8a4 f   MSVCRT:utility.obj
 0001:0001e8b8       __scrt_initialize_crt      000000018001f8b8 f   MSVCRT:utility.obj
 0001:0001e904       __scrt_initialize_onexit_tables 000000018001f904 f   MSVCRT:utility.obj
 0001:0001e9dc       __scrt_is_nonwritable_in_current_image 000000018001f9dc f   MSVCRT:utility.obj
 0001:0001ea78       __scrt_release_startup_lock 000000018001fa78 f   MSVCRT:utility.obj
 0001:0001ea9c       __scrt_uninitialize_crt    000000018001fa9c f   MSVCRT:utility.obj
 0001:0001eac8       _onexit                    000000018001fac8 f   MSVCRT:utility.obj
 0001:0001eb18       at_quick_exit              000000018001fb18 f   MSVCRT:utility.obj
 0001:0001eb50       atexit                     000000018001fb50 f   MSVCRT:utility.obj
 0001:0001eb68       __scrt_get_dyn_tls_init_callback 000000018001fb68 f   MSVCRT:dyn_tls_init.obj
 0001:0001eb70       __crt_debugger_hook        000000018001fb70 f   MSVCRT:utility_desktop.obj
 0001:0001eb78       __scrt_fastfail            000000018001fb78 f   MSVCRT:utility_desktop.obj
 0001:0001ecc4       __scrt_get_show_window_mode 000000018001fcc4 f   MSVCRT:utility_desktop.obj
 0001:0001ed00       __scrt_initialize_mta      000000018001fd00 f   MSVCRT:utility_desktop.obj
 0001:0001ed08       __scrt_initialize_winrt    000000018001fd08 f   MSVCRT:utility_desktop.obj
 0001:0001ed0c       __scrt_is_managed_app      000000018001fd0c f   MSVCRT:utility_desktop.obj
 0001:0001ed60       __scrt_set_unhandled_exception_filter 000000018001fd60 f   MSVCRT:utility_desktop.obj
 0001:0001ed70       __scrt_stub_for_initialize_mta 000000018001fd70 f   MSVCRT:utility_desktop.obj
 0001:0001ed70       __scrt_exe_initialize_mta  000000018001fd70 f   MSVCRT:utility_desktop.obj
 0001:0001ed74       __scrt_unhandled_exception_filter 000000018001fd74 f   MSVCRT:utility_desktop.obj
 0001:0001edac       _RTC_Initialize            000000018001fdac f   MSVCRT:initsect.obj
 0001:0001ede8       _RTC_Terminate             000000018001fde8 f   MSVCRT:initsect.obj
 0001:0001ee24       _guard_check_icall_nop     000000018001fe24 f i MSVCRT:guard_support.obj
 0001:0001ee28       ReadNoFence64              000000018001fe28 f i MSVCRT:guard_support.obj
 0001:0001ee2c       ReadPointerNoFence         000000018001fe2c f i MSVCRT:guard_support.obj
 0001:0001ee30       _guard_icall_checks_enforced 000000018001fe30 f i MSVCRT:guard_support.obj
 0001:0001ee48       _guard_rf_checks_enforced  000000018001fe48 f i MSVCRT:guard_support.obj
 0001:0001ee4c       __isa_available_init       000000018001fe4c f   MSVCRT:cpu_disp.obj
 0001:0001efc8       _get_startup_argv_mode     000000018001ffc8 f   MSVCRT:argv_mode.obj
 0001:0001efd0       __scrt_is_ucrt_dll_in_use  000000018001ffd0 f   MSVCRT:ucrt_detection.obj
 0001:0001efe0       RtlCaptureContext          000000018001ffe0 f   kernel32:KERNEL32.dll
 0001:0001efe6       RtlLookupFunctionEntry     000000018001ffe6 f   kernel32:KERNEL32.dll
 0001:0001efec       RtlVirtualUnwind           000000018001ffec f   kernel32:KERNEL32.dll
 0001:0001eff2       UnhandledExceptionFilter   000000018001fff2 f   kernel32:KERNEL32.dll
 0001:0001eff8       SetUnhandledExceptionFilter 000000018001fff8 f   kernel32:KERNEL32.dll
 0001:0001effe       GetCurrentProcess          000000018001fffe f   kernel32:KERNEL32.dll
 0001:0001f004       TerminateProcess           0000000180020004 f   kernel32:KERNEL32.dll
 0001:0001f00a       IsProcessorFeaturePresent  000000018002000a f   kernel32:KERNEL32.dll
 0001:0001f010       QueryPerformanceCounter    0000000180020010 f   kernel32:KERNEL32.dll
 0001:0001f016       GetCurrentProcessId        0000000180020016 f   kernel32:KERNEL32.dll
 0001:0001f01c       GetCurrentThreadId         000000018002001c f   kernel32:KERNEL32.dll
 0001:0001f022       GetSystemTimeAsFileTime    0000000180020022 f   kernel32:KERNEL32.dll
 0001:0001f028       DisableThreadLibraryCalls  0000000180020028 f   kernel32:KERNEL32.dll
 0001:0001f02e       InitializeSListHead        000000018002002e f   kernel32:KERNEL32.dll
 0001:0001f034       IsDebuggerPresent          0000000180020034 f   kernel32:KERNEL32.dll
 0001:0001f03a       GetStartupInfoW            000000018002003a f   kernel32:KERNEL32.dll
 0001:0001f040       GetModuleHandleW           0000000180020040 f   kernel32:KERNEL32.dll
 0001:0001f046       memcpy                     0000000180020046 f   vcruntime:VCRUNTIME140.dll
 0001:0001f04c       memset                     000000018002004c f   vcruntime:VCRUNTIME140.dll
 0001:0001f052       __C_specific_handler       0000000180020052 f   vcruntime:VCRUNTIME140.dll
 0001:0001f058       __std_type_info_destroy_list 0000000180020058 f   vcruntime:VCRUNTIME140.dll
 0001:0001f05e       strcmp                     000000018002005e f   ucrt:api-ms-win-crt-string-l1-1-0.dll
 0001:0001f064       strcat                     0000000180020064 f   ucrt:api-ms-win-crt-string-l1-1-0.dll
 0001:0001f06a       __stdio_common_vsprintf    000000018002006a f   ucrt:api-ms-win-crt-stdio-l1-1-0.dll
 0001:0001f070       free                       0000000180020070 f   ucrt:api-ms-win-crt-heap-l1-1-0.dll
 0001:0001f076       malloc                     0000000180020076 f   ucrt:api-ms-win-crt-heap-l1-1-0.dll
 0001:0001f07c       strlen                     000000018002007c f   ucrt:api-ms-win-crt-string-l1-1-0.dll
 0001:0001f082       _initterm                  0000000180020082 f   ucrt:api-ms-win-crt-runtime-l1-1-0.dll
 0001:0001f088       _initterm_e                0000000180020088 f   ucrt:api-ms-win-crt-runtime-l1-1-0.dll
 0001:0001f08e       _seh_filter_dll            000000018002008e f   ucrt:api-ms-win-crt-runtime-l1-1-0.dll
 0001:0001f094       _configure_narrow_argv     0000000180020094 f   ucrt:api-ms-win-crt-runtime-l1-1-0.dll
 0001:0001f09a       _initialize_narrow_environment 000000018002009a f   ucrt:api-ms-win-crt-runtime-l1-1-0.dll
 0001:0001f0a0       _initialize_onexit_table   00000001800200a0 f   ucrt:api-ms-win-crt-runtime-l1-1-0.dll
 0001:0001f0a6       _register_onexit_function  00000001800200a6 f   ucrt:api-ms-win-crt-runtime-l1-1-0.dll
 0001:0001f0ac       _execute_onexit_table      00000001800200ac f   ucrt:api-ms-win-crt-runtime-l1-1-0.dll
 0001:0001f0b2       _crt_atexit                00000001800200b2 f   ucrt:api-ms-win-crt-runtime-l1-1-0.dll
 0001:0001f0b8       _crt_at_quick_exit         00000001800200b8 f   ucrt:api-ms-win-crt-runtime-l1-1-0.dll
 0001:0001f0be       _cexit                     00000001800200be f   ucrt:api-ms-win-crt-runtime-l1-1-0.dll
 0001:0001f0c4       terminate                  00000001800200c4 f   ucrt:api-ms-win-crt-runtime-l1-1-0.dll
 0001:0001f0cc       __vcrt_initialize          00000001800200cc f   MSVCRT:ucrt_stubs.obj
 0001:0001f0cc       __acrt_initialize          00000001800200cc f   MSVCRT:ucrt_stubs.obj
 0001:0001f0cc       __scrt_stub_for_acrt_initialize 00000001800200cc f   MSVCRT:ucrt_stubs.obj
 0001:0001f0d0       __scrt_stub_for_acrt_thread_attach 00000001800200d0 f   MSVCRT:ucrt_stubs.obj
 0001:0001f0d0       __vcrt_thread_attach       00000001800200d0 f   MSVCRT:ucrt_stubs.obj
 0001:0001f0d0       __acrt_thread_attach       00000001800200d0 f   MSVCRT:ucrt_stubs.obj
 0001:0001f0d4       __scrt_stub_for_acrt_thread_detach 00000001800200d4 f   MSVCRT:ucrt_stubs.obj
 0001:0001f0d4       __vcrt_thread_detach       00000001800200d4 f   MSVCRT:ucrt_stubs.obj
 0001:0001f0d4       __acrt_thread_detach       00000001800200d4 f   MSVCRT:ucrt_stubs.obj
 0001:0001f0d8       __vcrt_uninitialize        00000001800200d8 f   MSVCRT:ucrt_stubs.obj
 0001:0001f0d8       __acrt_uninitialize        00000001800200d8 f   MSVCRT:ucrt_stubs.obj
 0001:0001f0d8       __scrt_stub_for_acrt_uninitialize 00000001800200d8 f   MSVCRT:ucrt_stubs.obj
 0001:0001f0dc       __acrt_uninitialize_critical 00000001800200dc f   MSVCRT:ucrt_stubs.obj
 0001:0001f0dc       __vcrt_uninitialize_critical 00000001800200dc f   MSVCRT:ucrt_stubs.obj
 0001:0001f0dc       __scrt_stub_for_acrt_uninitialize_critical 00000001800200dc f   MSVCRT:ucrt_stubs.obj
 0001:0001f0e0       __scrt_stub_for_is_c_termination_complete 00000001800200e0 f   MSVCRT:ucrt_stubs.obj
 0001:0001f0e0       _is_c_termination_complete 00000001800200e0 f   MSVCRT:ucrt_stubs.obj
 0001:0001f100       _guard_dispatch_icall_nop  0000000180020100 f   MSVCRT:guard_dispatch.obj
 0002:00000000       __imp_RtlLookupFunctionEntry 0000000180021000     kernel32:KERNEL32.dll
 0002:00000008       __imp_GetCurrentProcessId  0000000180021008     kernel32:KERNEL32.dll
 0002:00000010       __imp_RtlCaptureContext    0000000180021010     kernel32:KERNEL32.dll
 0002:00000018       __imp_GetCurrentThreadId   0000000180021018     kernel32:KERNEL32.dll
 0002:00000020       __imp_RtlVirtualUnwind     0000000180021020     kernel32:KERNEL32.dll
 0002:00000028       __imp_UnhandledExceptionFilter 0000000180021028     kernel32:KERNEL32.dll
 0002:00000030       __imp_GetSystemTimeAsFileTime 0000000180021030     kernel32:KERNEL32.dll
 0002:00000038       __imp_DisableThreadLibraryCalls 0000000180021038     kernel32:KERNEL32.dll
 0002:00000040       __imp_InitializeSListHead  0000000180021040     kernel32:KERNEL32.dll
 0002:00000048       __imp_IsDebuggerPresent    0000000180021048     kernel32:KERNEL32.dll
 0002:00000050       __imp_GetStartupInfoW      0000000180021050     kernel32:KERNEL32.dll
 0002:00000058       __imp_GetModuleHandleW     0000000180021058     kernel32:KERNEL32.dll
 0002:00000060       __imp_IsProcessorFeaturePresent 0000000180021060     kernel32:KERNEL32.dll
 0002:00000068       __imp_TerminateProcess     0000000180021068     kernel32:KERNEL32.dll
 0002:00000070       __imp_GetCurrentProcess    0000000180021070     kernel32:KERNEL32.dll
 0002:00000078       __imp_QueryPerformanceCounter 0000000180021078     kernel32:KERNEL32.dll
 0002:00000080       __imp_SetUnhandledExceptionFilter 0000000180021080     kernel32:KERNEL32.dll
 0002:00000088       \177KERNEL32_NULL_THUNK_DATA 0000000180021088     kernel32:KERNEL32.dll
 0002:00000090       __imp___C_specific_handler 0000000180021090     vcruntime:VCRUNTIME140.dll
 0002:00000098       __imp___std_type_info_destroy_list 0000000180021098     vcruntime:VCRUNTIME140.dll
 0002:000000a0       __imp_memset               00000001800210a0     vcruntime:VCRUNTIME140.dll
 0002:000000a8       __imp_memcpy               00000001800210a8     vcruntime:VCRUNTIME140.dll
 0002:000000b0       \177VCRUNTIME140_NULL_THUNK_DATA 00000001800210b0     vcruntime:VCRUNTIME140.dll
 0002:000000b8       __imp_free                 00000001800210b8     ucrt:api-ms-win-crt-heap-l1-1-0.dll
 0002:000000c0       __imp_malloc               00000001800210c0     ucrt:api-ms-win-crt-heap-l1-1-0.dll
 0002:000000c8       \177api-ms-win-crt-heap-l1-1-0_NULL_THUNK_DATA 00000001800210c8     ucrt:api-ms-win-crt-heap-l1-1-0.dll
 0002:000000d0       __imp__initialize_narrow_environment 00000001800210d0     ucrt:api-ms-win-crt-runtime-l1-1-0.dll
 0002:000000d8       __imp__configure_narrow_argv 00000001800210d8     ucrt:api-ms-win-crt-runtime-l1-1-0.dll
 0002:000000e0       __imp__seh_filter_dll      00000001800210e0     ucrt:api-ms-win-crt-runtime-l1-1-0.dll
 0002:000000e8       __imp__initterm_e          00000001800210e8     ucrt:api-ms-win-crt-runtime-l1-1-0.dll
 0002:000000f0       __imp__register_onexit_function 00000001800210f0     ucrt:api-ms-win-crt-runtime-l1-1-0.dll
 0002:000000f8       __imp__execute_onexit_table 00000001800210f8     ucrt:api-ms-win-crt-runtime-l1-1-0.dll
 0002:00000100       __imp__crt_atexit          0000000180021100     ucrt:api-ms-win-crt-runtime-l1-1-0.dll
 0002:00000108       __imp__crt_at_quick_exit   0000000180021108     ucrt:api-ms-win-crt-runtime-l1-1-0.dll
 0002:00000110       __imp__cexit               0000000180021110     ucrt:api-ms-win-crt-runtime-l1-1-0.dll
 0002:00000118       __imp_terminate            0000000180021118     ucrt:api-ms-win-crt-runtime-l1-1-0.dll
 0002:00000120       __imp__initialize_onexit_table 0000000180021120     ucrt:api-ms-win-crt-runtime-l1-1-0.dll
 0002:00000128       __imp__initterm            0000000180021128     ucrt:api-ms-win-crt-runtime-l1-1-0.dll
 0002:00000130       \177api-ms-win-crt-runtime-l1-1-0_NULL_THUNK_DATA 0000000180021130     ucrt:api-ms-win-crt-runtime-l1-1-0.dll
 0002:00000138       __imp___stdio_common_vsprintf 0000000180021138     ucrt:api-ms-win-crt-stdio-l1-1-0.dll
 0002:00000140       \177api-ms-win-crt-stdio-l1-1-0_NULL_THUNK_DATA 0000000180021140     ucrt:api-ms-win-crt-stdio-l1-1-0.dll
 0002:00000148       __imp_strlen               0000000180021148     ucrt:api-ms-win-crt-string-l1-1-0.dll
 0002:00000150       __imp_strcat               0000000180021150     ucrt:api-ms-win-crt-string-l1-1-0.dll
 0002:00000158       __imp_strcmp               0000000180021158     ucrt:api-ms-win-crt-string-l1-1-0.dll
 0002:00000160       \177api-ms-win-crt-string-l1-1-0_NULL_THUNK_DATA 0000000180021160     ucrt:api-ms-win-crt-string-l1-1-0.dll
 0002:00000168       __imp_covrtCreateStateflowInstanceData 0000000180021168     libcovrt:libcovrt.dll
 0002:00000170       __imp_covrtDeleteStateflowInstanceData 0000000180021170     libcovrt:libcovrt.dll
 0002:00000178       __imp_covrtTransInitFcn    0000000180021178     libcovrt:libcovrt.dll
 0002:00000180       __imp_covrtEmlMcdcEval     0000000180021180     libcovrt:libcovrt.dll
 0002:00000188       __imp_covrtEmlCondEval     0000000180021188     libcovrt:libcovrt.dll
 0002:00000190       __imp_covrtEmlForEval      0000000180021190     libcovrt:libcovrt.dll
 0002:00000198       __imp_covrtEmlIfEval       0000000180021198     libcovrt:libcovrt.dll
 0002:000001a0       __imp_covrtEmlFcnEval      00000001800211a0     libcovrt:libcovrt.dll
 0002:000001a8       __imp_covrtEmlRelationalInitFcn 00000001800211a8     libcovrt:libcovrt.dll
 0002:000001b0       __imp_covrtEmlMCDCInitFcn  00000001800211b0     libcovrt:libcovrt.dll
 0002:000001b8       __imp_covrtEmlForInitFcn   00000001800211b8     libcovrt:libcovrt.dll
 0002:000001c0       __imp_covrtEmlIfInitFcn    00000001800211c0     libcovrt:libcovrt.dll
 0002:000001c8       __imp_covrtEmlSaturationInitFcn 00000001800211c8     libcovrt:libcovrt.dll
 0002:000001d0       __imp_covrtEmlFcnInitFcn   00000001800211d0     libcovrt:libcovrt.dll
 0002:000001d8       __imp_covrtEmlInitFcn      00000001800211d8     libcovrt:libcovrt.dll
 0002:000001e0       __imp_covrtSigUpdateFcn    00000001800211e0     libcovrt:libcovrt.dll
 0002:000001e8       __imp_covrtSaturationUpdateFcn 00000001800211e8     libcovrt:libcovrt.dll
 0002:000001f0       __imp_covrtRelationalopUpdateFcn 00000001800211f0     libcovrt:libcovrt.dll
 0002:000001f8       __imp_covrtChartInitFcn    00000001800211f8     libcovrt:libcovrt.dll
 0002:00000200       __imp_covrtStateInitFcn    0000000180021200     libcovrt:libcovrt.dll
 0002:00000208       \177libcovrt_NULL_THUNK_DATA 0000000180021208     libcovrt:libcovrt.dll
 0002:00000210       __imp_emlrtDynamicBoundsCheckR2012b 0000000180021210     libemlrt:libemlrt.dll
 0002:00000218       __imp_emlrtSizeMulR2012b   0000000180021218     libemlrt:libemlrt.dll
 0002:00000220       __imp_emlrtIntegerCheckR2012b 0000000180021220     libemlrt:libemlrt.dll
 0002:00000228       __imp_emlrtMallocMex       0000000180021228     libemlrt:libemlrt.dll
 0002:00000230       __imp_emlrtCallocMex       0000000180021230     libemlrt:libemlrt.dll
 0002:00000238       __imp_emlrtFreeMex         0000000180021238     libemlrt:libemlrt.dll
 0002:00000240       __imp_emlrtNameCaptureMxArrayR2016a 0000000180021240     libemlrt:libemlrt.dll
 0002:00000248       __imp_emlrtHeapAllocationErrorR2012b 0000000180021248     libemlrt:libemlrt.dll
 0002:00000250       __imp_emlrtFFTW_1D_C2C     0000000180021250     libemlrt:libemlrt.dll
 0002:00000258       __imp_emlrtFFTW_1D_R2C     0000000180021258     libemlrt:libemlrt.dll
 0002:00000260       __imp_emlrtFFTWSetNumThreads 0000000180021260     libemlrt:libemlrt.dll
 0002:00000268       __imp_emlrtLicenseCheckR2012b 0000000180021268     libemlrt:libemlrt.dll
 0002:00000270       \177libemlrt_NULL_THUNK_DATA 0000000180021270     libemlrt:libemlrt.dll
 0002:00000278       __imp_mexWarnMsgTxt_800    0000000180021278     libmex:libmex.dll
 0002:00000280       __imp_mexIsLocked_800      0000000180021280     libmex:libmex.dll
 0002:00000288       __imp_mexUnlock_800        0000000180021288     libmex:libmex.dll
 0002:00000290       __imp_mexLock_800          0000000180021290     libmex:libmex.dll
 0002:00000298       __imp_mexMakeArrayPersistent_800 0000000180021298     libmex:libmex.dll
 0002:000002a0       __imp_mexCallMATLAB_800    00000001800212a0     libmex:libmex.dll
 0002:000002a8       __imp_mexErrMsgTxt_800     00000001800212a8     libmex:libmex.dll
 0002:000002b0       \177libmex_NULL_THUNK_DATA 00000001800212b0     libmex:libmex.dll
 0002:000002b8       __imp_imfilter_real64      00000001800212b8     libmwimfilter:libmwimfilter.dll
 0002:000002c0       \177libmwimfilter_NULL_THUNK_DATA 00000001800212c0     libmwimfilter:libmwimfilter.dll
 0002:000002c8       __imp_ippfilter_real64     00000001800212c8     libmwippfilter:libmwippfilter.dll
 0002:000002d0       \177libmwippfilter_NULL_THUNK_DATA 00000001800212d0     libmwippfilter:libmwippfilter.dll
 0002:000002d8       __imp_muDoubleScalarIsInf  00000001800212d8     libmwmathutil:libmwmathutil.dll
 0002:000002e0       __imp_muDoubleScalarIsNaN  00000001800212e0     libmwmathutil:libmwmathutil.dll
 0002:000002e8       __imp_muDoubleScalarRem    00000001800212e8     libmwmathutil:libmwmathutil.dll
 0002:000002f0       __imp_muDoubleScalarSqrt   00000001800212f0     libmwmathutil:libmwmathutil.dll
 0002:000002f8       __imp_muDoubleScalarPower  00000001800212f8     libmwmathutil:libmwmathutil.dll
 0002:00000300       __imp_muDoubleScalarLog    0000000180021300     libmwmathutil:libmwmathutil.dll
 0002:00000308       __imp_muDoubleScalarExp    0000000180021308     libmwmathutil:libmwmathutil.dll
 0002:00000310       __imp_muDoubleScalarCos    0000000180021310     libmwmathutil:libmwmathutil.dll
 0002:00000318       __imp_muDoubleScalarRound  0000000180021318     libmwmathutil:libmwmathutil.dll
 0002:00000320       __imp_muDoubleScalarFloor  0000000180021320     libmwmathutil:libmwmathutil.dll
 0002:00000328       __imp_muDoubleScalarAbs    0000000180021328     libmwmathutil:libmwmathutil.dll
 0002:00000330       __imp_muDoubleScalarSin    0000000180021330     libmwmathutil:libmwmathutil.dll
 0002:00000338       \177libmwmathutil_NULL_THUNK_DATA 0000000180021338     libmwmathutil:libmwmathutil.dll
 0002:00000340       __imp_mxSetField_800       0000000180021340     libmx:libmx.dll
 0002:00000348       __imp_mxGetScalar_800      0000000180021348     libmx:libmx.dll
 0002:00000350       __imp_mxCreateDoubleScalar_800 0000000180021350     libmx:libmx.dll
 0002:00000358       __imp_mxGetN_800           0000000180021358     libmx:libmx.dll
 0002:00000360       __imp_mxIsComplex_800      0000000180021360     libmx:libmx.dll
 0002:00000368       __imp_mxIsNumeric_800      0000000180021368     libmx:libmx.dll
 0002:00000370       __imp_mxGetClassID_800     0000000180021370     libmx:libmx.dll
 0002:00000378       __imp_mxGetM_800           0000000180021378     libmx:libmx.dll
 0002:00000380       __imp_mxCalloc_800         0000000180021380     libmx:libmx.dll
 0002:00000388       __imp_mxGetNaN_800         0000000180021388     libmx:libmx.dll
 0002:00000390       __imp_mxCreateStructMatrix_800 0000000180021390     libmx:libmx.dll
 0002:00000398       __imp_mxCreateCellMatrix_800 0000000180021398     libmx:libmx.dll
 0002:000003a0       __imp_mxCreateString_800   00000001800213a0     libmx:libmx.dll
 0002:000003a8       __imp_mxGetPr_800          00000001800213a8     libmx:libmx.dll
 0002:000003b0       __imp_mxSetCell_800        00000001800213b0     libmx:libmx.dll
 0002:000003b8       __imp_mxDuplicateArray_800 00000001800213b8     libmx:libmx.dll
 0002:000003c0       __imp_mxGetString_800      00000001800213c0     libmx:libmx.dll
 0002:000003c8       __imp_mxCreateDoubleMatrix_800 00000001800213c8     libmx:libmx.dll
 0002:000003d0       __imp_mxDestroyArray_800   00000001800213d0     libmx:libmx.dll
 0002:000003d8       __imp_mxIsChar_800         00000001800213d8     libmx:libmx.dll
 0002:000003e0       \177libmx_NULL_THUNK_DATA  00000001800213e0     libmx:libmx.dll
 0002:000003e8       __imp_utMalloc             00000001800213e8     libut:libut.dll
 0002:000003f0       __imp_utFree               00000001800213f0     libut:libut.dll
 0002:000003f8       \177libut_NULL_THUNK_DATA  00000001800213f8     libut:libut.dll
 0002:00000400       __imp_getRuntimeInstanceInfoAsVoid 0000000180021400     sf_runtime:sf_runtime.dll
 0002:00000408       __imp_sf_mex_error_direct_call 0000000180021408     sf_runtime:sf_runtime.dll
 0002:00000410       __imp_sf_clear_error_manager_info 0000000180021410     sf_runtime:sf_runtime.dll
 0002:00000418       __imp_callMdlMethodAndReportError 0000000180021418     sf_runtime:sf_runtime.dll
 0002:00000420       __imp_sf_get_hasSeparateUpdateOutputs 0000000180021420     sf_runtime:sf_runtime.dll
 0002:00000428       __imp_sf_get_ChartInfoStruct_CodeGen 0000000180021428     sf_runtime:sf_runtime.dll
 0002:00000430       __imp_sf_data_saturate_error 0000000180021430     sf_runtime:sf_runtime.dll
 0002:00000438       __imp_ssGetOutputPortSignal_wrapper 0000000180021438     sf_runtime:sf_runtime.dll
 0002:00000440       __imp_ssGetInputPortSignal_wrapper 0000000180021440     sf_runtime:sf_runtime.dll
 0002:00000448       __imp_sf_mex_import        0000000180021448     sf_runtime:sf_runtime.dll
 0002:00000450       __imp_sf_mex_destroy       0000000180021450     sf_runtime:sf_runtime.dll
 0002:00000458       __imp_sf_mex_dup           0000000180021458     sf_runtime:sf_runtime.dll
 0002:00000460       __imp_sf_mex_assign        0000000180021460     sf_runtime:sf_runtime.dll
 0002:00000468       __imp_sf_mex_getcell       0000000180021468     sf_runtime:sf_runtime.dll
 0002:00000470       __imp_sf_mex_setcell       0000000180021470     sf_runtime:sf_runtime.dll
 0002:00000478       __imp_sf_mex_createcellmatrix 0000000180021478     sf_runtime:sf_runtime.dll
 0002:00000480       __imp_sf_mex_create        0000000180021480     sf_runtime:sf_runtime.dll
 0002:00000488       __imp_sf_mex_error_message 0000000180021488     sf_runtime:sf_runtime.dll
 0002:00000490       __imp_sf_mex_call          0000000180021490     sf_runtime:sf_runtime.dll
 0002:00000498       __imp_sfListenerInitializeRuntimeVars 0000000180021498     sf_runtime:sf_runtime.dll
 0002:000004a0       __imp_sfListenerLightTerminate 00000001800214a0     sf_runtime:sf_runtime.dll
 0002:000004a8       __imp_sfListenerCacheSimStruct 00000001800214a8     sf_runtime:sf_runtime.dll
 0002:000004b0       __imp_sf_set_work_widths   00000001800214b0     sf_runtime:sf_runtime.dll
 0002:000004b8       __imp_sf_warn_if_symbolic_dimension_param_changed 00000001800214b8     sf_runtime:sf_runtime.dll
 0002:000004c0       __imp_setDebuggerFlag      00000001800214c0     sf_runtime:sf_runtime.dll
 0002:000004c8       __imp_setLegacyDebuggerFlag 00000001800214c8     sf_runtime:sf_runtime.dll
 0002:000004d0       __imp_setDataBrowseFcn     00000001800214d0     sf_runtime:sf_runtime.dll
 0002:000004d8       __imp_sfDoAnimationWrapper 00000001800214d8     sf_runtime:sf_runtime.dll
 0002:000004e0       __imp_sf_get_time          00000001800214e0     sf_runtime:sf_runtime.dll
 0002:000004e8       __imp_sf_clear_rtw_identifier 00000001800214e8     sf_runtime:sf_runtime.dll
 0002:000004f0       __imp_sf_mex_listen_for_ctrl_c 00000001800214f0     sf_runtime:sf_runtime.dll
 0002:000004f8       __imp_sim_mode_is_external 00000001800214f8     sf_runtime:sf_runtime.dll
 0002:00000500       __imp_sim_mode_is_rtw_gen  0000000180021500     sf_runtime:sf_runtime.dll
 0002:00000508       __imp_sf_get_chart_instance_ptr 0000000180021508     sf_runtime:sf_runtime.dll
 0002:00000510       __imp_sfrtGetCovrtInstance 0000000180021510     sf_runtime:sf_runtime.dll
 0002:00000518       __imp_sfrtGetEmlrtCtx      0000000180021518     sf_runtime:sf_runtime.dll
 0002:00000520       __imp_sf_free_ChartRunTimeInfo 0000000180021520     sf_runtime:sf_runtime.dll
 0002:00000528       __imp_sf_init_ChartRunTimeInfo 0000000180021528     sf_runtime:sf_runtime.dll
 0002:00000530       __imp_sf_mex_decode        0000000180021530     sf_runtime:sf_runtime.dll
 0002:00000538       __imp_sf_load_rtw_optimization_info 0000000180021538     sf_runtime:sf_runtime.dll
 0002:00000540       __imp_call_sf_machine_global_method_dispatcher 0000000180021540     sf_runtime:sf_runtime.dll
 0002:00000548       \177sf_runtime_NULL_THUNK_DATA 0000000180021548     sf_runtime:sf_runtime.dll
 0002:00000550       __guard_check_icall_fptr   0000000180021550     MSVCRT:guard_support.obj
 0002:00000558       __guard_dispatch_icall_fptr 0000000180021558     MSVCRT:guard_support.obj
 0002:00000560       __xc_a                     0000000180021560     MSVCRT:initializers.obj
 0002:00000568       __xc_z                     0000000180021568     MSVCRT:initializers.obj
 0002:00000570       __xi_a                     0000000180021570     MSVCRT:initializers.obj
 0002:00000578       __xi_z                     0000000180021578     MSVCRT:initializers.obj
 0002:00000580       __xp_a                     0000000180021580     MSVCRT:initializers.obj
 0002:00000588       __xp_z                     0000000180021588     MSVCRT:initializers.obj
 0002:00000590       __xt_a                     0000000180021590     MSVCRT:initializers.obj
 0002:00000598       __xt_z                     0000000180021598     MSVCRT:initializers.obj
 0002:000005a0       __real@418784f190000000    00000001800215a0     main_sfun.obj
 0002:000005a8       __real@41b493ef54000000    00000001800215a8     main_sfun.obj
 0002:000005b0       __real@41c725e62e000000    00000001800215b0     main_sfun.obj
 0002:000005b8       __real@41d07f2c15000000    00000001800215b8     main_sfun.obj
 0002:000005c0       __real@41d0926217800000    00000001800215c0     main_sfun.obj
 0002:000005c8       __real@41d5d041e9400000    00000001800215c8     main_sfun.obj
 0002:000005d0       __real@41db745d1a000000    00000001800215d0     main_sfun.obj
 0002:000005d8       __real@41e1050d63e00000    00000001800215d8     main_sfun.obj
 0002:000005e0       __real@41ea0d8a64400000    00000001800215e0     main_sfun.obj
 0002:000005e8       __real@41eb833f0e200000    00000001800215e8     main_sfun.obj
 0002:000005f0       __real@41edf2502e400000    00000001800215f0     main_sfun.obj
 0002:000005f8       __real@41ef2fadada00000    00000001800215f8     main_sfun.obj
 0002:000006a0       __real@0000000000000000    00000001800216a0     c2_main.obj
 0002:000006a8       __real@3fb999999999999a    00000001800216a8     c2_main.obj
 0002:000006b0       __real@3fe0000000000000    00000001800216b0     c2_main.obj
 0002:000006b8       __real@3ff0000000000000    00000001800216b8     c2_main.obj
 0002:000006c0       __real@3ff8000000000000    00000001800216c0     c2_main.obj
 0002:000006c8       __real@4000000000000000    00000001800216c8     c2_main.obj
 0002:000006d0       __real@4004000000000000    00000001800216d0     c2_main.obj
 0002:000006d8       __real@4008000000000000    00000001800216d8     c2_main.obj
 0002:000006e0       __real@4010000000000000    00000001800216e0     c2_main.obj
 0002:000006e8       __real@4018000000000000    00000001800216e8     c2_main.obj
 0002:000006f0       __real@4052800000000000    00000001800216f0     c2_main.obj
 0002:000006f8       __real@4055400000000000    00000001800216f8     c2_main.obj
 0002:00000700       __real@405fc00000000000    0000000180021700     c2_main.obj
 0002:00000708       __real@4064800000000000    0000000180021708     c2_main.obj
 0002:00000710       __real@406fc00000000000    0000000180021710     c2_main.obj
 0002:00000718       __real@406fe00000000000    0000000180021718     c2_main.obj
 0002:00000720       __real@4070000000000000    0000000180021720     c2_main.obj
 0002:00000728       __real@4074800000000000    0000000180021728     c2_main.obj
 0002:00000730       __real@407fc00000000000    0000000180021730     c2_main.obj
 0002:00000738       __real@4084800000000000    0000000180021738     c2_main.obj
 0002:00000740       __real@40d4570000000000    0000000180021740     c2_main.obj
 0002:00000748       __real@40f4570000000000    0000000180021748     c2_main.obj
 0002:00000750       __real@41b75d9cb5000000    0000000180021750     c2_main.obj
 0002:00000758       __real@41bc815c5d000000    0000000180021758     c2_main.obj
 0002:00000760       __real@41cd4dd395800000    0000000180021760     c2_main.obj
 0002:00000768       __real@41e82256a5a00000    0000000180021768     c2_main.obj
 0002:00000770       __real@5dd4805738b51a75    0000000180021770     c2_main.obj
 0002:00000778       __real@bfe0000000000000    0000000180021778     c2_main.obj
 0002:00000780       __real@bff0000000000000    0000000180021780     c2_main.obj
 0002:00000788       DYNAMIC_DIMENSION_DEF      0000000180021788     main_sfun_registry.obj
 0002:000007a0       __real@41602cbca0000000    00000001800217a0     main_sfun_registry.obj
 0002:000007a8       __real@77800000            00000001800217a8     half_type.obj
 0002:000007c0       _pRawDllMain               00000001800217c0     MSVCRT:dll_dllmain.obj
 0002:000007c0       _pDefaultRawDllMain        00000001800217c0     MSVCRT:dll_dllmain.obj
 0002:000007f0       _load_config_used          00000001800217f0     MSVCRT:loadcfg.obj
 0002:00000b08       __rtc_iaa                  0000000180021b08     MSVCRT:initsect.obj
 0002:00000b10       __rtc_izz                  0000000180021b10     MSVCRT:initsect.obj
 0002:00000b18       __rtc_taa                  0000000180021b18     MSVCRT:initsect.obj
 0002:00000b20       __rtc_tzz                  0000000180021b20     MSVCRT:initsect.obj
 0002:00001604       __IMPORT_DESCRIPTOR_libmwippfilter 0000000180022604     libmwippfilter:libmwippfilter.dll
 0002:00001618       __IMPORT_DESCRIPTOR_libmwimfilter 0000000180022618     libmwimfilter:libmwimfilter.dll
 0002:0000162c       __IMPORT_DESCRIPTOR_sf_runtime 000000018002262c     sf_runtime:sf_runtime.dll
 0002:00001640       __IMPORT_DESCRIPTOR_libmx  0000000180022640     libmx:libmx.dll
 0002:00001654       __IMPORT_DESCRIPTOR_libmex 0000000180022654     libmex:libmex.dll
 0002:00001668       __IMPORT_DESCRIPTOR_libut  0000000180022668     libut:libut.dll
 0002:0000167c       __IMPORT_DESCRIPTOR_libmwmathutil 000000018002267c     libmwmathutil:libmwmathutil.dll
 0002:00001690       __IMPORT_DESCRIPTOR_libemlrt 0000000180022690     libemlrt:libemlrt.dll
 0002:000016a4       __IMPORT_DESCRIPTOR_libcovrt 00000001800226a4     libcovrt:libcovrt.dll
 0002:000016b8       __IMPORT_DESCRIPTOR_KERNEL32 00000001800226b8     kernel32:KERNEL32.dll
 0002:000016cc       __IMPORT_DESCRIPTOR_VCRUNTIME140 00000001800226cc     vcruntime:VCRUNTIME140.dll
 0002:000016e0       __IMPORT_DESCRIPTOR_api-ms-win-crt-string-l1-1-0 00000001800226e0     ucrt:api-ms-win-crt-string-l1-1-0.dll
 0002:000016f4       __IMPORT_DESCRIPTOR_api-ms-win-crt-stdio-l1-1-0 00000001800226f4     ucrt:api-ms-win-crt-stdio-l1-1-0.dll
 0002:00001708       __IMPORT_DESCRIPTOR_api-ms-win-crt-heap-l1-1-0 0000000180022708     ucrt:api-ms-win-crt-heap-l1-1-0.dll
 0002:0000171c       __IMPORT_DESCRIPTOR_api-ms-win-crt-runtime-l1-1-0 000000018002271c     ucrt:api-ms-win-crt-runtime-l1-1-0.dll
 0002:00001730       __NULL_IMPORT_DESCRIPTOR   0000000180022730     libmwippfilter:libmwippfilter.dll
 0003:00006630       DYNAMIC_DIMENSION          000000018002a630     main_sfun_registry.obj
 0003:00008b00       __security_cookie_complement 000000018002cb00     MSVCRT:gs_cookie.obj
 0003:00008b08       __security_cookie          000000018002cb08     MSVCRT:gs_cookie.obj
 0003:00008b10       _fltused                   000000018002cb10     MSVCRT:fltused.obj
 0003:00008b20       __scrt_native_dllmain_reason 000000018002cb20     MSVCRT:utility.obj
 0003:00008b28       __isa_available            000000018002cb28     MSVCRT:cpu_disp.obj
 0003:00008b2c       __isa_enabled              000000018002cb2c     MSVCRT:cpu_disp.obj
 0003:00008b30       __memcpy_nt_iters          000000018002cb30     MSVCRT:cpu_disp.obj
 0003:00008b40       __scrt_ucrt_dll_is_in_use  000000018002cb40     MSVCRT:ucrt_stubs.obj
 0003:00009600       ?__type_info_root_node@@3U__type_info_node@@A 000000018002d600     MSVCRT:tncleanup.obj
 0003:00009610       ?_OptionsStorage@?1??__local_stdio_printf_options@@9@4_KA 000000018002d610     MSVCRT:default_local_stdio_options.obj
 0003:00009618       ?_OptionsStorage@?1??__local_stdio_scanf_options@@9@4_KA 000000018002d618     MSVCRT:default_local_stdio_options.obj
 0003:00009620       __scrt_current_native_startup_state 000000018002d620     MSVCRT:utility.obj
 0003:00009628       __scrt_native_startup_lock 000000018002d628     MSVCRT:utility.obj
 0003:00009668       __scrt_debugger_hook_flag  000000018002d668     MSVCRT:utility_desktop.obj
 0003:0000966c       __favor                    000000018002d66c     MSVCRT:cpu_disp.obj
 0003:00009670       ?_OptionsStorage@?1??__local_stdio_printf_options@@9@9 000000018002d670     <common>
 0003:00009678       __dyn_tls_init_callback    000000018002d678     <common>

 entry point at        0001:0001e4a8

 Static symbols

 0000:00000000       .debug$S                   0000000180000000     sf_runtime:sf_runtime.dll
 0000:00000000       .debug$S                   0000000180000000     libemlrt:libemlrt.dll
 0000:00000000       .debug$S                   0000000180000000     libemlrt:libemlrt.dll
 0000:00000000       .debug$S                   0000000180000000     libemlrt:libemlrt.dll
 0000:00000000       .debug$S                   0000000180000000     libmwippfilter:libmwippfilter.dll
 0000:00000000       .debug$S                   0000000180000000     libemlrt:libemlrt.dll
 0000:00000000       .debug$S                   0000000180000000     main_sfun.exp
 0000:00000000       .debug$S                   0000000180000000     libmwimfilter:libmwimfilter.dll
 0000:00000000       .debug$S                   0000000180000000     libemlrt:libemlrt.dll
 0000:00000000       .debug$S                   0000000180000000     sf_runtime:sf_runtime.dll
 0000:00000000       .debug$S                   0000000180000000     sf_runtime:sf_runtime.dll
 0000:00000000       .debug$S                   0000000180000000     sf_runtime:sf_runtime.dll
 0000:00000000       .debug$S                   0000000180000000     ucrt:api-ms-win-crt-runtime-l1-1-0.dll
 0000:00000000       .debug$S                   0000000180000000     ucrt:api-ms-win-crt-runtime-l1-1-0.dll
 0000:00000000       .debug$S                   0000000180000000     ucrt:api-ms-win-crt-runtime-l1-1-0.dll
 0000:00000000       .debug$S                   0000000180000000     ucrt:api-ms-win-crt-runtime-l1-1-0.dll
 0000:00000000       .debug$S                   0000000180000000     ucrt:api-ms-win-crt-runtime-l1-1-0.dll
 0000:00000000       .debug$S                   0000000180000000     ucrt:api-ms-win-crt-runtime-l1-1-0.dll
 0000:00000000       .debug$S                   0000000180000000     ucrt:api-ms-win-crt-runtime-l1-1-0.dll
 0000:00000000       .debug$S                   0000000180000000     ucrt:api-ms-win-crt-runtime-l1-1-0.dll
 0000:00000000       .debug$S                   0000000180000000     ucrt:api-ms-win-crt-runtime-l1-1-0.dll
 0000:00000000       .debug$S                   0000000180000000     ucrt:api-ms-win-crt-runtime-l1-1-0.dll
 0000:00000000       .debug$S                   0000000180000000     ucrt:api-ms-win-crt-runtime-l1-1-0.dll
 0000:00000000       .debug$S                   0000000180000000     ucrt:api-ms-win-crt-runtime-l1-1-0.dll
 0000:00000000       .debug$S                   0000000180000000     ucrt:api-ms-win-crt-string-l1-1-0.dll
 0000:00000000       .debug$S                   0000000180000000     ucrt:api-ms-win-crt-heap-l1-1-0.dll
 0000:00000000       .debug$S                   0000000180000000     ucrt:api-ms-win-crt-heap-l1-1-0.dll
 0000:00000000       .debug$S                   0000000180000000     ucrt:api-ms-win-crt-stdio-l1-1-0.dll
 0000:00000000       .debug$S                   0000000180000000     ucrt:api-ms-win-crt-string-l1-1-0.dll
 0000:00000000       .debug$S                   0000000180000000     ucrt:api-ms-win-crt-string-l1-1-0.dll
 0000:00000000       .debug$S                   0000000180000000     sf_runtime:sf_runtime.dll
 0000:00000000       .debug$S                   0000000180000000     vcruntime:VCRUNTIME140.dll
 0000:00000000       .debug$S                   0000000180000000     vcruntime:VCRUNTIME140.dll
 0000:00000000       .debug$S                   0000000180000000     vcruntime:VCRUNTIME140.dll
 0000:00000000       .debug$S                   0000000180000000     vcruntime:VCRUNTIME140.dll
 0000:00000000       .debug$S                   0000000180000000     sf_runtime:sf_runtime.dll
 0000:00000000       .debug$S                   0000000180000000     kernel32:KERNEL32.dll
 0000:00000000       .debug$S                   0000000180000000     kernel32:KERNEL32.dll
 0000:00000000       .debug$S                   0000000180000000     kernel32:KERNEL32.dll
 0000:00000000       .debug$S                   0000000180000000     kernel32:KERNEL32.dll
 0000:00000000       .debug$S                   0000000180000000     kernel32:KERNEL32.dll
 0000:00000000       .debug$S                   0000000180000000     kernel32:KERNEL32.dll
 0000:00000000       .debug$S                   0000000180000000     kernel32:KERNEL32.dll
 0000:00000000       .debug$S                   0000000180000000     kernel32:KERNEL32.dll
 0000:00000000       .debug$S                   0000000180000000     kernel32:KERNEL32.dll
 0000:00000000       .debug$S                   0000000180000000     kernel32:KERNEL32.dll
 0000:00000000       .debug$S                   0000000180000000     kernel32:KERNEL32.dll
 0000:00000000       .debug$S                   0000000180000000     kernel32:KERNEL32.dll
 0000:00000000       .debug$S                   0000000180000000     kernel32:KERNEL32.dll
 0000:00000000       .debug$S                   0000000180000000     kernel32:KERNEL32.dll
 0000:00000000       .debug$S                   0000000180000000     kernel32:KERNEL32.dll
 0000:00000000       .debug$S                   0000000180000000     kernel32:KERNEL32.dll
 0000:00000000       .debug$S                   0000000180000000     kernel32:KERNEL32.dll
 0000:00000000       .debug$S                   0000000180000000     sf_runtime:sf_runtime.dll
 0000:00000000       .debug$S                   0000000180000000     sf_runtime:sf_runtime.dll
 0000:00000000       .debug$S                   0000000180000000     sf_runtime:sf_runtime.dll
 0000:00000000       .debug$S                   0000000180000000     sf_runtime:sf_runtime.dll
 0002:fffdf000       __guard_fids__guard_icall_checks_enforced 0000000180000000     MSVCRT:guard_support.obj
 0002:fffdf000       __guard_fids__             0000000180000000     MSVCRT:guard_support.obj
 0000:00000000       .debug$S                   0000000180000000     sf_runtime:sf_runtime.dll
 0000:00000000       .debug$S                   0000000180000000     sf_runtime:sf_runtime.dll
 0000:00000000       .debug$S                   0000000180000000     sf_runtime:sf_runtime.dll
 0000:00000000       .debug$S                   0000000180000000     sf_runtime:sf_runtime.dll
 0000:00000000       .debug$S                   0000000180000000     sf_runtime:sf_runtime.dll
 0000:00000000       .debug$S                   0000000180000000     sf_runtime:sf_runtime.dll
 0000:00000000       .debug$S                   0000000180000000     sf_runtime:sf_runtime.dll
 0000:00000000       .debug$S                   0000000180000000     sf_runtime:sf_runtime.dll
 0002:fffdf000       __guard_fids___scrt_set_unhandled_exception_filter 0000000180000000     MSVCRT:utility_desktop.obj
 0000:00000000       .debug$S                   0000000180000000     sf_runtime:sf_runtime.dll
 0000:00000000       .debug$S                   0000000180000000     sf_runtime:sf_runtime.dll
 0000:00000000       .debug$S                   0000000180000000     sf_runtime:sf_runtime.dll
 0000:00000000       .debug$S                   0000000180000000     sf_runtime:sf_runtime.dll
 0000:00000000       .debug$S                   0000000180000000     sf_runtime:sf_runtime.dll
 0000:00000000       .debug$S                   0000000180000000     sf_runtime:sf_runtime.dll
 0000:00000000       .debug$S                   0000000180000000     sf_runtime:sf_runtime.dll
 0000:00000000       .debug$S                   0000000180000000     sf_runtime:sf_runtime.dll
 0000:00000000       .debug$S                   0000000180000000     sf_runtime:sf_runtime.dll
 0000:00000000       .debug$S                   0000000180000000     sf_runtime:sf_runtime.dll
 0000:00000000       .debug$S                   0000000180000000     sf_runtime:sf_runtime.dll
 0000:00000000       .debug$S                   0000000180000000     sf_runtime:sf_runtime.dll
 0000:00000000       .debug$S                   0000000180000000     sf_runtime:sf_runtime.dll
 0000:00000000       .debug$S                   0000000180000000     sf_runtime:sf_runtime.dll
 0000:00000000       .debug$S                   0000000180000000     sf_runtime:sf_runtime.dll
 0000:00000000       .debug$S                   0000000180000000     sf_runtime:sf_runtime.dll
 0000:00000000       .debug$S                   0000000180000000     libemlrt:libemlrt.dll
 0000:00000000       .debug$S                   0000000180000000     sf_runtime:sf_runtime.dll
 0000:00000000       .debug$S                   0000000180000000     libemlrt:libemlrt.dll
 0000:00000000       .debug$S                   0000000180000000     sf_runtime:sf_runtime.dll
 0000:00000000       .debug$S                   0000000180000000     libemlrt:libemlrt.dll
 0000:00000000       .debug$S                   0000000180000000     sf_runtime:sf_runtime.dll
 0000:00000000       .debug$S                   0000000180000000     libemlrt:libemlrt.dll
 0000:00000000       .debug$S                   0000000180000000     sf_runtime:sf_runtime.dll
 0000:00000000       .debug$S                   0000000180000000     libemlrt:libemlrt.dll
 0000:00000000       .debug$S                   0000000180000000     sf_runtime:sf_runtime.dll
 0000:00000000       .debug$S                   0000000180000000     libemlrt:libemlrt.dll
 0000:00000000       .debug$S                   0000000180000000     sf_runtime:sf_runtime.dll
 0000:00000000       .debug$S                   0000000180000000     libemlrt:libemlrt.dll
 0000:00000000       .debug$S                   0000000180000000     sf_runtime:sf_runtime.dll
 0000:00000000       .debug$S                   0000000180000000     libcovrt:libcovrt.dll
 0000:00000000       .debug$S                   0000000180000000     libcovrt:libcovrt.dll
 0000:00000000       .debug$S                   0000000180000000     libcovrt:libcovrt.dll
 0000:00000000       .debug$S                   0000000180000000     libmx:libmx.dll
 0000:00000000       .debug$S                   0000000180000000     libcovrt:libcovrt.dll
 0000:00000000       .debug$S                   0000000180000000     libmx:libmx.dll
 0000:00000000       .debug$S                   0000000180000000     libcovrt:libcovrt.dll
 0000:00000000       .debug$S                   0000000180000000     libmx:libmx.dll
 0000:00000000       .debug$S                   0000000180000000     libcovrt:libcovrt.dll
 0000:00000000       .debug$S                   0000000180000000     libmx:libmx.dll
 0000:00000000       .debug$S                   0000000180000000     libcovrt:libcovrt.dll
 0000:00000000       .debug$S                   0000000180000000     libmx:libmx.dll
 0000:00000000       .debug$S                   0000000180000000     libmx:libmx.dll
 0000:00000000       .debug$S                   0000000180000000     libmx:libmx.dll
 0000:00000000       .debug$S                   0000000180000000     libmx:libmx.dll
 0000:00000000       .debug$S                   0000000180000000     libcovrt:libcovrt.dll
 0000:00000000       .debug$S                   0000000180000000     libmx:libmx.dll
 0000:00000000       .debug$S                   0000000180000000     libcovrt:libcovrt.dll
 0000:00000000       .debug$S                   0000000180000000     libmx:libmx.dll
 0000:00000000       .debug$S                   0000000180000000     libcovrt:libcovrt.dll
 0000:00000000       .debug$S                   0000000180000000     libmx:libmx.dll
 0000:00000000       .debug$S                   0000000180000000     libcovrt:libcovrt.dll
 0000:00000000       .debug$S                   0000000180000000     libmx:libmx.dll
 0000:00000000       .debug$S                   0000000180000000     libmx:libmx.dll
 0000:00000000       .debug$S                   0000000180000000     libcovrt:libcovrt.dll
 0000:00000000       .debug$S                   0000000180000000     libcovrt:libcovrt.dll
 0000:00000000       .debug$S                   0000000180000000     libmx:libmx.dll
 0000:00000000       .debug$S                   0000000180000000     libcovrt:libcovrt.dll
 0000:00000000       .debug$S                   0000000180000000     libmx:libmx.dll
 0000:00000000       .debug$S                   0000000180000000     libcovrt:libcovrt.dll
 0000:00000000       .debug$S                   0000000180000000     libmx:libmx.dll
 0002:fffdf000       __guard_fids_?dllmain_dispatch@@YAHQEAUHINSTANCE__@@KQEAX@Z 0000000180000000     MSVCRT:dll_dllmain.obj
 0000:00000000       .debug$S                   0000000180000000     libcovrt:libcovrt.dll
 0000:00000000       .debug$S                   0000000180000000     libmx:libmx.dll
 0000:00000000       .debug$S                   0000000180000000     libcovrt:libcovrt.dll
 0000:00000000       .debug$S                   0000000180000000     libmx:libmx.dll
 0000:00000000       .debug$S                   0000000180000000     libcovrt:libcovrt.dll
 0000:00000000       .debug$S                   0000000180000000     libmx:libmx.dll
 0000:00000000       .debug$S                   0000000180000000     libcovrt:libcovrt.dll
 0000:00000000       .debug$S                   0000000180000000     libmx:libmx.dll
 0000:00000000       .debug$S                   0000000180000000     libcovrt:libcovrt.dll
 0000:00000000       .debug$S                   0000000180000000     libmwmathutil:libmwmathutil.dll
 0000:00000000       .debug$S                   0000000180000000     libmex:libmex.dll
 0000:00000000       .debug$S                   0000000180000000     libmex:libmex.dll
 0000:00000000       .debug$S                   0000000180000000     libmex:libmex.dll
 0000:00000000       .debug$S                   0000000180000000     libmex:libmex.dll
 0000:00000000       .debug$S                   0000000180000000     libmex:libmex.dll
 0000:00000000       .debug$S                   0000000180000000     libmex:libmex.dll
 0000:00000000       .debug$S                   0000000180000000     libmex:libmex.dll
 0000:00000000       .debug$S                   0000000180000000     libmwmathutil:libmwmathutil.dll
 0000:00000000       .debug$S                   0000000180000000     libut:libut.dll
 0000:00000000       .debug$S                   0000000180000000     libut:libut.dll
 0000:00000000       .debug$S                   0000000180000000     libmwmathutil:libmwmathutil.dll
 0000:00000000       .debug$S                   0000000180000000     libmwmathutil:libmwmathutil.dll
 0000:00000000       .debug$S                   0000000180000000     libmwmathutil:libmwmathutil.dll
 0000:00000000       .debug$S                   0000000180000000     libmwmathutil:libmwmathutil.dll
 0000:00000000       .debug$S                   0000000180000000     libmwmathutil:libmwmathutil.dll
 0000:00000000       .debug$S                   0000000180000000     libmwmathutil:libmwmathutil.dll
 0000:00000000       .debug$S                   0000000180000000     libmwmathutil:libmwmathutil.dll
 0000:00000000       .debug$S                   0000000180000000     libmwmathutil:libmwmathutil.dll
 0000:00000000       .debug$S                   0000000180000000     libmwmathutil:libmwmathutil.dll
 0000:00000000       .debug$S                   0000000180000000     libmwmathutil:libmwmathutil.dll
 0001:00001190       initialize_c2_main         0000000180002190 f   c2_main.obj
 0001:00001230       initialize_params_c2_main  0000000180002230 f   c2_main.obj
 0001:00001240       enable_c2_main             0000000180002240 f   c2_main.obj
 0001:00001270       disable_c2_main            0000000180002270 f   c2_main.obj
 0001:000012a0       c2_do_animation_call_c2_main 00000001800022a0 f   c2_main.obj
 0001:000012e0       get_sim_state_c2_main      00000001800022e0 f   c2_main.obj
 0001:00001450       set_sim_state_c2_main      0000000180002450 f   c2_main.obj
 0001:00001580       sf_gateway_c2_main         0000000180002580 f   c2_main.obj
 0001:000051f0       mdl_start_c2_main          00000001800061f0 f   c2_main.obj
 0001:00005200       mdl_terminate_c2_main      0000000180006200 f   c2_main.obj
 0001:00005210       mdl_setup_runtime_resources_c2_main 0000000180006210 f   c2_main.obj
 0001:000069d0       mdl_cleanup_runtime_resources_c2_main 00000001800079d0 f   c2_main.obj
 0001:00006a10       initSimStructsc2_main      0000000180007a10 f   c2_main.obj
 0001:00006a20       c2_Fenk                    0000000180007a20 f   c2_main.obj
 0001:00008a90       c2_Fea                     0000000180009a90 f   c2_main.obj
 0001:0000abc0       c2_metricsEdge_intensity   000000018000bbc0 f   c2_main.obj
 0001:0000b9d0       c2_Inverse_Fenk            000000018000c9d0 f   c2_main.obj
 0001:0000c410       c2_mod                     000000018000d410 f   c2_main.obj
 0001:0000c520       c2_imresize                000000018000d520 f   c2_main.obj
 0001:0000c720       c2_contributions           000000018000d720 f   c2_main.obj
 0001:0000db60       c2_check_forloop_overflow_error 000000018000eb60 f   c2_main.obj
 0001:0000dd70       c2_resizeAlongDim          000000018000ed70 f   c2_main.obj
 0001:0000e150       c2_eml_sub2ind             000000018000f150 f   c2_main.obj
 0001:0000e580       c2_b_contributions         000000018000f580 f   c2_main.obj
 0001:0000f9c0       c2_b_resizeAlongDim        00000001800109c0 f   c2_main.obj
 0001:00010010       c2_sumColumnB4             0000000180011010 f   c2_main.obj
 0001:00010190       c2_sumColumnB              0000000180011190 f   c2_main.obj
 0001:00010210       c2_b_sumColumnB            0000000180011210 f   c2_main.obj
 0001:00010240       c2_fft2                    0000000180011240 f   c2_main.obj
 0001:00010320       c2_fltpower_domain_error   0000000180011320 f   c2_main.obj
 0001:00010330       c2_ifft2                   0000000180011330 f   c2_main.obj
 0001:00010410       c2_maximum                 0000000180011410 f   c2_main.obj
 0001:00010710       c2_minimum                 0000000180011710 f   c2_main.obj
 0001:00010a10       c2_mean                    0000000180011a10 f   c2_main.obj
 0001:00010bc0       c2_b_sumColumnB4           0000000180011bc0 f   c2_main.obj
 0001:00010d40       c2_c_sumColumnB            0000000180011d40 f   c2_main.obj
 0001:00010e40       c2_imfilter                0000000180011e40 f   c2_main.obj
 0001:000113d0       c2_padImage                00000001800123d0 f   c2_main.obj
[...]
 0004:000002ac       $pdata$c2_b_log            000000018002e2ac     c2_main.obj
 0004:000002b8       $pdata$c2_b_exp            000000018002e2b8     c2_main.obj
 0004:000002c4       $pdata$c2_b_sqrt           000000018002e2c4     c2_main.obj
 0004:000002d0       $pdata$c2_emxEnsureCapacity_real_T 000000018002e2d0     c2_main.obj
 0004:000002dc       $pdata$c2_emxInit_real_T   000000018002e2dc     c2_main.obj
 0004:000002e8       $pdata$c2_emxFree_real_T   000000018002e2e8     c2_main.obj
 0004:000002f4       $pdata$init_simulink_io_address 000000018002e2f4     c2_main.obj
 0004:00000300       $pdata$sf_c2_main_third_party_uses_info 000000018002e300     c2_main.obj
 0004:0000030c       $pdata$sf_c2_main_jit_fallback_info 000000018002e30c     c2_main.obj
 0004:00000318       $pdata$sf_c2_main_updateBuildInfo_args_info 000000018002e318     c2_main.obj
 0004:00000324       $pdata$sf_get_sim_state_info_c2_main 000000018002e324     c2_main.obj
 0004:00000330       $pdata$sf_opaque_initialize_c2_main 000000018002e330     c2_main.obj
 0004:0000033c       $pdata$sf_opaque_enable_c2_main 000000018002e33c     c2_main.obj
 0004:00000348       $pdata$sf_opaque_disable_c2_main 000000018002e348     c2_main.obj
 0004:00000354       $pdata$sf_opaque_gateway_c2_main 000000018002e354     c2_main.obj
 0004:00000360       $pdata$sf_opaque_get_sim_state_c2_main 000000018002e360     c2_main.obj
 0004:0000036c       $pdata$sf_opaque_set_sim_state_c2_main 000000018002e36c     c2_main.obj
 0004:00000378       $pdata$sf_opaque_cleanup_runtime_resources_c2_main 000000018002e378     c2_main.obj
 0004:00000384       $pdata$sf_opaque_mdl_start_c2_main 000000018002e384     c2_main.obj
 0004:00000390       $pdata$sf_opaque_mdl_terminate_c2_main 000000018002e390     c2_main.obj
 0004:0000039c       $pdata$mdlProcessParameters_c2_main 000000018002e39c     c2_main.obj
 0004:000003a8       $pdata$sf_c2_main_get_post_codegen_info 000000018002e3a8     c2_main.obj
 0004:000003b4       $pdata$mdlSetWorkWidths_c2_main 000000018002e3b4     c2_main.obj
 0004:000003c0       $pdata$mdlRTW_c2_main      000000018002e3c0     c2_main.obj
 0004:000003cc       $pdata$mdlSetupRuntimeResources_c2_main 000000018002e3cc     c2_main.obj
 0004:000003d8       $pdata$mexFunction         000000018002e3d8     main_sfun_registry.obj
 0004:000003e4       $pdata$_ssSetInputPortDirectFeedThroughFcn 000000018002e3e4     main_sfun_registry.obj
 0004:000003f0       $pdata$_ssSetRWorkValueFcn 000000018002e3f0     main_sfun_registry.obj
 0004:000003fc       $pdata$_ssGetRWorkValueFcn 000000018002e3fc     main_sfun_registry.obj
 0004:00000408       $pdata$_ssSetIWorkValueFcn 000000018002e408     main_sfun_registry.obj
 0004:00000414       $pdata$_ssGetIWorkValueFcn 000000018002e414     main_sfun_registry.obj
 0004:00000420       $pdata$_ssSetPWorkValueFcn 000000018002e420     main_sfun_registry.obj
 0004:0000042c       $pdata$_ssGetPWorkValueFcn 000000018002e42c     main_sfun_registry.obj
 0004:00000438       $pdata$_ssGetInputPortSignalFcn 000000018002e438     main_sfun_registry.obj
 0004:00000444       $pdata$_ssGetInputPortBufferDstPortFcn 000000018002e444     main_sfun_registry.obj
 0004:00000450       $pdata$_ssGetInputPortSignalPtrsFcn 000000018002e450     main_sfun_registry.obj
 0004:0000045c       $pdata$ssGetParameterTuningCompliance 000000018002e45c     main_sfun_registry.obj
 0004:00000468       $pdata$ssGetDTypeIdFromMxArray 000000018002e468     main_sfun_registry.obj
 0004:00000474       $pdata$ssWriteRTWMx2dMatParam 000000018002e474     main_sfun_registry.obj
 0004:00000480       $pdata$ssWriteRTWMxVectParam 000000018002e480     main_sfun_registry.obj
 0004:0000048c       $pdata$ssWriteRTWParameters 000000018002e48c     main_sfun_registry.obj
 0004:00000498       $pdata$ssWriteRTWParamSettings 000000018002e498     main_sfun_registry.obj
 0004:000004a4       $pdata$ssWriteRTWStr       000000018002e4a4     main_sfun_registry.obj
 0004:000004b0       $pdata$ssWriteRTWWorkVect  000000018002e4b0     main_sfun_registry.obj
 0004:000004bc       $pdata$ssWarning           000000018002e4bc     main_sfun_registry.obj
 0004:000004c8       $pdata$ssWriteRTWNameValuePair 000000018002e4c8     main_sfun_registry.obj
 0004:000004d4       $pdata$_ssSetInputPortMatrixDimensions 000000018002e4d4     main_sfun_registry.obj
 0004:000004e0       $pdata$_ssSetOutputPortMatrixDimensions 000000018002e4e0     main_sfun_registry.obj
 0004:000004ec       $pdata$_ssSetInputPortVectorDimension 000000018002e4ec     main_sfun_registry.obj
 0004:000004f8       $pdata$_ssSetOutputPortVectorDimension 000000018002e4f8     main_sfun_registry.obj
 0004:00000504       $pdata$ssIsRunTimeParamTunable 000000018002e504     main_sfun_registry.obj
 0004:00000510       $pdata$ssGetSFuncBlockHandle 000000018002e510     main_sfun_registry.obj
 0004:0000051c       $pdata$_ssGetCurrentInputPortWidth 000000018002e51c     main_sfun_registry.obj
 0004:00000528       $pdata$_ssGetCurrentOutputPortWidth 000000018002e528     main_sfun_registry.obj
 0004:00000534       $pdata$_ssGetCallSystemNumFcnCallDestinations 000000018002e534     main_sfun_registry.obj
 0004:00000540       $pdata$ssGetIsZeroCrossControlDisabled 000000018002e540     main_sfun_registry.obj
 0004:0000054c       $pdata$ssSetIsInputPortUsedForContZcSignal 000000018002e54c     main_sfun_registry.obj
 0004:00000558       $pdata$ssSetZcSignalIsZcElementDisc 000000018002e558     main_sfun_registry.obj
 0004:00000564       $pdata$ssSetZcSignalName   000000018002e564     main_sfun_registry.obj
 0004:00000570       $pdata$ssSetZcSignalWidth  000000018002e570     main_sfun_registry.obj
 0004:0000057c       $pdata$ssSetZcSignalZcEventType 000000018002e57c     main_sfun_registry.obj
 0004:00000588       $pdata$ssSetZcSignalType   000000018002e588     main_sfun_registry.obj
 0004:00000594       $pdata$ssSetZcSignalZcTol  000000018002e594     main_sfun_registry.obj
 0004:000005a0       $pdata$ssSetZcSignalNeedsEventNotification 000000018002e5a0     main_sfun_registry.obj
 0004:000005ac       $pdata$ssCreateAndAddZcSignalInfo 000000018002e5ac     main_sfun_registry.obj
 0004:000005b8       $pdata$ssCloneAndAddZcSignalInfo 000000018002e5b8     main_sfun_registry.obj
 0004:000005c4       $pdata$ssGetNumZcSignals   000000018002e5c4     main_sfun_registry.obj
 0004:000005d0       $pdata$ssGetZcSignalVector 000000018002e5d0     main_sfun_registry.obj
 0004:000005dc       $pdata$ssGetZcSignalName   000000018002e5dc     main_sfun_registry.obj
 0004:000005e8       $pdata$ssGetZcSignalWidth  000000018002e5e8     main_sfun_registry.obj
 0004:000005f4       $pdata$ssGetZcSignalZcEventType 000000018002e5f4     main_sfun_registry.obj
 0004:00000600       $pdata$ssGetZcSignalZcEvents 000000018002e600     main_sfun_registry.obj
 0004:0000060c       $pdata$ssGetZcSignalType   000000018002e60c     main_sfun_registry.obj
 0004:00000618       $pdata$ssGetZcSignalZcTol  000000018002e618     main_sfun_registry.obj
 0004:00000624       $pdata$ssGetZcSignalNeedsEventNotification 000000018002e624     main_sfun_registry.obj
 0004:00000630       $pdata$ssGetZcSignalIsZcElementDisc 000000018002e630     main_sfun_registry.obj
 0004:0000063c       $pdata$ssGetIsInputPortElementContinuous 000000018002e63c     main_sfun_registry.obj
 0004:00000648       $pdata$_ssGetAbsTol        000000018002e648     main_sfun_registry.obj
 0004:00000654       $pdata$_ssSetInputPortReusableFcn 000000018002e654     main_sfun_registry.obj
 0004:00000660       $pdata$_ssSetOutputPortReusableFcn 000000018002e660     main_sfun_registry.obj
 0004:0000066c       $pdata$_ssSetSymbolicDimsSupport 000000018002e66c     main_sfun_registry.obj
 0004:00000678       $pdata$_ssRegisterSymbolicDimsExpr 000000018002e678     main_sfun_registry.obj
 0004:00000684       $pdata$_ssRegisterSymbolicDims 000000018002e684     main_sfun_registry.obj
 0004:00000690       $pdata$_ssRegisterSymbolicDimsString 000000018002e690     main_sfun_registry.obj
 0004:0000069c       $pdata$_ssRegisterSymbolicDimsIntValue 000000018002e69c     main_sfun_registry.obj
 0004:000006a8       $pdata$_ssRegisterSymbolicDimsPlus 000000018002e6a8     main_sfun_registry.obj
 0004:000006b4       $pdata$_ssRegisterSymbolicDimsMinus 000000018002e6b4     main_sfun_registry.obj
 0004:000006c0       $pdata$_ssRegisterSymbolicDimsMultiply 000000018002e6c0     main_sfun_registry.obj
 0004:000006cc       $pdata$_ssRegisterSymbolicDimsDivide 000000018002e6cc     main_sfun_registry.obj
 0004:000006d8       $pdata$_ssGetNumSymbolicDims 000000018002e6d8     main_sfun_registry.obj
 0004:000006e4       $pdata$_ssGetSymbolicDim   000000018002e6e4     main_sfun_registry.obj
 0004:000006f0       $pdata$_ssSetInputPortSymbolicDimsId 000000018002e6f0     main_sfun_registry.obj
 0004:000006fc       $pdata$_ssGetCompInputPortSymbolicDimsId 000000018002e6fc     main_sfun_registry.obj
 0004:00000708       $pdata$_ssSetCompInputPortSymbolicDimsId 000000018002e708     main_sfun_registry.obj
 0004:00000714       $pdata$_ssSetOutputPortSymbolicDimsId 000000018002e714     main_sfun_registry.obj
 0004:00000720       $pdata$_ssGetCompOutputPortSymbolicDimsId 000000018002e720     main_sfun_registry.obj
 0004:0000072c       $pdata$_ssSetCompOutputPortSymbolicDimsId 000000018002e72c     main_sfun_registry.obj
 0004:00000738       $pdata$_ssSetCompDWorkSymbolicDimsId 000000018002e738     main_sfun_registry.obj
 0004:00000744       $pdata$sf_process_check_sum_call 000000018002e744     main_sfun_registry.obj
 0004:00000750       $pdata$sf_process_get_third_party_uses_info_call 000000018002e750     main_sfun_registry.obj
 0004:0000075c       $pdata$sf_process_get_jit_fallback_info_call 000000018002e75c     main_sfun_registry.obj
 0004:00000768       $pdata$sf_process_get_post_codegen_info_call 000000018002e768     main_sfun_registry.obj
 0004:00000774       $pdata$sf_process_get_updateBuildInfo_args_info_call 000000018002e774     main_sfun_registry.obj
 0004:00000780       $pdata$sf_process_get_eml_resolved_functions_info_call 000000018002e780     main_sfun_registry.obj
 0004:0000078c       $pdata$sf_mex_unlock_call  000000018002e78c     main_sfun_registry.obj
 0004:00000798       $pdata$ProcessMexSfunctionCmdLineCall 000000018002e798     main_sfun_registry.obj
 0004:000007a4       $pdata$sf_machine_global_initializer_called 000000018002e7a4     main_sfun_registry.obj
 0004:000007b0       $pdata$sf_machine_global_method_dispatcher 000000018002e7b0     main_sfun_registry.obj
 0004:000007bc       $pdata$sf_machine_global_terminator 000000018002e7bc     main_sfun_registry.obj
 0004:000007c8       $pdata$sf_register_machine_exported_symbols 000000018002e7c8     main_sfun_registry.obj
 0004:000007d4       $pdata$sf_machine_global_initializer 000000018002e7d4     main_sfun_registry.obj
 0004:000007e0       $pdata$mdlGetSimState      000000018002e7e0     main_sfun_registry.obj
 0004:000007ec       $pdata$mdlSetSimState      000000018002e7ec     main_sfun_registry.obj
 0004:000007f8       $pdata$mdlSetWorkWidths    000000018002e7f8     main_sfun_registry.obj
 0004:00000804       $pdata$mdlProcessParameters 000000018002e804     main_sfun_registry.obj
 0004:00000810       $pdata$mdl_setup_runtime_resources_processing 000000018002e810     main_sfun_registry.obj
 0004:0000081c       $pdata$mdlSetupRuntimeResources 000000018002e81c     main_sfun_registry.obj
 0004:00000828       $pdata$mdl_cleanup_runtime_resources_processing 000000018002e828     main_sfun_registry.obj
 0004:00000834       $pdata$mdlCleanupRuntimeResources 000000018002e834     main_sfun_registry.obj
 0004:00000840       $pdata$mdl_start_processing 000000018002e840     main_sfun_registry.obj
 0004:0000084c       $pdata$mdlStart            000000018002e84c     main_sfun_registry.obj
 0004:00000858       $pdata$mdl_terminate_processing 000000018002e858     main_sfun_registry.obj
 0004:00000864       $pdata$mdlTerminate        000000018002e864     main_sfun_registry.obj
 0004:00000870       $pdata$mdlInitializeSizes  000000018002e870     main_sfun_registry.obj
 0004:0000087c       $pdata$mdlInitializeSampleTimes 000000018002e87c     main_sfun_registry.obj
 0004:00000888       $pdata$mdl_outputs_continuous_legacy 000000018002e888     main_sfun_registry.obj
 0004:00000894       $pdata$mdl_outputs_processing 000000018002e894     main_sfun_registry.obj
 0004:000008a0       $pdata$mdl_zeroCrossings_processing 000000018002e8a0     main_sfun_registry.obj
 0004:000008ac       $pdata$mdlZeroCrossings    000000018002e8ac     main_sfun_registry.obj
 0004:000008b8       $pdata$mdl_derivatives_processing 000000018002e8b8     main_sfun_registry.obj
 0004:000008c4       $pdata$mdlDerivatives      000000018002e8c4     main_sfun_registry.obj
 0004:000008d0       $pdata$mdl_initialize_conditions_processing 000000018002e8d0     main_sfun_registry.obj
 0004:000008dc       $pdata$mdlInitializeConditions 000000018002e8dc     main_sfun_registry.obj
 0004:000008e8       $pdata$mdl_ext_mode_exec_processing 000000018002e8e8     main_sfun_registry.obj
 0004:000008f4       $pdata$mdlExtModeExec      000000018002e8f4     main_sfun_registry.obj
 0004:00000900       $pdata$mdlRTW              000000018002e900     main_sfun_registry.obj
 0004:0000090c       $pdata$mdl_enable_processing 000000018002e90c     main_sfun_registry.obj
 0004:00000918       $pdata$mdlEnable           000000018002e918     main_sfun_registry.obj
 0004:00000924       $pdata$mdl_disable_processing 000000018002e924     main_sfun_registry.obj
 0004:00000930       $pdata$mdlDisable          000000018002e930     main_sfun_registry.obj
 0004:0000093c       $pdata$mdlOutputs          000000018002e93c     main_sfun_registry.obj
 0004:00000948       $pdata$mdl_update_processing 000000018002e948     main_sfun_registry.obj
 0004:00000954       $pdata$mdlUpdate           000000018002e954     main_sfun_registry.obj
 0004:00000960       $pdata$ProcessMexSfunctionEveryCall 000000018002e960     main_sfun_registry.obj
 0004:0000096c       $pdata$_RegNumInputPortsCB 000000018002e96c     main_sfun_registry.obj
 0004:00000978       $pdata$_RegNumOutputPortsCB 000000018002e978     main_sfun_registry.obj
 0004:00000984       $pdata$_CreateSimStruct    000000018002e984     main_sfun_registry.obj
 0004:00000990       $pdata$_ProcessMexSfunctionCmdLineCall 000000018002e990     main_sfun_registry.obj
 0004:0000099c       $pdata$ReportIndexOutOfBoundsError 000000018002e99c     main_sfun_registry.obj
 0004:000009a8       $pdata$_vsnprintf_l        000000018002e9a8     main_sfun_registry.obj
 0004:000009b4       $pdata$_vsprintf_l         000000018002e9b4     main_sfun_registry.obj
 0004:000009c0       $pdata$sprintf             000000018002e9c0     main_sfun_registry.obj
 0004:000009cc       $pdata$getBitfieldFromFloat 000000018002e9cc     half_type.obj
 0004:000009d8       $pdata$getFloatFromBitfield 000000018002e9d8     half_type.obj
 0004:000009e4       $pdata$getHalfFromBitfield 000000018002e9e4     half_type.obj
 0004:000009f0       $pdata$halfToFloat         000000018002e9f0     half_type.obj
 0004:000009fc       $pdata$halfToDouble        000000018002e9fc     half_type.obj
 0004:00000a08       $pdata$floatToHalf         000000018002ea08     half_type.obj
 0004:00000a14       $pdata$doubleToHalf        000000018002ea14     half_type.obj
 0004:00000a20       $pdata$__raise_securityfailure 000000018002ea20     MSVCRT:gs_report.obj
 0004:00000a2c       $pdata$__report_gsfailure  000000018002ea2c     MSVCRT:gs_report.obj
 0004:00000a38       $pdata$__report_rangecheckfailure 000000018002ea38     MSVCRT:gs_report.obj
 0004:00000a44       $pdata$__report_securityfailure 000000018002ea44     MSVCRT:gs_report.obj
 0004:00000a50       $pdata$__report_securityfailureEx 000000018002ea50     MSVCRT:gs_report.obj
 0004:00000a5c       $pdata$capture_current_context 000000018002ea5c     MSVCRT:gs_report.obj
 0004:00000a68       $pdata$capture_previous_context 000000018002ea68     MSVCRT:gs_report.obj
 0004:00000a74       $pdata$__GSHandlerCheck    000000018002ea74     MSVCRT:gshandler.obj
 0004:00000a80       $pdata$__GSHandlerCheckCommon 000000018002ea80     MSVCRT:gshandler.obj
 0004:00000aa4       $pdata$?dllmain_crt_dispatch@@YAHQEAUHINSTANCE__@@KQEAX@Z 000000018002eaa4     MSVCRT:dll_dllmain.obj
 0004:00000ab0       $pdata$?dllmain_crt_process_attach@@YAHQEAUHINSTANCE__@@QEAX@Z 000000018002eab0     MSVCRT:dll_dllmain.obj
 0004:00000abc       $pdata$?dllmain_crt_process_detach@@YAH_N@Z 000000018002eabc     MSVCRT:dll_dllmain.obj
 0004:00000ac8       $pdata$?dllmain_dispatch@@YAHQEAUHINSTANCE__@@KQEAX@Z 000000018002eac8     MSVCRT:dll_dllmain.obj
 0004:00000ad4       $pdata$_DllMainCRTStartup  000000018002ead4     MSVCRT:dll_dllmain.obj
 0004:00000ae0       $pdata$__get_entropy       000000018002eae0     MSVCRT:gs_support.obj
 0004:00000aec       $pdata$__security_init_cookie 000000018002eaec     MSVCRT:gs_support.obj
 0004:00000af8       $pdata$DllMain             000000018002eaf8     MSVCRT:dll_dllmain_stub.obj
 0004:00000b04       $pdata$__scrt_initialize_default_local_stdio_options 000000018002eb04     MSVCRT:default_local_stdio_options.obj
 0004:00000b10       $pdata$?configure_argv@__scrt_narrow_argv_policy@@SAHXZ 000000018002eb10     MSVCRT:utility.obj
 0004:00000b1c       $pdata$__scrt_acquire_startup_lock 000000018002eb1c     MSVCRT:utility.obj
 0004:00000b28       $pdata$__scrt_dllmain_after_initialize_c 000000018002eb28     MSVCRT:utility.obj
 0004:00000b34       $pdata$__scrt_dllmain_before_initialize_c 000000018002eb34     MSVCRT:utility.obj
 0004:00000b40       $pdata$__scrt_dllmain_crt_thread_attach 000000018002eb40     MSVCRT:utility.obj
 0004:00000b4c       $pdata$__scrt_dllmain_crt_thread_detach 000000018002eb4c     MSVCRT:utility.obj
 0004:00000b58       $pdata$__scrt_dllmain_exception_filter 000000018002eb58     MSVCRT:utility.obj
 0004:00000b64       $pdata$__scrt_dllmain_uninitialize_c 000000018002eb64     MSVCRT:utility.obj
 0004:00000b70       $pdata$__scrt_dllmain_uninitialize_critical 000000018002eb70     MSVCRT:utility.obj
 0004:00000b7c       $pdata$__scrt_initialize_crt 000000018002eb7c     MSVCRT:utility.obj
 0004:00000b88       $pdata$__scrt_initialize_onexit_tables 000000018002eb88     MSVCRT:utility.obj
 0004:00000b94       $pdata$__scrt_is_nonwritable_in_current_image 000000018002eb94     MSVCRT:utility.obj
 0004:00000ba0       $pdata$__scrt_release_startup_lock 000000018002eba0     MSVCRT:utility.obj
 0004:00000bac       $pdata$__scrt_uninitialize_crt 000000018002ebac     MSVCRT:utility.obj
 0004:00000bb8       $pdata$_onexit             000000018002ebb8     MSVCRT:utility.obj
 0004:00000bc4       $pdata$atexit              000000018002ebc4     MSVCRT:utility.obj
 0004:00000bd0       $pdata$__scrt_fastfail     000000018002ebd0     MSVCRT:utility_desktop.obj
 0004:00000bdc       $pdata$__scrt_get_show_window_mode 000000018002ebdc     MSVCRT:utility_desktop.obj
 0004:00000be8       $pdata$__scrt_is_managed_app 000000018002ebe8     MSVCRT:utility_desktop.obj
 0004:00000bf4       $pdata$__scrt_unhandled_exception_filter 000000018002ebf4     MSVCRT:utility_desktop.obj
 0004:00000c00       $pdata$_RTC_Initialize     000000018002ec00     MSVCRT:initsect.obj
 0004:00000c0c       $pdata$_RTC_Terminate      000000018002ec0c     MSVCRT:initsect.obj
 0004:00000c18       $pdata$__isa_available_init 000000018002ec18     MSVCRT:cpu_disp.obj
 0004:00000c30       $pdata$?fin$0@?0??dllmain_crt_process_attach@@YAHQEAUHINSTANCE__@@QEAX@Z@4HA 000000018002ec30     MSVCRT:dll_dllmain.obj
 0004:00000c3c       $pdata$?fin$0@?0??dllmain_crt_process_detach@@YAH_N@Z@4HA 000000018002ec3c     MSVCRT:dll_dllmain.obj
 0004:00000c48       $pdata$?filt$0@?0??dllmain_dispatch@@YAHQEAUHINSTANCE__@@KQEAX@Z@4HA 000000018002ec48     MSVCRT:dll_dllmain.obj
 0004:00000c54       $pdata$__scrt_is_nonwritable_in_current_image$filt$0 000000018002ec54     MSVCRT:utility.obj
